MPLINK 5.08, LINKER
Linker Map File - Created Wed Mar  1 12:21:20 2017

                                 Section Info
                  Section       Type    Address   Location Size(Bytes)
                ---------  ---------  ---------  ---------  ---------
                    V_RST       code   0x000000    program   0x000006
                   .cinit    romdata   0x000006    program   0x000002
                  V_INT_H       code   0x000008    program   0x000006
       QUIZSHOW_CODE_INIT       code   0x00000e    program   0x000008
                  V_INT_L       code   0x000018    program   0x000006
          LUMOS_CODE_INIT       code   0x00001e    program   0x000098
                    _BOOT       code   0x000100    program   0x000240
                    _MAIN       code   0x000800    program   0x001eee
         _EEPROM_DEFS_TBL       code   0x014000    program   0x000010
                   .org_0       code   0x015000    program   0x0000be
           _QUIZSHOW_CODE       code   0x0150be    program   0x001ac0
                _SIO_CODE       code   0x016b7e    program   0x0002bc
                     _INT       code   0x016e3a    program   0x000074
                  __SYS__       code   0x016ff0    program   0x000002
.config_300001_BUILD/DEFAULT/PRODUCTION/_EXT/14    romdata   0x300001    program   0x000001
.config_300002_BUILD/DEFAULT/PRODUCTION/_EXT/14    romdata   0x300002    program   0x000001
.config_300003_BUILD/DEFAULT/PRODUCTION/_EXT/14    romdata   0x300003    program   0x000001
.config_300005_BUILD/DEFAULT/PRODUCTION/_EXT/14    romdata   0x300005    program   0x000001
.config_300006_BUILD/DEFAULT/PRODUCTION/_EXT/14    romdata   0x300006    program   0x000001
.config_300008_BUILD/DEFAULT/PRODUCTION/_EXT/14    romdata   0x300008    program   0x000001
.config_300009_BUILD/DEFAULT/PRODUCTION/_EXT/14    romdata   0x300009    program   0x000001
.config_30000A_BUILD/DEFAULT/PRODUCTION/_EXT/14    romdata   0x30000a    program   0x000001
.config_30000B_BUILD/DEFAULT/PRODUCTION/_EXT/14    romdata   0x30000b    program   0x000001
.config_30000C_BUILD/DEFAULT/PRODUCTION/_EXT/14    romdata   0x30000c    program   0x000001
.config_30000D_BUILD/DEFAULT/PRODUCTION/_EXT/14    romdata   0x30000d    program   0x000001
                  _EEPROM       code   0xf00000    program   0x000010
                   _ADATA      udata   0x000000       data   0x000027
          _SIO_TXBUF_DATA      udata   0x000100       data   0x000100
          _SIO_RXBUF_DATA      udata   0x000200       data   0x000100
            _SIO_VAR_DATA      udata   0x000300       data   0x00001b
                _SSR_DATA      udata   0x000400       data   0x000064
                _MAINDATA      udata   0x000500       data   0x0000c8
           _QUIZSHOW_DATA      udata   0x000c00       data   0x000047



                              Program Memory Usage 
                               Start         End      
                           ---------   ---------      
                            0x000000    0x000015      
                            0x000018    0x0000b5      
                            0x000100    0x00033f      
                            0x000800    0x0026ed      
                            0x014000    0x01400f      
                            0x015000    0x016ead      
                            0x016ff0    0x016ff1      
                            0x300001    0x300003      
                            0x300005    0x300006      
                            0x300008    0x30000d      
                            0xf00000    0xf0000f      
            16573 out of 99352 program addresses used, program memory utilization is 16%



                              Symbols - Sorted by Name
                     Name    Address   Location    Storage File                     
                ---------  ---------  ---------  --------- ---------                
           B32__B2BCD_BIT   0x016d2c    program     static ../serial-io.asm         
          B32__B2BCD_LOOP   0x016d36    program     static ../serial-io.asm         
           B32__BCD2ASCII   0x016d6c    program     extern ../serial-io.asm         
          B32__BCD2A_LOOP   0x016d8c    program     static ../serial-io.asm         
             B32__BIN2BCD   0x016d12    program     extern ../serial-io.asm         
                BAD_BREAK   0x000812    program     static ../lumos_main.asm        
                 BAUDTBLH   0x01502a    program     static ../serial-io.asm         
                 BAUDTBLL   0x015074    program     static ../serial-io.asm         
             BE_AWAKE_NOW   0x0026c2    program     static ../lumos_main.asm        
              CLR_NEXT_RX   0x016ba2    program     static ../serial-io.asm         
              CLR_NEXT_TX   0x016b94    program     static ../serial-io.asm         
                CMD_XPRIV   0x001434    program     static ../lumos_main.asm        
                DATA_BYTE   0x000a26    program     static ../lumos_main.asm        
                DB_CHK_7E   0x000a3c    program     static ../lumos_main.asm        
                DB_CHK_7F   0x000a48    program     static ../lumos_main.asm        
           DB_CHK_LITERAL   0x000a34    program     static ../lumos_main.asm        
               DB_HANDLER   0x000a54    program     static ../lumos_main.asm        
              DEFAULT_TBL   0x014000    program     static ../lumos_main.asm        
           DELAY_1_12_SEC   0x000320    program     static ../lumos_main.asm        
            DELAY_1_6_SEC   0x000328    program     static ../lumos_main.asm        
             DO_CMD_SLEEP   0x000d7e    program     static ../lumos_main.asm        
              DO_CMD_WAKE   0x000da8    program     static ../lumos_main.asm        
             DO_TEST_MODE   0x00085c    program     static ../lumos_main.asm        
    DRAIN_M_S_TX_BLOCKING   0x000854    program     static ../lumos_main.asm        
        DRAIN_TRANSMITTER   0x00083c    program     static ../lumos_main.asm        
                  D_1_6_J   0x000330    program     static ../lumos_main.asm        
                  D_1_6_K   0x000332    program     static ../lumos_main.asm        
                 D_1_6_KK   0x00032e    program     static ../lumos_main.asm        
                  D_FLASH   0x000102    program     static ../lumos_main.asm        
               ECHO_7BITS   0x016c26    program     static ../serial-io.asm         
          ECHO_NOT_DELETE   0x016c38    program     static ../serial-io.asm         
          ECHO_NOT_ESCAPE   0x016c44    program     static ../serial-io.asm         
               ECHO_PLAIN   0x016c54    program     static ../serial-io.asm         
               END_FADE_0   0x00212c    program     static ../lumos_main.asm        
               END_FADE_1   0x002176    program     static ../lumos_main.asm        
              END_FADE_10   0x002410    program     static ../lumos_main.asm        
              END_FADE_11   0x00245a    program     static ../lumos_main.asm        
              END_FADE_12   0x0024a4    program     static ../lumos_main.asm        
              END_FADE_13   0x0024ee    program     static ../lumos_main.asm        
              END_FADE_14   0x002538    program     static ../lumos_main.asm        
              END_FADE_15   0x002582    program     static ../lumos_main.asm        
              END_FADE_16   0x0025cc    program     static ../lumos_main.asm        
              END_FADE_17   0x002616    program     static ../lumos_main.asm        
              END_FADE_18   0x002660    program     static ../lumos_main.asm        
              END_FADE_19   0x0026aa    program     static ../lumos_main.asm        
               END_FADE_2   0x0021c0    program     static ../lumos_main.asm        
               END_FADE_3   0x00220a    program     static ../lumos_main.asm        
               END_FADE_4   0x002254    program     static ../lumos_main.asm        
               END_FADE_5   0x00229e    program     static ../lumos_main.asm        
               END_FADE_6   0x0022e8    program     static ../lumos_main.asm        
               END_FADE_7   0x002332    program     static ../lumos_main.asm        
               END_FADE_8   0x00237c    program     static ../lumos_main.asm        
               END_FADE_9   0x0023c6    program     static ../lumos_main.asm        
                 END_FRJC   0x0002bc    program     static ../lumos_main.asm        
          END_SERIAL_READ   0x000832    program     static ../lumos_main.asm        
                ERR_ABORT   0x0008ca    program     static ../lumos_main.asm        
       ERR_CMD_INCOMPLETE   0x0008b6    program     static ../lumos_main.asm        
              ERR_COMMAND   0x0008c6    program     static ../lumos_main.asm        
              ERR_FRAMING   0x016e2a    program     static ../serial-io.asm         
              ERR_NOT_IMP   0x0008be    program     static ../lumos_main.asm        
              ERR_OVERRUN   0x016e30    program     static ../serial-io.asm         
       ERR_SERIAL_FRAMING   0x0008a2    program     static ../lumos_main.asm        
          ERR_SERIAL_FULL   0x0008ae    program     static ../lumos_main.asm        
       ERR_SERIAL_OVERRUN   0x0008a8    program     static ../lumos_main.asm        
            FACTORY_RESET   0x0002c6    program     static ../lumos_main.asm        
      FACTORY_RESET_FLASH   0x00031e    program     static ../lumos_main.asm        
FACTORY_RESET_JUMPER_CHECK   0x00027c    program     static ../lumos_main.asm        
       FACTORY_RESET_LOOP   0x0002ea    program     static ../lumos_main.asm        
                FRJC_LOOP   0x0002aa    program     static ../lumos_main.asm        
                  GC_SPIN   0x016ce6    program     static ../serial-io.asm         
                HALT_MODE   0x0026ce    program     static ../lumos_main.asm        
               HALT_SLEEP   0x0026dc    program     static ../lumos_main.asm        
                   HEXTBL   0x015000    program     static ../serial-io.asm         
             INTERP_START   0x0008e8    program     static ../lumos_main.asm        
                 INT_HIGH   0x016e64    program     static ../lumos_main.asm        
                  INT_LOW   0x016e3a    program     static ../lumos_main.asm        
                   INT_RX   0x016e4e    program     static ../lumos_main.asm        
               INT_RX_END   0x016e58    program     static ../lumos_main.asm        
                 INT_TMR2   0x016e80    program     static ../lumos_main.asm        
            INT_TMR2_DONE   0x016e9a    program     static ../lumos_main.asm        
             INT_TMR2_END   0x016e9c    program     static ../lumos_main.asm        
             INT_TMR2_MSB   0x016ea8    program     static ../lumos_main.asm        
            INT_TMR2_NEXT   0x016e96    program     static ../lumos_main.asm        
                   INT_TX   0x016e44    program     static ../lumos_main.asm        
               INT_TX_END   0x016e4e    program     static ../lumos_main.asm        
                   INT_ZC   0x016e64    program     static ../lumos_main.asm        
               INT_ZC_END   0x016e80    program     static ../lumos_main.asm        
               LLIM_END_0   0x015266    program     static ../quizshow_main.asm     
               LLIM_END_1   0x015352    program     static ../quizshow_main.asm     
              LLIM_END_10   0x015928    program     static ../quizshow_main.asm     
              LLIM_END_11   0x015996    program     static ../quizshow_main.asm     
              LLIM_END_12   0x015a66    program     static ../quizshow_main.asm     
              LLIM_END_13   0x015b52    program     static ../quizshow_main.asm     
              LLIM_END_14   0x015c14    program     static ../quizshow_main.asm     
              LLIM_END_15   0x015c90    program     static ../quizshow_main.asm     
              LLIM_END_16   0x015d28    program     static ../quizshow_main.asm     
              LLIM_END_17   0x015d96    program     static ../quizshow_main.asm     
              LLIM_END_18   0x015e66    program     static ../quizshow_main.asm     
              LLIM_END_19   0x015f52    program     static ../quizshow_main.asm     
               LLIM_END_2   0x015414    program     static ../quizshow_main.asm     
              LLIM_END_20   0x016014    program     static ../quizshow_main.asm     
              LLIM_END_21   0x016090    program     static ../quizshow_main.asm     
              LLIM_END_22   0x016128    program     static ../quizshow_main.asm     
              LLIM_END_23   0x016196    program     static ../quizshow_main.asm     
              LLIM_END_24   0x016266    program     static ../quizshow_main.asm     
              LLIM_END_25   0x016352    program     static ../quizshow_main.asm     
              LLIM_END_26   0x016414    program     static ../quizshow_main.asm     
              LLIM_END_27   0x016490    program     static ../quizshow_main.asm     
              LLIM_END_28   0x016528    program     static ../quizshow_main.asm     
              LLIM_END_29   0x016596    program     static ../quizshow_main.asm     
               LLIM_END_3   0x015490    program     static ../quizshow_main.asm     
              LLIM_END_30   0x0166ce    program     static ../quizshow_main.asm     
              LLIM_END_31   0x01672c    program     static ../quizshow_main.asm     
              LLIM_END_32   0x0167de    program     static ../quizshow_main.asm     
              LLIM_END_33   0x01683c    program     static ../quizshow_main.asm     
              LLIM_END_34   0x0168ee    program     static ../quizshow_main.asm     
              LLIM_END_35   0x01694c    program     static ../quizshow_main.asm     
              LLIM_END_36   0x0169fe    program     static ../quizshow_main.asm     
              LLIM_END_37   0x016a5c    program     static ../quizshow_main.asm     
              LLIM_END_38   0x016b0e    program     static ../quizshow_main.asm     
              LLIM_END_39   0x016b6c    program     static ../quizshow_main.asm     
               LLIM_END_4   0x015528    program     static ../quizshow_main.asm     
               LLIM_END_5   0x015596    program     static ../quizshow_main.asm     
               LLIM_END_6   0x015666    program     static ../quizshow_main.asm     
               LLIM_END_7   0x015752    program     static ../quizshow_main.asm     
               LLIM_END_8   0x015814    program     static ../quizshow_main.asm     
               LLIM_END_9   0x015890    program     static ../quizshow_main.asm     
        LLIM_NOT_LOCKED_0   0x015202    program     static ../quizshow_main.asm     
        LLIM_NOT_LOCKED_1   0x0152ee    program     static ../quizshow_main.asm     
       LLIM_NOT_LOCKED_10   0x0158fc    program     static ../quizshow_main.asm     
       LLIM_NOT_LOCKED_11   0x01596a    program     static ../quizshow_main.asm     
       LLIM_NOT_LOCKED_12   0x015a02    program     static ../quizshow_main.asm     
       LLIM_NOT_LOCKED_13   0x015aee    program     static ../quizshow_main.asm     
       LLIM_NOT_LOCKED_14   0x015bb0    program     static ../quizshow_main.asm     
       LLIM_NOT_LOCKED_15   0x015c64    program     static ../quizshow_main.asm     
       LLIM_NOT_LOCKED_16   0x015cfc    program     static ../quizshow_main.asm     
       LLIM_NOT_LOCKED_17   0x015d6a    program     static ../quizshow_main.asm     
       LLIM_NOT_LOCKED_18   0x015e02    program     static ../quizshow_main.asm     
       LLIM_NOT_LOCKED_19   0x015eee    program     static ../quizshow_main.asm     
        LLIM_NOT_LOCKED_2   0x0153b0    program     static ../quizshow_main.asm     
       LLIM_NOT_LOCKED_20   0x015fb0    program     static ../quizshow_main.asm     
       LLIM_NOT_LOCKED_21   0x016064    program     static ../quizshow_main.asm     
       LLIM_NOT_LOCKED_22   0x0160fc    program     static ../quizshow_main.asm     
       LLIM_NOT_LOCKED_23   0x01616a    program     static ../quizshow_main.asm     
       LLIM_NOT_LOCKED_24   0x016202    program     static ../quizshow_main.asm     
       LLIM_NOT_LOCKED_25   0x0162ee    program     static ../quizshow_main.asm     
       LLIM_NOT_LOCKED_26   0x0163b0    program     static ../quizshow_main.asm     
       LLIM_NOT_LOCKED_27   0x016464    program     static ../quizshow_main.asm     
       LLIM_NOT_LOCKED_28   0x0164fc    program     static ../quizshow_main.asm     
       LLIM_NOT_LOCKED_29   0x01656a    program     static ../quizshow_main.asm     
        LLIM_NOT_LOCKED_3   0x015464    program     static ../quizshow_main.asm     
       LLIM_NOT_LOCKED_30   0x01666a    program     static ../quizshow_main.asm     
       LLIM_NOT_LOCKED_31   0x016700    program     static ../quizshow_main.asm     
       LLIM_NOT_LOCKED_32   0x01677a    program     static ../quizshow_main.asm     
       LLIM_NOT_LOCKED_33   0x016810    program     static ../quizshow_main.asm     
       LLIM_NOT_LOCKED_34   0x01688a    program     static ../quizshow_main.asm     
       LLIM_NOT_LOCKED_35   0x016920    program     static ../quizshow_main.asm     
       LLIM_NOT_LOCKED_36   0x01699a    program     static ../quizshow_main.asm     
       LLIM_NOT_LOCKED_37   0x016a30    program     static ../quizshow_main.asm     
       LLIM_NOT_LOCKED_38   0x016aaa    program     static ../quizshow_main.asm     
       LLIM_NOT_LOCKED_39   0x016b40    program     static ../quizshow_main.asm     
        LLIM_NOT_LOCKED_4   0x0154fc    program     static ../quizshow_main.asm     
        LLIM_NOT_LOCKED_5   0x01556a    program     static ../quizshow_main.asm     
        LLIM_NOT_LOCKED_6   0x015602    program     static ../quizshow_main.asm     
        LLIM_NOT_LOCKED_7   0x0156ee    program     static ../quizshow_main.asm     
        LLIM_NOT_LOCKED_8   0x0157b0    program     static ../quizshow_main.asm     
        LLIM_NOT_LOCKED_9   0x015864    program     static ../quizshow_main.asm     
               LLIM_OFF_0   0x01523c    program     static ../quizshow_main.asm     
               LLIM_OFF_1   0x015328    program     static ../quizshow_main.asm     
              LLIM_OFF_10   0x01591a    program     static ../quizshow_main.asm     
              LLIM_OFF_11   0x015988    program     static ../quizshow_main.asm     
              LLIM_OFF_12   0x015a3c    program     static ../quizshow_main.asm     
              LLIM_OFF_13   0x015b28    program     static ../quizshow_main.asm     
              LLIM_OFF_14   0x015bea    program     static ../quizshow_main.asm     
              LLIM_OFF_15   0x015c82    program     static ../quizshow_main.asm     
              LLIM_OFF_16   0x015d1a    program     static ../quizshow_main.asm     
              LLIM_OFF_17   0x015d88    program     static ../quizshow_main.asm     
              LLIM_OFF_18   0x015e3c    program     static ../quizshow_main.asm     
              LLIM_OFF_19   0x015f28    program     static ../quizshow_main.asm     
               LLIM_OFF_2   0x0153ea    program     static ../quizshow_main.asm     
              LLIM_OFF_20   0x015fea    program     static ../quizshow_main.asm     
              LLIM_OFF_21   0x016082    program     static ../quizshow_main.asm     
              LLIM_OFF_22   0x01611a    program     static ../quizshow_main.asm     
              LLIM_OFF_23   0x016188    program     static ../quizshow_main.asm     
              LLIM_OFF_24   0x01623c    program     static ../quizshow_main.asm     
              LLIM_OFF_25   0x016328    program     static ../quizshow_main.asm     
              LLIM_OFF_26   0x0163ea    program     static ../quizshow_main.asm     
              LLIM_OFF_27   0x016482    program     static ../quizshow_main.asm     
              LLIM_OFF_28   0x01651a    program     static ../quizshow_main.asm     
              LLIM_OFF_29   0x016588    program     static ../quizshow_main.asm     
               LLIM_OFF_3   0x015482    program     static ../quizshow_main.asm     
              LLIM_OFF_30   0x0166a4    program     static ../quizshow_main.asm     
              LLIM_OFF_31   0x01671e    program     static ../quizshow_main.asm     
              LLIM_OFF_32   0x0167b4    program     static ../quizshow_main.asm     
              LLIM_OFF_33   0x01682e    program     static ../quizshow_main.asm     
              LLIM_OFF_34   0x0168c4    program     static ../quizshow_main.asm     
              LLIM_OFF_35   0x01693e    program     static ../quizshow_main.asm     
              LLIM_OFF_36   0x0169d4    program     static ../quizshow_main.asm     
              LLIM_OFF_37   0x016a4e    program     static ../quizshow_main.asm     
              LLIM_OFF_38   0x016ae4    program     static ../quizshow_main.asm     
              LLIM_OFF_39   0x016b5e    program     static ../quizshow_main.asm     
               LLIM_OFF_4   0x01551a    program     static ../quizshow_main.asm     
               LLIM_OFF_5   0x015588    program     static ../quizshow_main.asm     
               LLIM_OFF_6   0x01563c    program     static ../quizshow_main.asm     
               LLIM_OFF_7   0x015728    program     static ../quizshow_main.asm     
               LLIM_OFF_8   0x0157ea    program     static ../quizshow_main.asm     
               LLIM_OFF_9   0x015882    program     static ../quizshow_main.asm     
               LUMOS_INIT   0x00001e    program     extern ../lumos_init.asm        
                     MAIN   0x000800    program     static ../lumos_main.asm        
                  NOT_DMX   0x00080e    program     static ../lumos_main.asm        
                ON_OFF_ON   0x000a7c    program     static ../lumos_main.asm        
           ON_OFF_YY_DATA   0x000a62    program     static ../lumos_main.asm        
         PASS_DOWN_ON_OFF   0x000a82    program     static ../lumos_main.asm        
        PASS_DOWN_SET_LVL   0x000ab2    program     static ../lumos_main.asm        
          QSCC_CMD5_START   0x01659c    program     extern ../quizshow_main.asm     
               QSCC_G_C_1   0x0008ec    program     static ../qscc_hook_global_commands.asm
               QSCC_G_C_2   0x0008f8    program     static ../qscc_hook_global_commands.asm
                QSCC_INIT   0x00000e    program     extern ../quizshow_init.asm     
             QSCC_INT_END   0x016ea6    program     static ../qscc_hook_isr.asm     
            QSCC_INT_TMR1   0x016e9c    program     static ../qscc_hook_isr.asm     
                QSCC_MAIN   0x01518c    program     extern ../quizshow_main.asm     
            QSCC_SENS_END   0x015176    program     static ../quizshow_main.asm     
               QSCC_START   0x0150be    program     extern ../quizshow_main.asm     
            QS_QUERY_DONE   0x001f84    program     static ../qscc_hook_s17.asm     
            QS_QUERY_PING   0x001f78    program     static ../qscc_hook_s17.asm     
          QS_STOP_SCANNER   0x016b70    program     extern ../quizshow_main.asm     
                READ_DONE   0x016cda    program     static ../serial-io.asm         
                  READ_OK   0x016cc2    program     static ../serial-io.asm         
          RECEIVE_COMMAND   0x0008ce    program     static ../lumos_main.asm        
                    RX_OK   0x016e06    program     static ../serial-io.asm         
                  S0_CMD0   0x00090e    program     extern ../lumos_main.asm        
                  S0_CMD1   0x0009da    program     static ../lumos_main.asm        
                  S0_CMD2   0x0009e6    program     static ../lumos_main.asm        
                  S0_CMD3   0x0009f0    program     static ../lumos_main.asm        
                  S0_CMD4   0x0009fa    program     static ../lumos_main.asm        
                  S0_CMD5   0x000a04    program     static ../lumos_main.asm        
                  S0_CMD6   0x000a0c    program     static ../lumos_main.asm        
                  S0_CMD7   0x000a14    program     static ../lumos_main.asm        
               S0_CMD_ERR   0x000a1e    program     static ../lumos_main.asm        
                 S10_DATA   0x00149e    program     static ../lumos_main.asm        
                 S11_DATA   0x0014aa    program     static ../lumos_main.asm        
                 S12_DATA   0x0014b6    program     static ../lumos_main.asm        
                 S13_DATA   0x0014c2    program     static ../lumos_main.asm        
                 S14_DATA   0x0014ce    program     static ../lumos_main.asm        
                 S15_DATA   0x0014ea    program     static ../lumos_main.asm        
                 S16_DATA   0x0014f2    program     static ../lumos_main.asm        
                 S17_DATA   0x0014fa    program     static ../lumos_main.asm        
             S17_DATA_NIL   0x0014fa    program     static ../qscc_hook_s17.asm     
             S18_DATA_NIL   0x001502    program     static ../qscc_hook_s17.asm     
                 S19_DATA   0x00150a    program     static ../qscc_hook_s17.asm     
                  S1_DATA   0x000a5a    program     static ../lumos_main.asm        
                 S20_DATA   0x001f96    program     static ../qscc_hook_s17.asm     
                 S21_DATA   0x001fa2    program     static ../qscc_hook_s17.asm     
                 S22_DATA   0x002014    program     static ../qscc_hook_s17.asm     
                  S2_DATA   0x000a86    program     static ../lumos_main.asm        
                  S3_DATA   0x000a9c    program     static ../lumos_main.asm        
                  S4_DATA   0x000aba    program     static ../lumos_main.asm        
                  S5_DATA   0x000adc    program     static ../lumos_main.asm        
                S6_0_DATA   0x000b12    program     static ../lumos_main.asm        
           S6_0_DATA_N_OK   0x000b28    program     static ../lumos_main.asm        
       S6_0_UPDATE_MASTER   0x000b3c    program     static ../lumos_main.asm        
         S6_0_UPDATE_NEXT   0x000b58    program     static ../lumos_main.asm        
               S6_10_DATA   0x00115c    program     static ../lumos_main.asm        
           S6_10_DEF_SENS   0x001170    program     static ../lumos_main.asm        
              S6_10_VALID   0x00116a    program     static ../lumos_main.asm        
            S6_11_CLR_SEQ   0x00118c    program     static ../lumos_main.asm        
               S6_11_DATA   0x001178    program     static ../lumos_main.asm        
              S6_11_VALID   0x001186    program     static ../lumos_main.asm        
               S6_12_DATA   0x00119c    program     static ../lumos_main.asm        
            S6_12_DEF_SEQ   0x0011c0    program     static ../lumos_main.asm        
              S6_12_VALID   0x0011a8    program     static ../lumos_main.asm        
             S6_12_VALID2   0x0011ba    program     static ../lumos_main.asm        
               S6_13_DATA   0x0011d0    program     static ../lumos_main.asm        
              S6_13_VALID   0x0011de    program     static ../lumos_main.asm        
               S6_14_DATA   0x0011f6    program     static ../lumos_main.asm        
            S6_14_DATA_QS   0x0011f6    program     static ../qscc_hook_s6_14.asm   
          S6_14_DISP_TEXT   0x00120a    program     static ../qscc_hook_s6_14.asm   
              S6_14_VALID   0x001204    program     static ../qscc_hook_s6_14.asm   
               S6_15_DATA   0x00120e    program     static ../qscc_hook_s6_14.asm   
        S6_15_DISP_BITMAP   0x001222    program     static ../qscc_hook_s6_14.asm   
              S6_15_VALID   0x00121c    program     static ../qscc_hook_s6_14.asm   
   S6_16_CF_SET_QS_PARAMS   0x00123a    program     static ../qscc_hook_s6_14.asm   
               S6_16_DATA   0x001226    program     static ../qscc_hook_s6_14.asm   
              S6_16_VALID   0x001234    program     static ../qscc_hook_s6_14.asm   
               S6_17_DATA   0x00124a    program     static ../qscc_hook_s6_14.asm   
           S6_1_CONFIGURE   0x000b8a    program     static ../lumos_main.asm        
                S6_1_DATA   0x000b68    program     static ../lumos_main.asm        
             S6_1_VALID_1   0x000b76    program     static ../lumos_main.asm        
             S6_1_VALID_2   0x000b7c    program     static ../lumos_main.asm        
                S6_2_DATA   0x000bde    program     static ../lumos_main.asm        
            S6_2_SET_BAUD   0x000c00    program     static ../lumos_main.asm        
              S6_2_VALID1   0x000bec    program     static ../lumos_main.asm        
              S6_2_VALID2   0x000bf2    program     static ../lumos_main.asm        
                S6_3_DATA   0x000c42    program     static ../lumos_main.asm        
                S6_3_HALT   0x000c6e    program     static ../lumos_main.asm        
               S6_3_RESET   0x000c56    program     static ../lumos_main.asm        
               S6_3_VALID   0x000c50    program     static ../lumos_main.asm        
                S6_4_DATA   0x000c70    program     static ../lumos_main.asm        
           S6_4_SET_PHASE   0x000c84    program     static ../lumos_main.asm        
               S6_4_VALID   0x000c7e    program     static ../lumos_main.asm        
                S6_5_ADDR   0x000d0a    program     static ../lumos_main.asm        
                S6_5_DATA   0x000cf6    program     static ../lumos_main.asm        
               S6_5_VALID   0x000d04    program     static ../lumos_main.asm        
                S6_6_DATA   0x000d5c    program     static ../lumos_main.asm        
               S6_6_SLEEP   0x000d70    program     static ../lumos_main.asm        
               S6_6_VALID   0x000d6a    program     static ../lumos_main.asm        
                S6_7_DATA   0x000d86    program     static ../lumos_main.asm        
               S6_7_VALID   0x000d94    program     static ../lumos_main.asm        
                S6_7_WAKE   0x000d9a    program     static ../lumos_main.asm        
                S6_8_DATA   0x000db0    program     static ../lumos_main.asm        
            S6_8_SHUTDOWN   0x000dc4    program     static ../lumos_main.asm        
               S6_8_VALID   0x000dbe    program     static ../lumos_main.asm        
                   S6_8_X   0x000da8    program     static ../lumos_main.asm        
                S6_9_DATA   0x000dd4    program     static ../lumos_main.asm        
               S6_9_QUERY   0x000de8    program     static ../lumos_main.asm        
               S6_9_VALID   0x000de2    program     static ../lumos_main.asm        
                  S6_DATA   0x000afa    program     static ../lumos_main.asm        
          S6_KEEP_LOOKING   0x001254    program     static ../lumos_main.asm        
               S6_RESTART   0x001252    program     static ../lumos_main.asm        
                  S7_DATA   0x00126c    program     static ../lumos_main.asm        
              S8B_CHK_7E1   0x000e1a    program     static ../lumos_main.asm        
             S8B_CHK_7E10   0x0010ec    program     static ../lumos_main.asm        
             S8B_CHK_7E11   0x00112a    program     static ../lumos_main.asm        
             S8B_CHK_7E12   0x0015dc    program     static ../qscc_hook_s17.asm     
             S8B_CHK_7E13   0x00161a    program     static ../qscc_hook_s17.asm     
             S8B_CHK_7E14   0x001658    program     static ../qscc_hook_s17.asm     
             S8B_CHK_7E15   0x001696    program     static ../qscc_hook_s17.asm     
             S8B_CHK_7E16   0x0016d4    program     static ../qscc_hook_s17.asm     
             S8B_CHK_7E17   0x001712    program     static ../qscc_hook_s17.asm     
             S8B_CHK_7E18   0x001750    program     static ../qscc_hook_s17.asm     
             S8B_CHK_7E19   0x00178e    program     static ../qscc_hook_s17.asm     
              S8B_CHK_7E2   0x000e56    program     static ../lumos_main.asm        
             S8B_CHK_7E20   0x0017cc    program     static ../qscc_hook_s17.asm     
             S8B_CHK_7E21   0x00180a    program     static ../qscc_hook_s17.asm     
             S8B_CHK_7E22   0x001848    program     static ../qscc_hook_s17.asm     
             S8B_CHK_7E23   0x001886    program     static ../qscc_hook_s17.asm     
             S8B_CHK_7E24   0x0018c4    program     static ../qscc_hook_s17.asm     
             S8B_CHK_7E25   0x001902    program     static ../qscc_hook_s17.asm     
             S8B_CHK_7E26   0x001940    program     static ../qscc_hook_s17.asm     
             S8B_CHK_7E27   0x00197e    program     static ../qscc_hook_s17.asm     
             S8B_CHK_7E28   0x0019bc    program     static ../qscc_hook_s17.asm     
             S8B_CHK_7E29   0x0019fa    program     static ../qscc_hook_s17.asm     
              S8B_CHK_7E3   0x000e92    program     static ../lumos_main.asm        
             S8B_CHK_7E30   0x001a38    program     static ../qscc_hook_s17.asm     
             S8B_CHK_7E31   0x001a76    program     static ../qscc_hook_s17.asm     
             S8B_CHK_7E32   0x001ab4    program     static ../qscc_hook_s17.asm     
             S8B_CHK_7E33   0x001af2    program     static ../qscc_hook_s17.asm     
             S8B_CHK_7E34   0x001b30    program     static ../qscc_hook_s17.asm     
             S8B_CHK_7E35   0x001b6e    program     static ../qscc_hook_s17.asm     
             S8B_CHK_7E36   0x001bac    program     static ../qscc_hook_s17.asm     
             S8B_CHK_7E37   0x001bea    program     static ../qscc_hook_s17.asm     
             S8B_CHK_7E38   0x001c28    program     static ../qscc_hook_s17.asm     
             S8B_CHK_7E39   0x001c66    program     static ../qscc_hook_s17.asm     
              S8B_CHK_7E4   0x000ece    program     static ../lumos_main.asm        
             S8B_CHK_7E40   0x001ca4    program     static ../qscc_hook_s17.asm     
             S8B_CHK_7E41   0x001ce2    program     static ../qscc_hook_s17.asm     
             S8B_CHK_7E42   0x001d20    program     static ../qscc_hook_s17.asm     
             S8B_CHK_7E43   0x001d5e    program     static ../qscc_hook_s17.asm     
             S8B_CHK_7E44   0x001d9c    program     static ../qscc_hook_s17.asm     
             S8B_CHK_7E45   0x001dda    program     static ../qscc_hook_s17.asm     
             S8B_CHK_7E46   0x001e18    program     static ../qscc_hook_s17.asm     
             S8B_CHK_7E47   0x001e56    program     static ../qscc_hook_s17.asm     
             S8B_CHK_7E48   0x001e94    program     static ../qscc_hook_s17.asm     
             S8B_CHK_7E49   0x001ed2    program     static ../qscc_hook_s17.asm     
              S8B_CHK_7E5   0x000f12    program     static ../lumos_main.asm        
             S8B_CHK_7E50   0x001f10    program     static ../qscc_hook_s17.asm     
             S8B_CHK_7E51   0x001f4e    program     static ../qscc_hook_s17.asm     
              S8B_CHK_7E6   0x000f5a    program     static ../lumos_main.asm        
              S8B_CHK_7E7   0x000f98    program     static ../lumos_main.asm        
              S8B_CHK_7E8   0x000fec    program     static ../lumos_main.asm        
              S8B_CHK_7E9   0x001090    program     static ../lumos_main.asm        
             S8B_CHK_MSB1   0x000e2e    program     static ../lumos_main.asm        
            S8B_CHK_MSB10   0x001100    program     static ../lumos_main.asm        
            S8B_CHK_MSB11   0x00113e    program     static ../lumos_main.asm        
            S8B_CHK_MSB12   0x0015f0    program     static ../qscc_hook_s17.asm     
            S8B_CHK_MSB13   0x00162e    program     static ../qscc_hook_s17.asm     
            S8B_CHK_MSB14   0x00166c    program     static ../qscc_hook_s17.asm     
            S8B_CHK_MSB15   0x0016aa    program     static ../qscc_hook_s17.asm     
            S8B_CHK_MSB16   0x0016e8    program     static ../qscc_hook_s17.asm     
            S8B_CHK_MSB17   0x001726    program     static ../qscc_hook_s17.asm     
            S8B_CHK_MSB18   0x001764    program     static ../qscc_hook_s17.asm     
            S8B_CHK_MSB19   0x0017a2    program     static ../qscc_hook_s17.asm     
             S8B_CHK_MSB2   0x000e6a    program     static ../lumos_main.asm        
            S8B_CHK_MSB20   0x0017e0    program     static ../qscc_hook_s17.asm     
            S8B_CHK_MSB21   0x00181e    program     static ../qscc_hook_s17.asm     
            S8B_CHK_MSB22   0x00185c    program     static ../qscc_hook_s17.asm     
            S8B_CHK_MSB23   0x00189a    program     static ../qscc_hook_s17.asm     
            S8B_CHK_MSB24   0x0018d8    program     static ../qscc_hook_s17.asm     
            S8B_CHK_MSB25   0x001916    program     static ../qscc_hook_s17.asm     
            S8B_CHK_MSB26   0x001954    program     static ../qscc_hook_s17.asm     
            S8B_CHK_MSB27   0x001992    program     static ../qscc_hook_s17.asm     
            S8B_CHK_MSB28   0x0019d0    program     static ../qscc_hook_s17.asm     
            S8B_CHK_MSB29   0x001a0e    program     static ../qscc_hook_s17.asm     
             S8B_CHK_MSB3   0x000ea6    program     static ../lumos_main.asm        
            S8B_CHK_MSB30   0x001a4c    program     static ../qscc_hook_s17.asm     
            S8B_CHK_MSB31   0x001a8a    program     static ../qscc_hook_s17.asm     
            S8B_CHK_MSB32   0x001ac8    program     static ../qscc_hook_s17.asm     
            S8B_CHK_MSB33   0x001b06    program     static ../qscc_hook_s17.asm     
            S8B_CHK_MSB34   0x001b44    program     static ../qscc_hook_s17.asm     
            S8B_CHK_MSB35   0x001b82    program     static ../qscc_hook_s17.asm     
            S8B_CHK_MSB36   0x001bc0    program     static ../qscc_hook_s17.asm     
            S8B_CHK_MSB37   0x001bfe    program     static ../qscc_hook_s17.asm     
            S8B_CHK_MSB38   0x001c3c    program     static ../qscc_hook_s17.asm     
            S8B_CHK_MSB39   0x001c7a    program     static ../qscc_hook_s17.asm     
             S8B_CHK_MSB4   0x000ee2    program     static ../lumos_main.asm        
            S8B_CHK_MSB40   0x001cb8    program     static ../qscc_hook_s17.asm     
            S8B_CHK_MSB41   0x001cf6    program     static ../qscc_hook_s17.asm     
            S8B_CHK_MSB42   0x001d34    program     static ../qscc_hook_s17.asm     
            S8B_CHK_MSB43   0x001d72    program     static ../qscc_hook_s17.asm     
            S8B_CHK_MSB44   0x001db0    program     static ../qscc_hook_s17.asm     
            S8B_CHK_MSB45   0x001dee    program     static ../qscc_hook_s17.asm     
            S8B_CHK_MSB46   0x001e2c    program     static ../qscc_hook_s17.asm     
            S8B_CHK_MSB47   0x001e6a    program     static ../qscc_hook_s17.asm     
            S8B_CHK_MSB48   0x001ea8    program     static ../qscc_hook_s17.asm     
            S8B_CHK_MSB49   0x001ee6    program     static ../qscc_hook_s17.asm     
             S8B_CHK_MSB5   0x000f26    program     static ../lumos_main.asm        
            S8B_CHK_MSB50   0x001f24    program     static ../qscc_hook_s17.asm     
            S8B_CHK_MSB51   0x001f62    program     static ../qscc_hook_s17.asm     
             S8B_CHK_MSB6   0x000f6e    program     static ../lumos_main.asm        
             S8B_CHK_MSB7   0x000fac    program     static ../lumos_main.asm        
             S8B_CHK_MSB8   0x001000    program     static ../lumos_main.asm        
             S8B_CHK_MSB9   0x0010a4    program     static ../lumos_main.asm        
                 S8B_END1   0x000e40    program     static ../lumos_main.asm        
                S8B_END10   0x001112    program     static ../lumos_main.asm        
                S8B_END11   0x001150    program     static ../lumos_main.asm        
                S8B_END12   0x001602    program     static ../qscc_hook_s17.asm     
                S8B_END13   0x001640    program     static ../qscc_hook_s17.asm     
                S8B_END14   0x00167e    program     static ../qscc_hook_s17.asm     
                S8B_END15   0x0016bc    program     static ../qscc_hook_s17.asm     
                S8B_END16   0x0016fa    program     static ../qscc_hook_s17.asm     
                S8B_END17   0x001738    program     static ../qscc_hook_s17.asm     
                S8B_END18   0x001776    program     static ../qscc_hook_s17.asm     
                S8B_END19   0x0017b4    program     static ../qscc_hook_s17.asm     
                 S8B_END2   0x000e7c    program     static ../lumos_main.asm        
                S8B_END20   0x0017f2    program     static ../qscc_hook_s17.asm     
                S8B_END21   0x001830    program     static ../qscc_hook_s17.asm     
                S8B_END22   0x00186e    program     static ../qscc_hook_s17.asm     
                S8B_END23   0x0018ac    program     static ../qscc_hook_s17.asm     
                S8B_END24   0x0018ea    program     static ../qscc_hook_s17.asm     
                S8B_END25   0x001928    program     static ../qscc_hook_s17.asm     
                S8B_END26   0x001966    program     static ../qscc_hook_s17.asm     
                S8B_END27   0x0019a4    program     static ../qscc_hook_s17.asm     
                S8B_END28   0x0019e2    program     static ../qscc_hook_s17.asm     
                S8B_END29   0x001a20    program     static ../qscc_hook_s17.asm     
                 S8B_END3   0x000eb8    program     static ../lumos_main.asm        
                S8B_END30   0x001a5e    program     static ../qscc_hook_s17.asm     
                S8B_END31   0x001a9c    program     static ../qscc_hook_s17.asm     
                S8B_END32   0x001ada    program     static ../qscc_hook_s17.asm     
                S8B_END33   0x001b18    program     static ../qscc_hook_s17.asm     
                S8B_END34   0x001b56    program     static ../qscc_hook_s17.asm     
                S8B_END35   0x001b94    program     static ../qscc_hook_s17.asm     
                S8B_END36   0x001bd2    program     static ../qscc_hook_s17.asm     
                S8B_END37   0x001c10    program     static ../qscc_hook_s17.asm     
                S8B_END38   0x001c4e    program     static ../qscc_hook_s17.asm     
                S8B_END39   0x001c8c    program     static ../qscc_hook_s17.asm     
                 S8B_END4   0x000ef4    program     static ../lumos_main.asm        
                S8B_END40   0x001cca    program     static ../qscc_hook_s17.asm     
                S8B_END41   0x001d08    program     static ../qscc_hook_s17.asm     
                S8B_END42   0x001d46    program     static ../qscc_hook_s17.asm     
                S8B_END43   0x001d84    program     static ../qscc_hook_s17.asm     
                S8B_END44   0x001dc2    program     static ../qscc_hook_s17.asm     
                S8B_END45   0x001e00    program     static ../qscc_hook_s17.asm     
                S8B_END46   0x001e3e    program     static ../qscc_hook_s17.asm     
                S8B_END47   0x001e7c    program     static ../qscc_hook_s17.asm     
                S8B_END48   0x001eba    program     static ../qscc_hook_s17.asm     
                S8B_END49   0x001ef8    program     static ../qscc_hook_s17.asm     
                 S8B_END5   0x000f38    program     static ../lumos_main.asm        
                S8B_END50   0x001f36    program     static ../qscc_hook_s17.asm     
                S8B_END51   0x001f74    program     static ../qscc_hook_s17.asm     
                 S8B_END6   0x000f80    program     static ../lumos_main.asm        
                 S8B_END7   0x000fbe    program     static ../lumos_main.asm        
                 S8B_END8   0x001012    program     static ../lumos_main.asm        
                 S8B_END9   0x0010b6    program     static ../lumos_main.asm        
         S8B_SEND_NORMAL1   0x000e3a    program     static ../lumos_main.asm        
        S8B_SEND_NORMAL10   0x00110c    program     static ../lumos_main.asm        
        S8B_SEND_NORMAL11   0x00114a    program     static ../lumos_main.asm        
        S8B_SEND_NORMAL12   0x0015fc    program     static ../qscc_hook_s17.asm     
        S8B_SEND_NORMAL13   0x00163a    program     static ../qscc_hook_s17.asm     
        S8B_SEND_NORMAL14   0x001678    program     static ../qscc_hook_s17.asm     
        S8B_SEND_NORMAL15   0x0016b6    program     static ../qscc_hook_s17.asm     
        S8B_SEND_NORMAL16   0x0016f4    program     static ../qscc_hook_s17.asm     
        S8B_SEND_NORMAL17   0x001732    program     static ../qscc_hook_s17.asm     
        S8B_SEND_NORMAL18   0x001770    program     static ../qscc_hook_s17.asm     
        S8B_SEND_NORMAL19   0x0017ae    program     static ../qscc_hook_s17.asm     
         S8B_SEND_NORMAL2   0x000e76    program     static ../lumos_main.asm        
        S8B_SEND_NORMAL20   0x0017ec    program     static ../qscc_hook_s17.asm     
        S8B_SEND_NORMAL21   0x00182a    program     static ../qscc_hook_s17.asm     
        S8B_SEND_NORMAL22   0x001868    program     static ../qscc_hook_s17.asm     
        S8B_SEND_NORMAL23   0x0018a6    program     static ../qscc_hook_s17.asm     
        S8B_SEND_NORMAL24   0x0018e4    program     static ../qscc_hook_s17.asm     
        S8B_SEND_NORMAL25   0x001922    program     static ../qscc_hook_s17.asm     
        S8B_SEND_NORMAL26   0x001960    program     static ../qscc_hook_s17.asm     
        S8B_SEND_NORMAL27   0x00199e    program     static ../qscc_hook_s17.asm     
        S8B_SEND_NORMAL28   0x0019dc    program     static ../qscc_hook_s17.asm     
        S8B_SEND_NORMAL29   0x001a1a    program     static ../qscc_hook_s17.asm     
         S8B_SEND_NORMAL3   0x000eb2    program     static ../lumos_main.asm        
        S8B_SEND_NORMAL30   0x001a58    program     static ../qscc_hook_s17.asm     
        S8B_SEND_NORMAL31   0x001a96    program     static ../qscc_hook_s17.asm     
        S8B_SEND_NORMAL32   0x001ad4    program     static ../qscc_hook_s17.asm     
        S8B_SEND_NORMAL33   0x001b12    program     static ../qscc_hook_s17.asm     
        S8B_SEND_NORMAL34   0x001b50    program     static ../qscc_hook_s17.asm     
        S8B_SEND_NORMAL35   0x001b8e    program     static ../qscc_hook_s17.asm     
        S8B_SEND_NORMAL36   0x001bcc    program     static ../qscc_hook_s17.asm     
        S8B_SEND_NORMAL37   0x001c0a    program     static ../qscc_hook_s17.asm     
        S8B_SEND_NORMAL38   0x001c48    program     static ../qscc_hook_s17.asm     
        S8B_SEND_NORMAL39   0x001c86    program     static ../qscc_hook_s17.asm     
         S8B_SEND_NORMAL4   0x000eee    program     static ../lumos_main.asm        
        S8B_SEND_NORMAL40   0x001cc4    program     static ../qscc_hook_s17.asm     
        S8B_SEND_NORMAL41   0x001d02    program     static ../qscc_hook_s17.asm     
        S8B_SEND_NORMAL42   0x001d40    program     static ../qscc_hook_s17.asm     
        S8B_SEND_NORMAL43   0x001d7e    program     static ../qscc_hook_s17.asm     
        S8B_SEND_NORMAL44   0x001dbc    program     static ../qscc_hook_s17.asm     
        S8B_SEND_NORMAL45   0x001dfa    program     static ../qscc_hook_s17.asm     
        S8B_SEND_NORMAL46   0x001e38    program     static ../qscc_hook_s17.asm     
        S8B_SEND_NORMAL47   0x001e76    program     static ../qscc_hook_s17.asm     
        S8B_SEND_NORMAL48   0x001eb4    program     static ../qscc_hook_s17.asm     
        S8B_SEND_NORMAL49   0x001ef2    program     static ../qscc_hook_s17.asm     
         S8B_SEND_NORMAL5   0x000f32    program     static ../lumos_main.asm        
        S8B_SEND_NORMAL50   0x001f30    program     static ../qscc_hook_s17.asm     
        S8B_SEND_NORMAL51   0x001f6e    program     static ../qscc_hook_s17.asm     
         S8B_SEND_NORMAL6   0x000f7a    program     static ../lumos_main.asm        
         S8B_SEND_NORMAL7   0x000fb8    program     static ../lumos_main.asm        
         S8B_SEND_NORMAL8   0x00100c    program     static ../lumos_main.asm        
         S8B_SEND_NORMAL9   0x0010b0    program     static ../lumos_main.asm        
                  S8_DATA   0x001278    program     static ../lumos_main.asm        
    S8_PASS_DOWN_RAMP_LVL   0x0012b2    program     static ../lumos_main.asm        
               S9_CF_ADDR   0x001486    program     static ../lumos_main.asm        
              S9_CF_PHASE   0x00146e    program     static ../lumos_main.asm        
                  S9_DATA   0x0012ba    program     static ../lumos_main.asm        
           S9_DO_PRIV_CMD   0x0013d4    program     static ../lumos_main.asm        
          S9_INTERNAL_CMD   0x0013c4    program     static ../lumos_main.asm        
                S9_PRIV_0   0x0013e2    program     static ../lumos_main.asm        
               S9_PRIV_0X   0x0013e4    program     static ../lumos_main.asm        
                S9_PRIV_1   0x0013e8    program     static ../lumos_main.asm        
                S9_PRIV_2   0x001400    program     static ../lumos_main.asm        
                S9_PRIV_3   0x001418    program     static ../lumos_main.asm        
                S9_PRIV_4   0x001430    program     static ../lumos_main.asm        
                S9_PRIV_5   0x00143a    program     static ../lumos_main.asm        
                S9_PRIV_6   0x001452    program     static ../lumos_main.asm        
       S9_PRIV_6_QS_PARAM   0x001452    program     static ../qscc_hook_s9_priv_6.asm
                S9_PRIV_7   0x00146a    program     static ../qscc_hook_s9_priv_6.asm
              S9_PRIV_CMD   0x0013c8    program     static ../lumos_main.asm        
              S9_X0_SLEEP   0x0012ca    program     static ../lumos_main.asm        
               S9_X1_WAKE   0x0012de    program     static ../lumos_main.asm        
           S9_X2_SHUTDOWN   0x0012f6    program     static ../lumos_main.asm        
              S9_X3_QUERY   0x00130e    program     static ../lumos_main.asm        
            S9_X4_DEF_SEQ   0x001326    program     static ../lumos_main.asm        
           S9_X5_EXEC_SEQ   0x001330    program     static ../lumos_main.asm        
           S9_X6_DEF_SENS   0x00133a    program     static ../lumos_main.asm        
           S9_X7_MSK_SENS   0x001352    program     static ../lumos_main.asm        
            S9_X8_CLR_SEQ   0x00135c    program     static ../lumos_main.asm        
              S9_X9_XPRIV   0x001374    program     static ../lumos_main.asm        
        S9_XA_ERR_COMMAND   0x00137c    program     static ../lumos_main.asm        
           S9_XA_QS_QUERY   0x00137c    program     static ../qscc_hook_s9_xa.asm   
           S9_XB_BTN_MASK   0x001386    program     static ../qscc_hook_s9_xa.asm   
          S9_XC_DISP_TEXT   0x001390    program     static ../qscc_hook_s9_xa.asm   
        S9_XD_DISP_BITMAP   0x0013a8    program     static ../qscc_hook_s9_xa.asm   
        S9_XE_ERR_COMMAND   0x0013c0    program     static ../qscc_hook_s9_xa.asm   
          SCAN_DEBOUNCERS   0x015198    program     static ../quizshow_main.asm     
            SCN_DB_DONE_0   0x015354    program     static ../quizshow_main.asm     
            SCN_DB_DONE_1   0x01552a    program     static ../quizshow_main.asm     
            SCN_DB_DONE_2   0x015754    program     static ../quizshow_main.asm     
            SCN_DB_DONE_3   0x01592a    program     static ../quizshow_main.asm     
            SCN_DB_DONE_4   0x015b54    program     static ../quizshow_main.asm     
            SCN_DB_DONE_5   0x015d2a    program     static ../quizshow_main.asm     
            SCN_DB_DONE_6   0x015f54    program     static ../quizshow_main.asm     
            SCN_DB_DONE_7   0x01612a    program     static ../quizshow_main.asm     
            SCN_DB_DONE_8   0x016354    program     static ../quizshow_main.asm     
            SCN_DB_DONE_9   0x01652a    program     static ../quizshow_main.asm     
            SCN_DB_DOWN_0   0x01526a    program     static ../quizshow_main.asm     
            SCN_DB_DOWN_1   0x015494    program     static ../quizshow_main.asm     
            SCN_DB_DOWN_2   0x01566a    program     static ../quizshow_main.asm     
            SCN_DB_DOWN_3   0x015894    program     static ../quizshow_main.asm     
            SCN_DB_DOWN_4   0x015a6a    program     static ../quizshow_main.asm     
            SCN_DB_DOWN_5   0x015c94    program     static ../quizshow_main.asm     
            SCN_DB_DOWN_6   0x015e6a    program     static ../quizshow_main.asm     
            SCN_DB_DOWN_7   0x016094    program     static ../quizshow_main.asm     
            SCN_DB_DOWN_8   0x01626a    program     static ../quizshow_main.asm     
            SCN_DB_DOWN_9   0x016494    program     static ../quizshow_main.asm     
           SCN_DB_DRAIN_0   0x0151a8    program     static ../quizshow_main.asm     
           SCN_DB_DRAIN_1   0x015426    program     static ../quizshow_main.asm     
           SCN_DB_DRAIN_2   0x0155a8    program     static ../quizshow_main.asm     
           SCN_DB_DRAIN_3   0x015826    program     static ../quizshow_main.asm     
           SCN_DB_DRAIN_4   0x0159a8    program     static ../quizshow_main.asm     
           SCN_DB_DRAIN_5   0x015c26    program     static ../quizshow_main.asm     
           SCN_DB_DRAIN_6   0x015da8    program     static ../quizshow_main.asm     
           SCN_DB_DRAIN_7   0x016026    program     static ../quizshow_main.asm     
           SCN_DB_DRAIN_8   0x0161a8    program     static ../quizshow_main.asm     
           SCN_DB_DRAIN_9   0x016426    program     static ../quizshow_main.asm     
             SCN_DB_END_0   0x015416    program     static ../quizshow_main.asm     
             SCN_DB_END_1   0x015598    program     static ../quizshow_main.asm     
             SCN_DB_END_2   0x015816    program     static ../quizshow_main.asm     
             SCN_DB_END_3   0x015998    program     static ../quizshow_main.asm     
             SCN_DB_END_4   0x015c16    program     static ../quizshow_main.asm     
             SCN_DB_END_5   0x015d98    program     static ../quizshow_main.asm     
             SCN_DB_END_6   0x016016    program     static ../quizshow_main.asm     
             SCN_DB_END_7   0x016198    program     static ../quizshow_main.asm     
             SCN_DB_END_8   0x016416    program     static ../quizshow_main.asm     
             SCN_DB_END_9   0x016598    program     static ../quizshow_main.asm     
         SCN_DB_RST_LCK_0   0x0151ae    program     static ../quizshow_main.asm     
         SCN_DB_RST_LCK_1   0x01542c    program     static ../quizshow_main.asm     
         SCN_DB_RST_LCK_2   0x0155ae    program     static ../quizshow_main.asm     
         SCN_DB_RST_LCK_3   0x01582c    program     static ../quizshow_main.asm     
         SCN_DB_RST_LCK_4   0x0159ae    program     static ../quizshow_main.asm     
         SCN_DB_RST_LCK_5   0x015c2c    program     static ../quizshow_main.asm     
         SCN_DB_RST_LCK_6   0x015dae    program     static ../quizshow_main.asm     
         SCN_DB_RST_LCK_7   0x01602c    program     static ../quizshow_main.asm     
         SCN_DB_RST_LCK_8   0x0161ae    program     static ../quizshow_main.asm     
         SCN_DB_RST_LCK_9   0x01642c    program     static ../quizshow_main.asm     
    SET_ALL_BUTTON_LIGHTS   0x01661a    program     static ../quizshow_main.asm     
                 SIO_ECHO   0x016c12    program     extern ../serial-io.asm         
               SIO_ECHO_W   0x016c0e    program     extern ../serial-io.asm         
          SIO_FLUSH_INPUT   0x016bc2    program     extern ../serial-io.asm         
           SIO_FLUSH_IN_1   0x016bce    program     static ../serial-io.asm         
         SIO_FLUSH_OUTPUT   0x016bdc    program     extern ../serial-io.asm         
          SIO_FLUSH_OUT_1   0x016be8    program     static ../serial-io.asm         
              SIO_GETCHAR   0x016ce4    program     extern ../serial-io.asm         
            SIO_GETCHAR_W   0x016cdc    program     extern ../serial-io.asm         
                 SIO_INIT   0x016b7e    program     extern ../serial-io.asm         
              SIO_NEWLINE   0x016ca2    program     extern ../serial-io.asm         
            SIO_PRINT_HEX   0x016cf2    program     extern ../serial-io.asm         
          SIO_PRINT_HEX_W   0x016cee    program     extern ../serial-io.asm         
              SIO_PUTCHAR   0x016c5c    program     extern ../serial-io.asm         
            SIO_PUTCHAR_W   0x016c60    program     extern ../serial-io.asm         
                 SIO_READ   0x016cb6    program     extern ../serial-io.asm         
               SIO_READ_W   0x016cae    program     extern ../serial-io.asm         
                 SIO_RECV   0x016dea    program     extern ../serial-io.asm         
                 SIO_SEND   0x016db4    program     extern ../serial-io.asm         
           SIO_SET_BAUD_W   0x016bf6    program     extern ../serial-io.asm         
                SIO_WRITE   0x016c74    program     extern ../serial-io.asm         
              SIO_WRITE_W   0x016c78    program     extern ../serial-io.asm         
       SPIN_FOR_BUF_DRAIN   0x016c66    program     static ../serial-io.asm         
         SSR_OUTPUT_VALUE   0x00201c    program     static ../lumos_main.asm        
                    START   0x000104    program     static ../lumos_main.asm        
                  SYS_SNH   0x016ff0    program     static ../lumos_main.asm        
                  SYS_SNL   0x016ff1    program     static ../lumos_main.asm        
                  S_FLASH   0x000100    program     static ../lumos_main.asm        
              TEST_MODE_1   0x00087a    program     static ../lumos_main.asm        
         TEST_MODE_BYPASS   0x00082e    program     static ../lumos_main.asm        
         TEST_NOT_PRESSED   0x000866    program     static ../lumos_main.asm        
                TEST_NP_1   0x00087a    program     static ../lumos_main.asm        
                TEST_NP_2   0x00087a    program     static ../lumos_main.asm        
               TRY_DOWN_0   0x00210c    program     static ../lumos_main.asm        
               TRY_DOWN_1   0x002156    program     static ../lumos_main.asm        
              TRY_DOWN_10   0x0023f0    program     static ../lumos_main.asm        
              TRY_DOWN_11   0x00243a    program     static ../lumos_main.asm        
              TRY_DOWN_12   0x002484    program     static ../lumos_main.asm        
              TRY_DOWN_13   0x0024ce    program     static ../lumos_main.asm        
              TRY_DOWN_14   0x002518    program     static ../lumos_main.asm        
              TRY_DOWN_15   0x002562    program     static ../lumos_main.asm        
              TRY_DOWN_16   0x0025ac    program     static ../lumos_main.asm        
              TRY_DOWN_17   0x0025f6    program     static ../lumos_main.asm        
              TRY_DOWN_18   0x002640    program     static ../lumos_main.asm        
              TRY_DOWN_19   0x00268a    program     static ../lumos_main.asm        
               TRY_DOWN_2   0x0021a0    program     static ../lumos_main.asm        
               TRY_DOWN_3   0x0021ea    program     static ../lumos_main.asm        
               TRY_DOWN_4   0x002234    program     static ../lumos_main.asm        
               TRY_DOWN_5   0x00227e    program     static ../lumos_main.asm        
               TRY_DOWN_6   0x0022c8    program     static ../lumos_main.asm        
               TRY_DOWN_7   0x002312    program     static ../lumos_main.asm        
               TRY_DOWN_8   0x00235c    program     static ../lumos_main.asm        
               TRY_DOWN_9   0x0023a6    program     static ../lumos_main.asm        
             TR_OFF_DELAY   0x0026ec    program     static ../lumos_main.asm        
              TR_ON_DELAY   0x0026e2    program     static ../lumos_main.asm        
                  TR_ON_L   0x0026e4    program     static ../lumos_main.asm        
                  TX_DONE   0x016de0    program     static ../serial-io.asm         
                    TX_OK   0x016dc0    program     static ../serial-io.asm         
     UPDATE_MINIMUM_LEVEL   0x0020de    program     static ../lumos_main.asm        
      UPDATE_MIN_DIMMED_0   0x0020ea    program     static ../lumos_main.asm        
      UPDATE_MIN_DIMMED_1   0x002134    program     static ../lumos_main.asm        
     UPDATE_MIN_DIMMED_10   0x0023ce    program     static ../lumos_main.asm        
     UPDATE_MIN_DIMMED_11   0x002418    program     static ../lumos_main.asm        
     UPDATE_MIN_DIMMED_12   0x002462    program     static ../lumos_main.asm        
     UPDATE_MIN_DIMMED_13   0x0024ac    program     static ../lumos_main.asm        
     UPDATE_MIN_DIMMED_14   0x0024f6    program     static ../lumos_main.asm        
     UPDATE_MIN_DIMMED_15   0x002540    program     static ../lumos_main.asm        
     UPDATE_MIN_DIMMED_16   0x00258a    program     static ../lumos_main.asm        
     UPDATE_MIN_DIMMED_17   0x0025d4    program     static ../lumos_main.asm        
     UPDATE_MIN_DIMMED_18   0x00261e    program     static ../lumos_main.asm        
     UPDATE_MIN_DIMMED_19   0x002668    program     static ../lumos_main.asm        
      UPDATE_MIN_DIMMED_2   0x00217e    program     static ../lumos_main.asm        
      UPDATE_MIN_DIMMED_3   0x0021c8    program     static ../lumos_main.asm        
      UPDATE_MIN_DIMMED_4   0x002212    program     static ../lumos_main.asm        
      UPDATE_MIN_DIMMED_5   0x00225c    program     static ../lumos_main.asm        
      UPDATE_MIN_DIMMED_6   0x0022a6    program     static ../lumos_main.asm        
      UPDATE_MIN_DIMMED_7   0x0022f0    program     static ../lumos_main.asm        
      UPDATE_MIN_DIMMED_8   0x00233a    program     static ../lumos_main.asm        
      UPDATE_MIN_DIMMED_9   0x002384    program     static ../lumos_main.asm        
        UPDATE_MIN_SKIP_0   0x0020ec    program     static ../lumos_main.asm        
        UPDATE_MIN_SKIP_1   0x002136    program     static ../lumos_main.asm        
       UPDATE_MIN_SKIP_10   0x0023d0    program     static ../lumos_main.asm        
       UPDATE_MIN_SKIP_11   0x00241a    program     static ../lumos_main.asm        
       UPDATE_MIN_SKIP_12   0x002464    program     static ../lumos_main.asm        
       UPDATE_MIN_SKIP_13   0x0024ae    program     static ../lumos_main.asm        
       UPDATE_MIN_SKIP_14   0x0024f8    program     static ../lumos_main.asm        
       UPDATE_MIN_SKIP_15   0x002542    program     static ../lumos_main.asm        
       UPDATE_MIN_SKIP_16   0x00258c    program     static ../lumos_main.asm        
       UPDATE_MIN_SKIP_17   0x0025d6    program     static ../lumos_main.asm        
       UPDATE_MIN_SKIP_18   0x002620    program     static ../lumos_main.asm        
       UPDATE_MIN_SKIP_19   0x00266a    program     static ../lumos_main.asm        
        UPDATE_MIN_SKIP_2   0x002180    program     static ../lumos_main.asm        
        UPDATE_MIN_SKIP_3   0x0021ca    program     static ../lumos_main.asm        
        UPDATE_MIN_SKIP_4   0x002214    program     static ../lumos_main.asm        
        UPDATE_MIN_SKIP_5   0x00225e    program     static ../lumos_main.asm        
        UPDATE_MIN_SKIP_6   0x0022a8    program     static ../lumos_main.asm        
        UPDATE_MIN_SKIP_7   0x0022f2    program     static ../lumos_main.asm        
        UPDATE_MIN_SKIP_8   0x00233c    program     static ../lumos_main.asm        
        UPDATE_MIN_SKIP_9   0x002386    program     static ../lumos_main.asm        
       UPDATE_SSR_OUTPUTS   0x002058    program     static ../lumos_main.asm        
        UPDATE_SSR_SKIP_0   0x002068    program     static ../lumos_main.asm        
        UPDATE_SSR_SKIP_1   0x00206e    program     static ../lumos_main.asm        
       UPDATE_SSR_SKIP_10   0x0020a4    program     static ../lumos_main.asm        
       UPDATE_SSR_SKIP_11   0x0020aa    program     static ../lumos_main.asm        
       UPDATE_SSR_SKIP_12   0x0020b0    program     static ../lumos_main.asm        
       UPDATE_SSR_SKIP_13   0x0020b6    program     static ../lumos_main.asm        
       UPDATE_SSR_SKIP_14   0x0020bc    program     static ../lumos_main.asm        
       UPDATE_SSR_SKIP_15   0x0020c2    program     static ../lumos_main.asm        
       UPDATE_SSR_SKIP_16   0x0020c8    program     static ../lumos_main.asm        
       UPDATE_SSR_SKIP_17   0x0020ce    program     static ../lumos_main.asm        
       UPDATE_SSR_SKIP_18   0x0020d4    program     static ../lumos_main.asm        
       UPDATE_SSR_SKIP_19   0x0020da    program     static ../lumos_main.asm        
        UPDATE_SSR_SKIP_2   0x002074    program     static ../lumos_main.asm        
        UPDATE_SSR_SKIP_3   0x00207a    program     static ../lumos_main.asm        
        UPDATE_SSR_SKIP_4   0x002080    program     static ../lumos_main.asm        
        UPDATE_SSR_SKIP_5   0x002086    program     static ../lumos_main.asm        
        UPDATE_SSR_SKIP_6   0x00208c    program     static ../lumos_main.asm        
        UPDATE_SSR_SKIP_7   0x002092    program     static ../lumos_main.asm        
        UPDATE_SSR_SKIP_8   0x002098    program     static ../lumos_main.asm        
        UPDATE_SSR_SKIP_9   0x00209e    program     static ../lumos_main.asm        
       WRITE_EEPROM_LOOP0   0x0002fc    program     static ../lumos_main.asm        
       WRITE_EEPROM_LOOP1   0x000bb0    program     static ../lumos_main.asm        
       WRITE_EEPROM_LOOP2   0x000bc8    program     static ../lumos_main.asm        
       WRITE_EEPROM_LOOP3   0x000c26    program     static ../lumos_main.asm        
       WRITE_EEPROM_LOOP4   0x000cc0    program     static ../lumos_main.asm        
       WRITE_EEPROM_LOOP5   0x000ce0    program     static ../lumos_main.asm        
       WRITE_EEPROM_LOOP6   0x000d46    program     static ../lumos_main.asm        
                 WRITE_OK   0x016c8c    program     static ../serial-io.asm         
             XLATE_SSR_ID   0x002044    program     static ../lumos_main.asm        
            AUTO_OFF_CTRH   0x00001c       data     static ../lumos_main.asm        
            AUTO_OFF_CTRL   0x00001d       data     static ../lumos_main.asm        
             B32__BCD_ASC   0x000312       data     extern ../serial-io.asm         
                 B32__BIN   0x000317       data     extern ../serial-io.asm         
                 B32__BIT   0x00030c       data     static ../serial-io.asm         
               B32__FSR0H   0x00030e       data     static ../serial-io.asm         
               B32__FSR0L   0x00030f       data     static ../serial-io.asm         
               B32__FSR1H   0x000310       data     static ../serial-io.asm         
               B32__FSR1L   0x000311       data     static ../serial-io.asm         
              B32__OUTCTR   0x00030d       data     static ../serial-io.asm         
           BTN_X0_DEB_TMR   0x000c3c       data     static ../quizshow_main.asm     
             BTN_X0_FLAGS   0x000c28       data     extern ../quizshow_main.asm     
           BTN_X0_LOCKTMR   0x000c32       data     static ../quizshow_main.asm     
            BTN_X0_TIME_H   0x000c14       data     extern ../quizshow_main.asm     
            BTN_X0_TIME_L   0x000c1e       data     extern ../quizshow_main.asm     
            BTN_X0_TIME_T   0x000c00       data     extern ../quizshow_main.asm     
            BTN_X0_TIME_U   0x000c0a       data     extern ../quizshow_main.asm     
                  CUR_PRE   0x000015       data     static ../lumos_main.asm        
                 CUR_PREH   0x000014       data     static ../lumos_main.asm        
                CUR_SLICE   0x000016       data     static ../lumos_main.asm        
                DMX_SLOTH   0x000008       data     static ../lumos_main.asm        
                DMX_SLOTL   0x000009       data     static ../lumos_main.asm        
           EIGHTBITSIOBUF   0x00001e       data     static ../lumos_main.asm        
               FSR1H_SAVE   0x00030a       data     static ../serial-io.asm         
               FSR1L_SAVE   0x00030b       data     static ../serial-io.asm         
                        I   0x00001f       data     static ../lumos_main.asm        
             ISR_TMPL_BSR   0x000001       data     static ../lumos_main.asm        
          ISR_TMPL_STATUS   0x000000       data     static ../lumos_main.asm        
            ISR_TMPL_WREG   0x000002       data     static ../lumos_main.asm        
                        J   0x000020       data     static ../lumos_main.asm        
                        K   0x000021       data     static ../lumos_main.asm        
                       KK   0x000022       data     static ../lumos_main.asm        
               LAST_ERROR   0x000013       data     static ../lumos_main.asm        
               MY_ADDRESS   0x000003       data     static ../lumos_main.asm        
          OPTION_DEBOUNCE   0x000018       data     static ../lumos_main.asm        
              OPTION_HOLD   0x000019       data     static ../lumos_main.asm        
            PHASE_OFFSETH   0x000004       data     static ../lumos_main.asm        
            PHASE_OFFSETL   0x000005       data     static ../lumos_main.asm        
             QS_BTN_TMR_T   0x000024       data     extern ../qscc_hook_access_bank.inc
             QS_BTN_TMR_U   0x000025       data     extern ../qscc_hook_access_bank.inc
           QUIZSHOW_FLAGS   0x000026       data     extern ../qscc_hook_access_bank.inc
           QUIZSHOW_LCKTM   0x000c46       data     extern ../quizshow_main.asm     
                RX_BUFFER   0x000200       data     static ../serial-io.asm         
               RX_BUF_END   0x000306       data     static ../serial-io.asm         
             RX_BUF_START   0x000305       data     static ../serial-io.asm         
                SIO_INPUT   0x000301       data     extern ../serial-io.asm         
               SIO_OUTPUT   0x000302       data     extern ../serial-io.asm         
               SIO_STATUS   0x000300       data     extern ../serial-io.asm         
                SIO_TMPPC   0x000309       data     static ../serial-io.asm         
                    SIO_X   0x000308       data     static ../serial-io.asm         
           SSR_00_COUNTER   0x000450       data     extern ../lumos_main.asm        
             SSR_00_FLAGS   0x000414       data     extern ../lumos_main.asm        
             SSR_00_SPEED   0x00043c       data     extern ../lumos_main.asm        
              SSR_00_STEP   0x000428       data     extern ../lumos_main.asm        
             SSR_00_VALUE   0x000400       data     extern ../lumos_main.asm        
                SSR_STATE   0x000006       data     extern ../lumos_main.asm        
               SSR_STATE2   0x000007       data     static ../lumos_main.asm        
               TARGET_SSR   0x000017       data     static ../lumos_main.asm        
               TEST_CYCLE   0x00001a       data     static ../lumos_main.asm        
                 TEST_SSR   0x00001b       data     static ../lumos_main.asm        
                     TR_I   0x000023       data     static ../lumos_main.asm        
                TX_BUFFER   0x000100       data     static ../serial-io.asm         
               TX_BUF_END   0x000304       data     static ../serial-io.asm         
             TX_BUF_START   0x000303       data     static ../serial-io.asm         
                  TX_CHAR   0x000307       data     static ../serial-io.asm         
                YY_BUFFER   0x000500       data     static ../lumos_main.asm        
               YY_BUF_IDX   0x000010       data     static ../lumos_main.asm        
             YY_CMD_FLAGS   0x00000c       data     static ../lumos_main.asm        
               YY_COMMAND   0x00000b       data     static ../lumos_main.asm        
                  YY_DATA   0x00000d       data     static ../lumos_main.asm        
         YY_LOOKAHEAD_MAX   0x00000e       data     static ../lumos_main.asm        
              YY_LOOK_FOR   0x00000f       data     static ../lumos_main.asm        
            YY_NEXT_STATE   0x000011       data     static ../lumos_main.asm        
                 YY_STATE   0x00000a       data     static ../lumos_main.asm        
                    YY_YY   0x000012       data     static ../lumos_main.asm        



                              Symbols - Sorted by Address
                     Name    Address   Location    Storage File                     
                ---------  ---------  ---------  --------- ---------                
                QSCC_INIT   0x00000e    program     extern ../quizshow_init.asm     
               LUMOS_INIT   0x00001e    program     extern ../lumos_init.asm        
                  S_FLASH   0x000100    program     static ../lumos_main.asm        
                  D_FLASH   0x000102    program     static ../lumos_main.asm        
                    START   0x000104    program     static ../lumos_main.asm        
FACTORY_RESET_JUMPER_CHECK   0x00027c    program     static ../lumos_main.asm        
                FRJC_LOOP   0x0002aa    program     static ../lumos_main.asm        
                 END_FRJC   0x0002bc    program     static ../lumos_main.asm        
            FACTORY_RESET   0x0002c6    program     static ../lumos_main.asm        
       FACTORY_RESET_LOOP   0x0002ea    program     static ../lumos_main.asm        
       WRITE_EEPROM_LOOP0   0x0002fc    program     static ../lumos_main.asm        
      FACTORY_RESET_FLASH   0x00031e    program     static ../lumos_main.asm        
           DELAY_1_12_SEC   0x000320    program     static ../lumos_main.asm        
            DELAY_1_6_SEC   0x000328    program     static ../lumos_main.asm        
                 D_1_6_KK   0x00032e    program     static ../lumos_main.asm        
                  D_1_6_J   0x000330    program     static ../lumos_main.asm        
                  D_1_6_K   0x000332    program     static ../lumos_main.asm        
                     MAIN   0x000800    program     static ../lumos_main.asm        
                  NOT_DMX   0x00080e    program     static ../lumos_main.asm        
                BAD_BREAK   0x000812    program     static ../lumos_main.asm        
         TEST_MODE_BYPASS   0x00082e    program     static ../lumos_main.asm        
          END_SERIAL_READ   0x000832    program     static ../lumos_main.asm        
        DRAIN_TRANSMITTER   0x00083c    program     static ../lumos_main.asm        
    DRAIN_M_S_TX_BLOCKING   0x000854    program     static ../lumos_main.asm        
             DO_TEST_MODE   0x00085c    program     static ../lumos_main.asm        
         TEST_NOT_PRESSED   0x000866    program     static ../lumos_main.asm        
              TEST_MODE_1   0x00087a    program     static ../lumos_main.asm        
                TEST_NP_1   0x00087a    program     static ../lumos_main.asm        
                TEST_NP_2   0x00087a    program     static ../lumos_main.asm        
       ERR_SERIAL_FRAMING   0x0008a2    program     static ../lumos_main.asm        
       ERR_SERIAL_OVERRUN   0x0008a8    program     static ../lumos_main.asm        
          ERR_SERIAL_FULL   0x0008ae    program     static ../lumos_main.asm        
       ERR_CMD_INCOMPLETE   0x0008b6    program     static ../lumos_main.asm        
              ERR_NOT_IMP   0x0008be    program     static ../lumos_main.asm        
              ERR_COMMAND   0x0008c6    program     static ../lumos_main.asm        
                ERR_ABORT   0x0008ca    program     static ../lumos_main.asm        
          RECEIVE_COMMAND   0x0008ce    program     static ../lumos_main.asm        
             INTERP_START   0x0008e8    program     static ../lumos_main.asm        
               QSCC_G_C_1   0x0008ec    program     static ../qscc_hook_global_commands.asm
               QSCC_G_C_2   0x0008f8    program     static ../qscc_hook_global_commands.asm
                  S0_CMD0   0x00090e    program     extern ../lumos_main.asm        
                  S0_CMD1   0x0009da    program     static ../lumos_main.asm        
                  S0_CMD2   0x0009e6    program     static ../lumos_main.asm        
                  S0_CMD3   0x0009f0    program     static ../lumos_main.asm        
                  S0_CMD4   0x0009fa    program     static ../lumos_main.asm        
                  S0_CMD5   0x000a04    program     static ../lumos_main.asm        
                  S0_CMD6   0x000a0c    program     static ../lumos_main.asm        
                  S0_CMD7   0x000a14    program     static ../lumos_main.asm        
               S0_CMD_ERR   0x000a1e    program     static ../lumos_main.asm        
                DATA_BYTE   0x000a26    program     static ../lumos_main.asm        
           DB_CHK_LITERAL   0x000a34    program     static ../lumos_main.asm        
                DB_CHK_7E   0x000a3c    program     static ../lumos_main.asm        
                DB_CHK_7F   0x000a48    program     static ../lumos_main.asm        
               DB_HANDLER   0x000a54    program     static ../lumos_main.asm        
                  S1_DATA   0x000a5a    program     static ../lumos_main.asm        
           ON_OFF_YY_DATA   0x000a62    program     static ../lumos_main.asm        
                ON_OFF_ON   0x000a7c    program     static ../lumos_main.asm        
         PASS_DOWN_ON_OFF   0x000a82    program     static ../lumos_main.asm        
                  S2_DATA   0x000a86    program     static ../lumos_main.asm        
                  S3_DATA   0x000a9c    program     static ../lumos_main.asm        
        PASS_DOWN_SET_LVL   0x000ab2    program     static ../lumos_main.asm        
                  S4_DATA   0x000aba    program     static ../lumos_main.asm        
                  S5_DATA   0x000adc    program     static ../lumos_main.asm        
                  S6_DATA   0x000afa    program     static ../lumos_main.asm        
                S6_0_DATA   0x000b12    program     static ../lumos_main.asm        
           S6_0_DATA_N_OK   0x000b28    program     static ../lumos_main.asm        
       S6_0_UPDATE_MASTER   0x000b3c    program     static ../lumos_main.asm        
         S6_0_UPDATE_NEXT   0x000b58    program     static ../lumos_main.asm        
                S6_1_DATA   0x000b68    program     static ../lumos_main.asm        
             S6_1_VALID_1   0x000b76    program     static ../lumos_main.asm        
             S6_1_VALID_2   0x000b7c    program     static ../lumos_main.asm        
           S6_1_CONFIGURE   0x000b8a    program     static ../lumos_main.asm        
       WRITE_EEPROM_LOOP1   0x000bb0    program     static ../lumos_main.asm        
       WRITE_EEPROM_LOOP2   0x000bc8    program     static ../lumos_main.asm        
                S6_2_DATA   0x000bde    program     static ../lumos_main.asm        
              S6_2_VALID1   0x000bec    program     static ../lumos_main.asm        
              S6_2_VALID2   0x000bf2    program     static ../lumos_main.asm        
            S6_2_SET_BAUD   0x000c00    program     static ../lumos_main.asm        
       WRITE_EEPROM_LOOP3   0x000c26    program     static ../lumos_main.asm        
[...]
       LLIM_NOT_LOCKED_15   0x015c64    program     static ../quizshow_main.asm     
              LLIM_OFF_15   0x015c82    program     static ../quizshow_main.asm     
              LLIM_END_15   0x015c90    program     static ../quizshow_main.asm     
            SCN_DB_DOWN_5   0x015c94    program     static ../quizshow_main.asm     
       LLIM_NOT_LOCKED_16   0x015cfc    program     static ../quizshow_main.asm     
              LLIM_OFF_16   0x015d1a    program     static ../quizshow_main.asm     
              LLIM_END_16   0x015d28    program     static ../quizshow_main.asm     
            SCN_DB_DONE_5   0x015d2a    program     static ../quizshow_main.asm     
       LLIM_NOT_LOCKED_17   0x015d6a    program     static ../quizshow_main.asm     
              LLIM_OFF_17   0x015d88    program     static ../quizshow_main.asm     
              LLIM_END_17   0x015d96    program     static ../quizshow_main.asm     
             SCN_DB_END_5   0x015d98    program     static ../quizshow_main.asm     
           SCN_DB_DRAIN_6   0x015da8    program     static ../quizshow_main.asm     
         SCN_DB_RST_LCK_6   0x015dae    program     static ../quizshow_main.asm     
       LLIM_NOT_LOCKED_18   0x015e02    program     static ../quizshow_main.asm     
              LLIM_OFF_18   0x015e3c    program     static ../quizshow_main.asm     
              LLIM_END_18   0x015e66    program     static ../quizshow_main.asm     
            SCN_DB_DOWN_6   0x015e6a    program     static ../quizshow_main.asm     
       LLIM_NOT_LOCKED_19   0x015eee    program     static ../quizshow_main.asm     
              LLIM_OFF_19   0x015f28    program     static ../quizshow_main.asm     
              LLIM_END_19   0x015f52    program     static ../quizshow_main.asm     
            SCN_DB_DONE_6   0x015f54    program     static ../quizshow_main.asm     
       LLIM_NOT_LOCKED_20   0x015fb0    program     static ../quizshow_main.asm     
              LLIM_OFF_20   0x015fea    program     static ../quizshow_main.asm     
              LLIM_END_20   0x016014    program     static ../quizshow_main.asm     
             SCN_DB_END_6   0x016016    program     static ../quizshow_main.asm     
           SCN_DB_DRAIN_7   0x016026    program     static ../quizshow_main.asm     
         SCN_DB_RST_LCK_7   0x01602c    program     static ../quizshow_main.asm     
       LLIM_NOT_LOCKED_21   0x016064    program     static ../quizshow_main.asm     
              LLIM_OFF_21   0x016082    program     static ../quizshow_main.asm     
              LLIM_END_21   0x016090    program     static ../quizshow_main.asm     
            SCN_DB_DOWN_7   0x016094    program     static ../quizshow_main.asm     
       LLIM_NOT_LOCKED_22   0x0160fc    program     static ../quizshow_main.asm     
              LLIM_OFF_22   0x01611a    program     static ../quizshow_main.asm     
              LLIM_END_22   0x016128    program     static ../quizshow_main.asm     
            SCN_DB_DONE_7   0x01612a    program     static ../quizshow_main.asm     
       LLIM_NOT_LOCKED_23   0x01616a    program     static ../quizshow_main.asm     
              LLIM_OFF_23   0x016188    program     static ../quizshow_main.asm     
              LLIM_END_23   0x016196    program     static ../quizshow_main.asm     
             SCN_DB_END_7   0x016198    program     static ../quizshow_main.asm     
           SCN_DB_DRAIN_8   0x0161a8    program     static ../quizshow_main.asm     
         SCN_DB_RST_LCK_8   0x0161ae    program     static ../quizshow_main.asm     
       LLIM_NOT_LOCKED_24   0x016202    program     static ../quizshow_main.asm     
              LLIM_OFF_24   0x01623c    program     static ../quizshow_main.asm     
              LLIM_END_24   0x016266    program     static ../quizshow_main.asm     
            SCN_DB_DOWN_8   0x01626a    program     static ../quizshow_main.asm     
       LLIM_NOT_LOCKED_25   0x0162ee    program     static ../quizshow_main.asm     
              LLIM_OFF_25   0x016328    program     static ../quizshow_main.asm     
              LLIM_END_25   0x016352    program     static ../quizshow_main.asm     
            SCN_DB_DONE_8   0x016354    program     static ../quizshow_main.asm     
       LLIM_NOT_LOCKED_26   0x0163b0    program     static ../quizshow_main.asm     
              LLIM_OFF_26   0x0163ea    program     static ../quizshow_main.asm     
              LLIM_END_26   0x016414    program     static ../quizshow_main.asm     
             SCN_DB_END_8   0x016416    program     static ../quizshow_main.asm     
           SCN_DB_DRAIN_9   0x016426    program     static ../quizshow_main.asm     
         SCN_DB_RST_LCK_9   0x01642c    program     static ../quizshow_main.asm     
       LLIM_NOT_LOCKED_27   0x016464    program     static ../quizshow_main.asm     
              LLIM_OFF_27   0x016482    program     static ../quizshow_main.asm     
              LLIM_END_27   0x016490    program     static ../quizshow_main.asm     
            SCN_DB_DOWN_9   0x016494    program     static ../quizshow_main.asm     
       LLIM_NOT_LOCKED_28   0x0164fc    program     static ../quizshow_main.asm     
              LLIM_OFF_28   0x01651a    program     static ../quizshow_main.asm     
              LLIM_END_28   0x016528    program     static ../quizshow_main.asm     
            SCN_DB_DONE_9   0x01652a    program     static ../quizshow_main.asm     
       LLIM_NOT_LOCKED_29   0x01656a    program     static ../quizshow_main.asm     
              LLIM_OFF_29   0x016588    program     static ../quizshow_main.asm     
              LLIM_END_29   0x016596    program     static ../quizshow_main.asm     
             SCN_DB_END_9   0x016598    program     static ../quizshow_main.asm     
          QSCC_CMD5_START   0x01659c    program     extern ../quizshow_main.asm     
    SET_ALL_BUTTON_LIGHTS   0x01661a    program     static ../quizshow_main.asm     
       LLIM_NOT_LOCKED_30   0x01666a    program     static ../quizshow_main.asm     
              LLIM_OFF_30   0x0166a4    program     static ../quizshow_main.asm     
              LLIM_END_30   0x0166ce    program     static ../quizshow_main.asm     
       LLIM_NOT_LOCKED_31   0x016700    program     static ../quizshow_main.asm     
              LLIM_OFF_31   0x01671e    program     static ../quizshow_main.asm     
              LLIM_END_31   0x01672c    program     static ../quizshow_main.asm     
       LLIM_NOT_LOCKED_32   0x01677a    program     static ../quizshow_main.asm     
              LLIM_OFF_32   0x0167b4    program     static ../quizshow_main.asm     
              LLIM_END_32   0x0167de    program     static ../quizshow_main.asm     
       LLIM_NOT_LOCKED_33   0x016810    program     static ../quizshow_main.asm     
              LLIM_OFF_33   0x01682e    program     static ../quizshow_main.asm     
              LLIM_END_33   0x01683c    program     static ../quizshow_main.asm     
       LLIM_NOT_LOCKED_34   0x01688a    program     static ../quizshow_main.asm     
              LLIM_OFF_34   0x0168c4    program     static ../quizshow_main.asm     
              LLIM_END_34   0x0168ee    program     static ../quizshow_main.asm     
       LLIM_NOT_LOCKED_35   0x016920    program     static ../quizshow_main.asm     
              LLIM_OFF_35   0x01693e    program     static ../quizshow_main.asm     
              LLIM_END_35   0x01694c    program     static ../quizshow_main.asm     
       LLIM_NOT_LOCKED_36   0x01699a    program     static ../quizshow_main.asm     
              LLIM_OFF_36   0x0169d4    program     static ../quizshow_main.asm     
              LLIM_END_36   0x0169fe    program     static ../quizshow_main.asm     
       LLIM_NOT_LOCKED_37   0x016a30    program     static ../quizshow_main.asm     
              LLIM_OFF_37   0x016a4e    program     static ../quizshow_main.asm     
              LLIM_END_37   0x016a5c    program     static ../quizshow_main.asm     
       LLIM_NOT_LOCKED_38   0x016aaa    program     static ../quizshow_main.asm     
              LLIM_OFF_38   0x016ae4    program     static ../quizshow_main.asm     
              LLIM_END_38   0x016b0e    program     static ../quizshow_main.asm     
       LLIM_NOT_LOCKED_39   0x016b40    program     static ../quizshow_main.asm     
              LLIM_OFF_39   0x016b5e    program     static ../quizshow_main.asm     
              LLIM_END_39   0x016b6c    program     static ../quizshow_main.asm     
          QS_STOP_SCANNER   0x016b70    program     extern ../quizshow_main.asm     
                 SIO_INIT   0x016b7e    program     extern ../serial-io.asm         
              CLR_NEXT_TX   0x016b94    program     static ../serial-io.asm         
              CLR_NEXT_RX   0x016ba2    program     static ../serial-io.asm         
          SIO_FLUSH_INPUT   0x016bc2    program     extern ../serial-io.asm         
           SIO_FLUSH_IN_1   0x016bce    program     static ../serial-io.asm         
         SIO_FLUSH_OUTPUT   0x016bdc    program     extern ../serial-io.asm         
          SIO_FLUSH_OUT_1   0x016be8    program     static ../serial-io.asm         
           SIO_SET_BAUD_W   0x016bf6    program     extern ../serial-io.asm         
               SIO_ECHO_W   0x016c0e    program     extern ../serial-io.asm         
                 SIO_ECHO   0x016c12    program     extern ../serial-io.asm         
               ECHO_7BITS   0x016c26    program     static ../serial-io.asm         
          ECHO_NOT_DELETE   0x016c38    program     static ../serial-io.asm         
          ECHO_NOT_ESCAPE   0x016c44    program     static ../serial-io.asm         
               ECHO_PLAIN   0x016c54    program     static ../serial-io.asm         
              SIO_PUTCHAR   0x016c5c    program     extern ../serial-io.asm         
            SIO_PUTCHAR_W   0x016c60    program     extern ../serial-io.asm         
       SPIN_FOR_BUF_DRAIN   0x016c66    program     static ../serial-io.asm         
                SIO_WRITE   0x016c74    program     extern ../serial-io.asm         
              SIO_WRITE_W   0x016c78    program     extern ../serial-io.asm         
                 WRITE_OK   0x016c8c    program     static ../serial-io.asm         
              SIO_NEWLINE   0x016ca2    program     extern ../serial-io.asm         
               SIO_READ_W   0x016cae    program     extern ../serial-io.asm         
                 SIO_READ   0x016cb6    program     extern ../serial-io.asm         
                  READ_OK   0x016cc2    program     static ../serial-io.asm         
                READ_DONE   0x016cda    program     static ../serial-io.asm         
            SIO_GETCHAR_W   0x016cdc    program     extern ../serial-io.asm         
              SIO_GETCHAR   0x016ce4    program     extern ../serial-io.asm         
                  GC_SPIN   0x016ce6    program     static ../serial-io.asm         
          SIO_PRINT_HEX_W   0x016cee    program     extern ../serial-io.asm         
            SIO_PRINT_HEX   0x016cf2    program     extern ../serial-io.asm         
             B32__BIN2BCD   0x016d12    program     extern ../serial-io.asm         
           B32__B2BCD_BIT   0x016d2c    program     static ../serial-io.asm         
          B32__B2BCD_LOOP   0x016d36    program     static ../serial-io.asm         
           B32__BCD2ASCII   0x016d6c    program     extern ../serial-io.asm         
          B32__BCD2A_LOOP   0x016d8c    program     static ../serial-io.asm         
                 SIO_SEND   0x016db4    program     extern ../serial-io.asm         
                    TX_OK   0x016dc0    program     static ../serial-io.asm         
                  TX_DONE   0x016de0    program     static ../serial-io.asm         
                 SIO_RECV   0x016dea    program     extern ../serial-io.asm         
                    RX_OK   0x016e06    program     static ../serial-io.asm         
              ERR_FRAMING   0x016e2a    program     static ../serial-io.asm         
              ERR_OVERRUN   0x016e30    program     static ../serial-io.asm         
                  INT_LOW   0x016e3a    program     static ../lumos_main.asm        
                   INT_TX   0x016e44    program     static ../lumos_main.asm        
                   INT_RX   0x016e4e    program     static ../lumos_main.asm        
               INT_TX_END   0x016e4e    program     static ../lumos_main.asm        
               INT_RX_END   0x016e58    program     static ../lumos_main.asm        
                   INT_ZC   0x016e64    program     static ../lumos_main.asm        
                 INT_HIGH   0x016e64    program     static ../lumos_main.asm        
               INT_ZC_END   0x016e80    program     static ../lumos_main.asm        
                 INT_TMR2   0x016e80    program     static ../lumos_main.asm        
            INT_TMR2_NEXT   0x016e96    program     static ../lumos_main.asm        
            INT_TMR2_DONE   0x016e9a    program     static ../lumos_main.asm        
             INT_TMR2_END   0x016e9c    program     static ../lumos_main.asm        
            QSCC_INT_TMR1   0x016e9c    program     static ../qscc_hook_isr.asm     
             QSCC_INT_END   0x016ea6    program     static ../qscc_hook_isr.asm     
             INT_TMR2_MSB   0x016ea8    program     static ../lumos_main.asm        
                  SYS_SNH   0x016ff0    program     static ../lumos_main.asm        
                  SYS_SNL   0x016ff1    program     static ../lumos_main.asm        
          ISR_TMPL_STATUS   0x000000       data     static ../lumos_main.asm        
             ISR_TMPL_BSR   0x000001       data     static ../lumos_main.asm        
            ISR_TMPL_WREG   0x000002       data     static ../lumos_main.asm        
               MY_ADDRESS   0x000003       data     static ../lumos_main.asm        
            PHASE_OFFSETH   0x000004       data     static ../lumos_main.asm        
            PHASE_OFFSETL   0x000005       data     static ../lumos_main.asm        
                SSR_STATE   0x000006       data     extern ../lumos_main.asm        
               SSR_STATE2   0x000007       data     static ../lumos_main.asm        
                DMX_SLOTH   0x000008       data     static ../lumos_main.asm        
                DMX_SLOTL   0x000009       data     static ../lumos_main.asm        
                 YY_STATE   0x00000a       data     static ../lumos_main.asm        
               YY_COMMAND   0x00000b       data     static ../lumos_main.asm        
             YY_CMD_FLAGS   0x00000c       data     static ../lumos_main.asm        
                  YY_DATA   0x00000d       data     static ../lumos_main.asm        
         YY_LOOKAHEAD_MAX   0x00000e       data     static ../lumos_main.asm        
              YY_LOOK_FOR   0x00000f       data     static ../lumos_main.asm        
               YY_BUF_IDX   0x000010       data     static ../lumos_main.asm        
            YY_NEXT_STATE   0x000011       data     static ../lumos_main.asm        
                    YY_YY   0x000012       data     static ../lumos_main.asm        
               LAST_ERROR   0x000013       data     static ../lumos_main.asm        
                 CUR_PREH   0x000014       data     static ../lumos_main.asm        
                  CUR_PRE   0x000015       data     static ../lumos_main.asm        
                CUR_SLICE   0x000016       data     static ../lumos_main.asm        
               TARGET_SSR   0x000017       data     static ../lumos_main.asm        
          OPTION_DEBOUNCE   0x000018       data     static ../lumos_main.asm        
              OPTION_HOLD   0x000019       data     static ../lumos_main.asm        
               TEST_CYCLE   0x00001a       data     static ../lumos_main.asm        
                 TEST_SSR   0x00001b       data     static ../lumos_main.asm        
            AUTO_OFF_CTRH   0x00001c       data     static ../lumos_main.asm        
            AUTO_OFF_CTRL   0x00001d       data     static ../lumos_main.asm        
           EIGHTBITSIOBUF   0x00001e       data     static ../lumos_main.asm        
                        I   0x00001f       data     static ../lumos_main.asm        
                        J   0x000020       data     static ../lumos_main.asm        
                        K   0x000021       data     static ../lumos_main.asm        
                       KK   0x000022       data     static ../lumos_main.asm        
                     TR_I   0x000023       data     static ../lumos_main.asm        
             QS_BTN_TMR_T   0x000024       data     extern ../qscc_hook_access_bank.inc
             QS_BTN_TMR_U   0x000025       data     extern ../qscc_hook_access_bank.inc
           QUIZSHOW_FLAGS   0x000026       data     extern ../qscc_hook_access_bank.inc
                TX_BUFFER   0x000100       data     static ../serial-io.asm         
                RX_BUFFER   0x000200       data     static ../serial-io.asm         
               SIO_STATUS   0x000300       data     extern ../serial-io.asm         
                SIO_INPUT   0x000301       data     extern ../serial-io.asm         
               SIO_OUTPUT   0x000302       data     extern ../serial-io.asm         
             TX_BUF_START   0x000303       data     static ../serial-io.asm         
               TX_BUF_END   0x000304       data     static ../serial-io.asm         
             RX_BUF_START   0x000305       data     static ../serial-io.asm         
               RX_BUF_END   0x000306       data     static ../serial-io.asm         
                  TX_CHAR   0x000307       data     static ../serial-io.asm         
                    SIO_X   0x000308       data     static ../serial-io.asm         
                SIO_TMPPC   0x000309       data     static ../serial-io.asm         
               FSR1H_SAVE   0x00030a       data     static ../serial-io.asm         
               FSR1L_SAVE   0x00030b       data     static ../serial-io.asm         
                 B32__BIT   0x00030c       data     static ../serial-io.asm         
              B32__OUTCTR   0x00030d       data     static ../serial-io.asm         
               B32__FSR0H   0x00030e       data     static ../serial-io.asm         
               B32__FSR0L   0x00030f       data     static ../serial-io.asm         
               B32__FSR1H   0x000310       data     static ../serial-io.asm         
               B32__FSR1L   0x000311       data     static ../serial-io.asm         
             B32__BCD_ASC   0x000312       data     extern ../serial-io.asm         
                 B32__BIN   0x000317       data     extern ../serial-io.asm         
             SSR_00_VALUE   0x000400       data     extern ../lumos_main.asm        
             SSR_00_FLAGS   0x000414       data     extern ../lumos_main.asm        
              SSR_00_STEP   0x000428       data     extern ../lumos_main.asm        
             SSR_00_SPEED   0x00043c       data     extern ../lumos_main.asm        
           SSR_00_COUNTER   0x000450       data     extern ../lumos_main.asm        
                YY_BUFFER   0x000500       data     static ../lumos_main.asm        
            BTN_X0_TIME_T   0x000c00       data     extern ../quizshow_main.asm     
            BTN_X0_TIME_U   0x000c0a       data     extern ../quizshow_main.asm     
            BTN_X0_TIME_H   0x000c14       data     extern ../quizshow_main.asm     
            BTN_X0_TIME_L   0x000c1e       data     extern ../quizshow_main.asm     
             BTN_X0_FLAGS   0x000c28       data     extern ../quizshow_main.asm     
           BTN_X0_LOCKTMR   0x000c32       data     static ../quizshow_main.asm     
           BTN_X0_DEB_TMR   0x000c3c       data     static ../quizshow_main.asm     
           QUIZSHOW_LCKTM   0x000c46       data     extern ../quizshow_main.asm     


