MPLINK 4.51, LINKER
Linker Map File - Created Sat Jun 14 09:32:03 2014

                                 Section Info
                  Section       Type    Address   Location Size(Bytes)
                ---------  ---------  ---------  ---------  ---------
                    V_RST       code   0x000000    program   0x000006
                   .cinit    romdata   0x000006    program   0x000002
                  V_INT_H       code   0x000008    program   0x000006
       QUIZSHOW_CODE_INIT       code   0x00000e    program   0x000008
                  V_INT_L       code   0x000018    program   0x000006
          LUMOS_CODE_INIT       code   0x00001e    program   0x000098
                    _BOOT       code   0x000100    program   0x000216
                _SIO_CODE       code   0x000316    program   0x000292
                     _INT       code   0x0005a8    program   0x000074
                    _MAIN       code   0x000800    program   0x001fba
         _EEPROM_DEFS_TBL       code   0x014000    program   0x000010
                   .org_0       code   0x015000    program   0x00007e
           _QUIZSHOW_CODE       code   0x01507e    program   0x001700
                  __SYS__       code   0x016ff0    program   0x000002
.config_300001_BUILD/DEFAULT/PRODUCTION/_EXT/14    romdata   0x300001    program   0x000001
.config_300002_BUILD/DEFAULT/PRODUCTION/_EXT/14    romdata   0x300002    program   0x000001
.config_300003_BUILD/DEFAULT/PRODUCTION/_EXT/14    romdata   0x300003    program   0x000001
.config_300005_BUILD/DEFAULT/PRODUCTION/_EXT/14    romdata   0x300005    program   0x000001
.config_300006_BUILD/DEFAULT/PRODUCTION/_EXT/14    romdata   0x300006    program   0x000001
.config_300008_BUILD/DEFAULT/PRODUCTION/_EXT/14    romdata   0x300008    program   0x000001
.config_300009_BUILD/DEFAULT/PRODUCTION/_EXT/14    romdata   0x300009    program   0x000001
.config_30000A_BUILD/DEFAULT/PRODUCTION/_EXT/14    romdata   0x30000a    program   0x000001
.config_30000B_BUILD/DEFAULT/PRODUCTION/_EXT/14    romdata   0x30000b    program   0x000001
.config_30000C_BUILD/DEFAULT/PRODUCTION/_EXT/14    romdata   0x30000c    program   0x000001
.config_30000D_BUILD/DEFAULT/PRODUCTION/_EXT/14    romdata   0x30000d    program   0x000001
                  _EEPROM       code   0xf00000    program   0x000010
                   _ADATA      udata   0x000000       data   0x000027
          _SIO_TXBUF_DATA      udata   0x000100       data   0x000100
          _SIO_RXBUF_DATA      udata   0x000200       data   0x000100
            _SIO_VAR_DATA      udata   0x000300       data   0x00001b
                _SSR_DATA      udata   0x000400       data   0x000064
                _MAINDATA      udata   0x000500       data   0x0000c8
           _QUIZSHOW_DATA      udata   0x000c00       data   0x000071



                              Program Memory Usage 
                               Start         End      
                           ---------   ---------      
                            0x000000    0x000002      
                            0x000006    0x000006      
                            0x000008    0x00000a      
                            0x00000e    0x000011      
                            0x000018    0x00001a      
                            0x00001e    0x000069      
                            0x000100    0x00020a      
                            0x000316    0x00045e      
                            0x0005a8    0x0005e1      
                            0x000800    0x0017dc      
                            0x014000    0x014007      
                            0x015000    0x01503e      
                            0x01507e    0x015bfd      
                            0x016ff0    0x016ff0      
                            0x300001    0x300003      
                            0x300005    0x300006      
                            0x300008    0x30000d      
                            0xf00000    0xf00007      
            7840 out of 99352 program addresses used, program memory utilization is 7%



                              Symbols - Sorted by Name
                     Name    Address   Location    Storage File                     
                ---------  ---------  ---------  --------- ---------                
           B32__B2BCD_BIT   0x0004a8    program     static ../serial-io.asm         
          B32__B2BCD_LOOP   0x0004b0    program     static ../serial-io.asm         
           B32__BCD2ASCII   0x0004e4    program     extern ../serial-io.asm         
          B32__BCD2A_LOOP   0x000504    program     static ../serial-io.asm         
             B32__BIN2BCD   0x00048e    program     extern ../serial-io.asm         
                BAD_BREAK   0x000868    program     static ../lumos_main.asm        
                 BAUDTBLH   0x01502a    program     static ../serial-io.asm         
                 BAUDTBLL   0x015054    program     static ../serial-io.asm         
             BE_AWAKE_NOW   0x0026e0    program     static ../lumos_main.asm        
          BREAK_CONFIRMED   0x000854    program     static ../lumos_main.asm        
                  BRK_DET   0x00082e    program     static ../lumos_main.asm        
                 BRK_DET2   0x000826    program     static ../lumos_main.asm        
              CLR_NEXT_RX   0x00033a    program     static ../serial-io.asm         
              CLR_NEXT_TX   0x00032c    program     static ../serial-io.asm         
                CMD_XPRIV   0x0014be    program     static ../lumos_main.asm        
                DATA_BYTE   0x000a90    program     static ../lumos_main.asm        
                DB_CHK_7E   0x000aa4    program     static ../lumos_main.asm        
                DB_CHK_7F   0x000aae    program     static ../lumos_main.asm        
           DB_CHK_LITERAL   0x000a9c    program     static ../lumos_main.asm        
               DB_HANDLER   0x000ab8    program     static ../lumos_main.asm        
              DEFAULT_TBL   0x014000    program     static ../lumos_main.asm        
           DELAY_1_12_SEC   0x0002f6    program     static ../lumos_main.asm        
            DELAY_1_6_SEC   0x0002fe    program     static ../lumos_main.asm        
                   DMX_18   0x002764    program     static ../lumos_main.asm        
                   DMX_19   0x002796    program     static ../lumos_main.asm        
                 DMX_DONE   0x002792    program     static ../lumos_main.asm        
     DMX_EXIT_TEMPORARILY   0x0026ec    program     static ../lumos_main.asm        
            DMX_NOT_FIRST   0x00274c    program     static ../lumos_main.asm        
    DMX_PASS_DOWN_SET_LVL   0x00278a    program     static ../lumos_main.asm        
        DMX_RECEIVED_BYTE   0x00272c    program     static ../lumos_main.asm        
               DMX_RESUME   0x00271a    program     static ../lumos_main.asm        
         DMX_SLOT_REACHED   0x002762    program     static ../lumos_main.asm        
               DMX_ST_LSB   0x00275e    program     static ../lumos_main.asm        
          DMX_WEIRD_FRAME   0x002748    program     static ../lumos_main.asm        
             DO_CMD_SLEEP   0x000df2    program     static ../lumos_main.asm        
              DO_CMD_WAKE   0x000e1c    program     static ../lumos_main.asm        
             DO_TEST_MODE   0x0008b2    program     static ../lumos_main.asm        
    DRAIN_M_S_TX_BLOCKING   0x0008aa    program     static ../lumos_main.asm        
        DRAIN_TRANSMITTER   0x000892    program     static ../lumos_main.asm        
                  D_1_6_J   0x000306    program     static ../lumos_main.asm        
                  D_1_6_K   0x000308    program     static ../lumos_main.asm        
                 D_1_6_KK   0x000304    program     static ../lumos_main.asm        
                  D_FLASH   0x000102    program     static ../lumos_main.asm        
               ECHO_7BITS   0x0003ba    program     static ../serial-io.asm         
          ECHO_NOT_DELETE   0x0003c8    program     static ../serial-io.asm         
          ECHO_NOT_ESCAPE   0x0003d2    program     static ../serial-io.asm         
               ECHO_PLAIN   0x0003de    program     static ../serial-io.asm         
               END_FADE_0   0x002196    program     static ../lumos_main.asm        
               END_FADE_1   0x0021dc    program     static ../lumos_main.asm        
              END_FADE_10   0x002452    program     static ../lumos_main.asm        
              END_FADE_11   0x002498    program     static ../lumos_main.asm        
              END_FADE_12   0x0024de    program     static ../lumos_main.asm        
              END_FADE_13   0x002524    program     static ../lumos_main.asm        
              END_FADE_14   0x00256a    program     static ../lumos_main.asm        
              END_FADE_15   0x0025b0    program     static ../lumos_main.asm        
              END_FADE_16   0x0025f6    program     static ../lumos_main.asm        
              END_FADE_17   0x00263c    program     static ../lumos_main.asm        
              END_FADE_18   0x002682    program     static ../lumos_main.asm        
              END_FADE_19   0x0026c8    program     static ../lumos_main.asm        
               END_FADE_2   0x002222    program     static ../lumos_main.asm        
               END_FADE_3   0x002268    program     static ../lumos_main.asm        
               END_FADE_4   0x0022ae    program     static ../lumos_main.asm        
               END_FADE_5   0x0022f4    program     static ../lumos_main.asm        
               END_FADE_6   0x00233a    program     static ../lumos_main.asm        
               END_FADE_7   0x002380    program     static ../lumos_main.asm        
               END_FADE_8   0x0023c6    program     static ../lumos_main.asm        
               END_FADE_9   0x00240c    program     static ../lumos_main.asm        
                 END_FRJC   0x000284    program     static ../lumos_main.asm        
          END_SERIAL_READ   0x000888    program     static ../lumos_main.asm        
                ERR_ABORT   0x000924    program     static ../lumos_main.asm        
       ERR_CMD_INCOMPLETE   0x000910    program     static ../lumos_main.asm        
              ERR_COMMAND   0x000920    program     static ../lumos_main.asm        
              ERR_FRAMING   0x00059c    program     static ../serial-io.asm         
              ERR_NOT_IMP   0x000918    program     static ../lumos_main.asm        
              ERR_OVERRUN   0x0005a0    program     static ../serial-io.asm         
       ERR_SERIAL_FRAMING   0x0008f8    program     static ../lumos_main.asm        
          ERR_SERIAL_FULL   0x000908    program     static ../lumos_main.asm        
       ERR_SERIAL_OVERRUN   0x000902    program     static ../lumos_main.asm        
            FACTORY_RESET   0x00029c    program     static ../lumos_main.asm        
      FACTORY_RESET_FLASH   0x0002f4    program     static ../lumos_main.asm        
FACTORY_RESET_JUMPER_CHECK   0x000284    program     static ../lumos_main.asm        
       FACTORY_RESET_LOOP   0x0002c0    program     static ../lumos_main.asm        
                  GC_SPIN   0x000464    program     static ../serial-io.asm         
                HALT_MODE   0x00279a    program     static ../lumos_main.asm        
               HALT_SLEEP   0x0027a8    program     static ../lumos_main.asm        
                   HEXTBL   0x015000    program     static ../serial-io.asm         
             INTERP_START   0x000948    program     static ../lumos_main.asm        
                 INT_HIGH   0x0005d2    program     static ../lumos_main.asm        
                  INT_LOW   0x0005a8    program     static ../lumos_main.asm        
                   INT_RX   0x0005bc    program     static ../lumos_main.asm        
               INT_RX_END   0x0005c6    program     static ../lumos_main.asm        
                 INT_TMR2   0x0005ee    program     static ../lumos_main.asm        
            INT_TMR2_DONE   0x000608    program     static ../lumos_main.asm        
             INT_TMR2_END   0x00060a    program     static ../lumos_main.asm        
             INT_TMR2_MSB   0x000616    program     static ../lumos_main.asm        
            INT_TMR2_NEXT   0x000604    program     static ../lumos_main.asm        
                   INT_TX   0x0005b2    program     static ../lumos_main.asm        
               INT_TX_END   0x0005bc    program     static ../lumos_main.asm        
                   INT_ZC   0x0005d2    program     static ../lumos_main.asm        
               INT_ZC_END   0x0005ee    program     static ../lumos_main.asm        
               LLIM_END_0   0x015242    program     static ../quizshow_main.asm     
               LLIM_END_1   0x0152c6    program     static ../quizshow_main.asm     
              LLIM_END_10   0x0157c4    program     static ../quizshow_main.asm     
              LLIM_END_11   0x015850    program     static ../quizshow_main.asm     
              LLIM_END_12   0x0158ea    program     static ../quizshow_main.asm     
              LLIM_END_13   0x01596e    program     static ../quizshow_main.asm     
              LLIM_END_14   0x0159fa    program     static ../quizshow_main.asm     
              LLIM_END_15   0x015a94    program     static ../quizshow_main.asm     
              LLIM_END_16   0x015b18    program     static ../quizshow_main.asm     
              LLIM_END_17   0x015ba4    program     static ../quizshow_main.asm     
              LLIM_END_18   0x015c3e    program     static ../quizshow_main.asm     
              LLIM_END_19   0x015cc2    program     static ../quizshow_main.asm     
               LLIM_END_2   0x015352    program     static ../quizshow_main.asm     
              LLIM_END_20   0x015d4e    program     static ../quizshow_main.asm     
              LLIM_END_21   0x015de8    program     static ../quizshow_main.asm     
              LLIM_END_22   0x015e6c    program     static ../quizshow_main.asm     
              LLIM_END_23   0x015ef8    program     static ../quizshow_main.asm     
              LLIM_END_24   0x015f92    program     static ../quizshow_main.asm     
              LLIM_END_25   0x016016    program     static ../quizshow_main.asm     
              LLIM_END_26   0x0160a2    program     static ../quizshow_main.asm     
              LLIM_END_27   0x01613c    program     static ../quizshow_main.asm     
              LLIM_END_28   0x0161c0    program     static ../quizshow_main.asm     
              LLIM_END_29   0x01624c    program     static ../quizshow_main.asm     
               LLIM_END_3   0x0153ec    program     static ../quizshow_main.asm     
              LLIM_END_30   0x01637c    program     static ../quizshow_main.asm     
              LLIM_END_31   0x0163ec    program     static ../quizshow_main.asm     
              LLIM_END_32   0x01645c    program     static ../quizshow_main.asm     
              LLIM_END_33   0x0164cc    program     static ../quizshow_main.asm     
              LLIM_END_34   0x01653c    program     static ../quizshow_main.asm     
              LLIM_END_35   0x0165ac    program     static ../quizshow_main.asm     
              LLIM_END_36   0x01661c    program     static ../quizshow_main.asm     
              LLIM_END_37   0x01668c    program     static ../quizshow_main.asm     
              LLIM_END_38   0x0166fc    program     static ../quizshow_main.asm     
              LLIM_END_39   0x01676c    program     static ../quizshow_main.asm     
               LLIM_END_4   0x015470    program     static ../quizshow_main.asm     
               LLIM_END_5   0x0154fc    program     static ../quizshow_main.asm     
               LLIM_END_6   0x015596    program     static ../quizshow_main.asm     
               LLIM_END_7   0x01561a    program     static ../quizshow_main.asm     
               LLIM_END_8   0x0156a6    program     static ../quizshow_main.asm     
               LLIM_END_9   0x015740    program     static ../quizshow_main.asm     
        LLIM_NOT_LOCKED_0   0x0151fe    program     static ../quizshow_main.asm     
        LLIM_NOT_LOCKED_1   0x015282    program     static ../quizshow_main.asm     
       LLIM_NOT_LOCKED_10   0x015780    program     static ../quizshow_main.asm     
       LLIM_NOT_LOCKED_11   0x01580c    program     static ../quizshow_main.asm     
       LLIM_NOT_LOCKED_12   0x0158a6    program     static ../quizshow_main.asm     
       LLIM_NOT_LOCKED_13   0x01592a    program     static ../quizshow_main.asm     
       LLIM_NOT_LOCKED_14   0x0159b6    program     static ../quizshow_main.asm     
       LLIM_NOT_LOCKED_15   0x015a50    program     static ../quizshow_main.asm     
       LLIM_NOT_LOCKED_16   0x015ad4    program     static ../quizshow_main.asm     
       LLIM_NOT_LOCKED_17   0x015b60    program     static ../quizshow_main.asm     
       LLIM_NOT_LOCKED_18   0x015bfa    program     static ../quizshow_main.asm     
       LLIM_NOT_LOCKED_19   0x015c7e    program     static ../quizshow_main.asm     
        LLIM_NOT_LOCKED_2   0x01530e    program     static ../quizshow_main.asm     
       LLIM_NOT_LOCKED_20   0x015d0a    program     static ../quizshow_main.asm     
       LLIM_NOT_LOCKED_21   0x015da4    program     static ../quizshow_main.asm     
       LLIM_NOT_LOCKED_22   0x015e28    program     static ../quizshow_main.asm     
       LLIM_NOT_LOCKED_23   0x015eb4    program     static ../quizshow_main.asm     
       LLIM_NOT_LOCKED_24   0x015f4e    program     static ../quizshow_main.asm     
       LLIM_NOT_LOCKED_25   0x015fd2    program     static ../quizshow_main.asm     
       LLIM_NOT_LOCKED_26   0x01605e    program     static ../quizshow_main.asm     
       LLIM_NOT_LOCKED_27   0x0160f8    program     static ../quizshow_main.asm     
       LLIM_NOT_LOCKED_28   0x01617c    program     static ../quizshow_main.asm     
       LLIM_NOT_LOCKED_29   0x016208    program     static ../quizshow_main.asm     
        LLIM_NOT_LOCKED_3   0x0153a8    program     static ../quizshow_main.asm     
       LLIM_NOT_LOCKED_30   0x016338    program     static ../quizshow_main.asm     
       LLIM_NOT_LOCKED_31   0x0163a8    program     static ../quizshow_main.asm     
       LLIM_NOT_LOCKED_32   0x016418    program     static ../quizshow_main.asm     
       LLIM_NOT_LOCKED_33   0x016488    program     static ../quizshow_main.asm     
       LLIM_NOT_LOCKED_34   0x0164f8    program     static ../quizshow_main.asm     
       LLIM_NOT_LOCKED_35   0x016568    program     static ../quizshow_main.asm     
       LLIM_NOT_LOCKED_36   0x0165d8    program     static ../quizshow_main.asm     
       LLIM_NOT_LOCKED_37   0x016648    program     static ../quizshow_main.asm     
       LLIM_NOT_LOCKED_38   0x0166b8    program     static ../quizshow_main.asm     
       LLIM_NOT_LOCKED_39   0x016728    program     static ../quizshow_main.asm     
        LLIM_NOT_LOCKED_4   0x01542c    program     static ../quizshow_main.asm     
        LLIM_NOT_LOCKED_5   0x0154b8    program     static ../quizshow_main.asm     
        LLIM_NOT_LOCKED_6   0x015552    program     static ../quizshow_main.asm     
        LLIM_NOT_LOCKED_7   0x0155d6    program     static ../quizshow_main.asm     
        LLIM_NOT_LOCKED_8   0x015662    program     static ../quizshow_main.asm     
        LLIM_NOT_LOCKED_9   0x0156fc    program     static ../quizshow_main.asm     
               LLIM_OFF_0   0x015226    program     static ../quizshow_main.asm     
               LLIM_OFF_1   0x0152aa    program     static ../quizshow_main.asm     
              LLIM_OFF_10   0x0157a8    program     static ../quizshow_main.asm     
              LLIM_OFF_11   0x015834    program     static ../quizshow_main.asm     
              LLIM_OFF_12   0x0158ce    program     static ../quizshow_main.asm     
              LLIM_OFF_13   0x015952    program     static ../quizshow_main.asm     
              LLIM_OFF_14   0x0159de    program     static ../quizshow_main.asm     
              LLIM_OFF_15   0x015a78    program     static ../quizshow_main.asm     
              LLIM_OFF_16   0x015afc    program     static ../quizshow_main.asm     
              LLIM_OFF_17   0x015b88    program     static ../quizshow_main.asm     
              LLIM_OFF_18   0x015c22    program     static ../quizshow_main.asm     
              LLIM_OFF_19   0x015ca6    program     static ../quizshow_main.asm     
               LLIM_OFF_2   0x015336    program     static ../quizshow_main.asm     
              LLIM_OFF_20   0x015d32    program     static ../quizshow_main.asm     
              LLIM_OFF_21   0x015dcc    program     static ../quizshow_main.asm     
              LLIM_OFF_22   0x015e50    program     static ../quizshow_main.asm     
              LLIM_OFF_23   0x015edc    program     static ../quizshow_main.asm     
              LLIM_OFF_24   0x015f76    program     static ../quizshow_main.asm     
              LLIM_OFF_25   0x015ffa    program     static ../quizshow_main.asm     
              LLIM_OFF_26   0x016086    program     static ../quizshow_main.asm     
              LLIM_OFF_27   0x016120    program     static ../quizshow_main.asm     
              LLIM_OFF_28   0x0161a4    program     static ../quizshow_main.asm     
              LLIM_OFF_29   0x016230    program     static ../quizshow_main.asm     
               LLIM_OFF_3   0x0153d0    program     static ../quizshow_main.asm     
              LLIM_OFF_30   0x016360    program     static ../quizshow_main.asm     
              LLIM_OFF_31   0x0163d0    program     static ../quizshow_main.asm     
              LLIM_OFF_32   0x016440    program     static ../quizshow_main.asm     
              LLIM_OFF_33   0x0164b0    program     static ../quizshow_main.asm     
              LLIM_OFF_34   0x016520    program     static ../quizshow_main.asm     
              LLIM_OFF_35   0x016590    program     static ../quizshow_main.asm     
              LLIM_OFF_36   0x016600    program     static ../quizshow_main.asm     
              LLIM_OFF_37   0x016670    program     static ../quizshow_main.asm     
              LLIM_OFF_38   0x0166e0    program     static ../quizshow_main.asm     
              LLIM_OFF_39   0x016750    program     static ../quizshow_main.asm     
               LLIM_OFF_4   0x015454    program     static ../quizshow_main.asm     
               LLIM_OFF_5   0x0154e0    program     static ../quizshow_main.asm     
               LLIM_OFF_6   0x01557a    program     static ../quizshow_main.asm     
               LLIM_OFF_7   0x0155fe    program     static ../quizshow_main.asm     
               LLIM_OFF_8   0x01568a    program     static ../quizshow_main.asm     
               LLIM_OFF_9   0x015724    program     static ../quizshow_main.asm     
               LUMOS_INIT   0x00001e    program     extern ../lumos_init.asm        
                     MAIN   0x000800    program     static ../lumos_main.asm        
                  NOT_DMX   0x000864    program     static ../lumos_main.asm        
                ON_OFF_ON   0x000ae0    program     static ../lumos_main.asm        
           ON_OFF_YY_DATA   0x000ac6    program     static ../lumos_main.asm        
         PASS_DOWN_ON_OFF   0x000ae6    program     static ../lumos_main.asm        
        PASS_DOWN_SET_LVL   0x000b16    program     static ../lumos_main.asm        
          QSCC_CMD5_START   0x016252    program     extern ../quizshow_main.asm     
               QSCC_G_C_1   0x000956    program     static ../qscc_hook_global_commands.asm
               QSCC_G_C_2   0x000964    program     static ../qscc_hook_global_commands.asm
                QSCC_INIT   0x00000e    program     extern ../quizshow_init.asm     
             QSCC_INT_END   0x000614    program     static ../qscc_hook_isr.asm     
            QSCC_INT_TMR1   0x00060a    program     static ../qscc_hook_isr.asm     
                QSCC_MAIN   0x01519e    program     extern ../quizshow_main.asm     
            QSCC_SENS_END   0x015188    program     static ../quizshow_main.asm     
               QSCC_START   0x01507e    program     extern ../quizshow_main.asm     
            QS_QUERY_DONE   0x002006    program     static ../qscc_hook_s17.asm     
            QS_QUERY_PING   0x001ffa    program     static ../qscc_hook_s17.asm     
          QS_STOP_SCANNER   0x016770    program     extern ../quizshow_main.asm     
                READ_DONE   0x00045a    program     static ../serial-io.asm         
                  READ_OK   0x000444    program     static ../serial-io.asm         
          RECEIVE_COMMAND   0x000928    program     static ../lumos_main.asm        
                    RX_OK   0x00057a    program     static ../serial-io.asm         
                  S0_CMD0   0x000978    program     extern ../lumos_main.asm        
                  S0_CMD1   0x000a44    program     static ../lumos_main.asm        
                  S0_CMD2   0x000a50    program     static ../lumos_main.asm        
                  S0_CMD3   0x000a5a    program     static ../lumos_main.asm        
                  S0_CMD4   0x000a64    program     static ../lumos_main.asm        
                  S0_CMD5   0x000a6e    program     static ../lumos_main.asm        
                  S0_CMD6   0x000a76    program     static ../lumos_main.asm        
                  S0_CMD7   0x000a7e    program     static ../lumos_main.asm        
               S0_CMD_ERR   0x000a88    program     static ../lumos_main.asm        
                 S10_DATA   0x001528    program     static ../lumos_main.asm        
                 S11_DATA   0x001534    program     static ../lumos_main.asm        
                 S12_DATA   0x001540    program     static ../lumos_main.asm        
                 S13_DATA   0x00154c    program     static ../lumos_main.asm        
                 S14_DATA   0x001558    program     static ../lumos_main.asm        
                 S15_DATA   0x001574    program     static ../lumos_main.asm        
                 S16_DATA   0x00157c    program     static ../lumos_main.asm        
                 S17_DATA   0x001584    program     static ../lumos_main.asm        
             S17_DATA_NIL   0x001584    program     static ../qscc_hook_s17.asm     
             S18_DATA_NIL   0x00158c    program     static ../qscc_hook_s17.asm     
                 S19_DATA   0x001594    program     static ../qscc_hook_s17.asm     
                  S1_DATA   0x000abe    program     static ../lumos_main.asm        
                 S20_DATA   0x002018    program     static ../qscc_hook_s17.asm     
                 S21_DATA   0x002024    program     static ../qscc_hook_s17.asm     
                 S22_DATA   0x002082    program     static ../qscc_hook_s17.asm     
                  S2_DATA   0x000aea    program     static ../lumos_main.asm        
                  S3_DATA   0x000b00    program     static ../lumos_main.asm        
                  S4_DATA   0x000b1e    program     static ../lumos_main.asm        
                  S5_DATA   0x000b40    program     static ../lumos_main.asm        
                S6_0_DATA   0x000b76    program     static ../lumos_main.asm        
           S6_0_DATA_N_OK   0x000b8c    program     static ../lumos_main.asm        
       S6_0_UPDATE_MASTER   0x000ba0    program     static ../lumos_main.asm        
         S6_0_UPDATE_NEXT   0x000bbc    program     static ../lumos_main.asm        
               S6_10_DATA   0x0011e2    program     static ../lumos_main.asm        
           S6_10_DEF_SENS   0x0011f6    program     static ../lumos_main.asm        
              S6_10_VALID   0x0011f0    program     static ../lumos_main.asm        
            S6_11_CLR_SEQ   0x001212    program     static ../lumos_main.asm        
               S6_11_DATA   0x0011fe    program     static ../lumos_main.asm        
              S6_11_VALID   0x00120c    program     static ../lumos_main.asm        
               S6_12_DATA   0x001222    program     static ../lumos_main.asm        
            S6_12_DEF_SEQ   0x001246    program     static ../lumos_main.asm        
              S6_12_VALID   0x00122e    program     static ../lumos_main.asm        
             S6_12_VALID2   0x001240    program     static ../lumos_main.asm        
               S6_13_DATA   0x001256    program     static ../lumos_main.asm        
              S6_13_VALID   0x001264    program     static ../lumos_main.asm        
               S6_14_DATA   0x00127c    program     static ../lumos_main.asm        
            S6_14_DATA_QS   0x00127c    program     static ../qscc_hook_s6_14.asm   
          S6_14_DISP_TEXT   0x001290    program     static ../qscc_hook_s6_14.asm   
              S6_14_VALID   0x00128a    program     static ../qscc_hook_s6_14.asm   
               S6_15_DATA   0x001294    program     static ../qscc_hook_s6_14.asm   
        S6_15_DISP_BITMAP   0x0012a8    program     static ../qscc_hook_s6_14.asm   
              S6_15_VALID   0x0012a2    program     static ../qscc_hook_s6_14.asm   
   S6_16_CF_SET_QS_PARAMS   0x0012c0    program     static ../qscc_hook_s6_14.asm   
               S6_16_DATA   0x0012ac    program     static ../qscc_hook_s6_14.asm   
              S6_16_VALID   0x0012ba    program     static ../qscc_hook_s6_14.asm   
               S6_17_DATA   0x0012cc    program     static ../qscc_hook_s6_14.asm   
           S6_1_CONFIGURE   0x000bee    program     static ../lumos_main.asm        
                S6_1_DATA   0x000bcc    program     static ../lumos_main.asm        
             S6_1_VALID_1   0x000bda    program     static ../lumos_main.asm        
             S6_1_VALID_2   0x000be0    program     static ../lumos_main.asm        
                S6_2_DATA   0x000c52    program     static ../lumos_main.asm        
            S6_2_SET_BAUD   0x000c74    program     static ../lumos_main.asm        
              S6_2_VALID1   0x000c60    program     static ../lumos_main.asm        
              S6_2_VALID2   0x000c66    program     static ../lumos_main.asm        
                S6_3_DATA   0x000cb6    program     static ../lumos_main.asm        
                S6_3_HALT   0x000ce2    program     static ../lumos_main.asm        
               S6_3_RESET   0x000cca    program     static ../lumos_main.asm        
               S6_3_VALID   0x000cc4    program     static ../lumos_main.asm        
                S6_4_DATA   0x000ce4    program     static ../lumos_main.asm        
           S6_4_SET_PHASE   0x000cf8    program     static ../lumos_main.asm        
               S6_4_VALID   0x000cf2    program     static ../lumos_main.asm        
                S6_5_ADDR   0x000d7e    program     static ../lumos_main.asm        
                S6_5_DATA   0x000d6a    program     static ../lumos_main.asm        
               S6_5_VALID   0x000d78    program     static ../lumos_main.asm        
                S6_6_DATA   0x000dd0    program     static ../lumos_main.asm        
               S6_6_SLEEP   0x000de4    program     static ../lumos_main.asm        
               S6_6_VALID   0x000dde    program     static ../lumos_main.asm        
                S6_7_DATA   0x000dfa    program     static ../lumos_main.asm        
               S6_7_VALID   0x000e08    program     static ../lumos_main.asm        
                S6_7_WAKE   0x000e0e    program     static ../lumos_main.asm        
                S6_8_DATA   0x000e28    program     static ../lumos_main.asm        
            S6_8_SHUTDOWN   0x000e3c    program     static ../lumos_main.asm        
               S6_8_VALID   0x000e36    program     static ../lumos_main.asm        
                   S6_8_X   0x000e20    program     static ../lumos_main.asm        
                S6_9_DATA   0x000e4c    program     static ../lumos_main.asm        
               S6_9_QUERY   0x000e60    program     static ../lumos_main.asm        
               S6_9_VALID   0x000e5a    program     static ../lumos_main.asm        
                  S6_DATA   0x000b5e    program     static ../lumos_main.asm        
          S6_KEEP_LOOKING   0x0012d6    program     static ../lumos_main.asm        
               S6_RESTART   0x0012d4    program     static ../lumos_main.asm        
                  S7_DATA   0x0012ee    program     static ../lumos_main.asm        
              S8B_CHK_7E1   0x000e92    program     static ../lumos_main.asm        
             S8B_CHK_7E10   0x001172    program     static ../lumos_main.asm        
             S8B_CHK_7E11   0x0011b0    program     static ../lumos_main.asm        
             S8B_CHK_7E12   0x00165e    program     static ../qscc_hook_s17.asm     
             S8B_CHK_7E13   0x00169c    program     static ../qscc_hook_s17.asm     
             S8B_CHK_7E14   0x0016da    program     static ../qscc_hook_s17.asm     
             S8B_CHK_7E15   0x001718    program     static ../qscc_hook_s17.asm     
             S8B_CHK_7E16   0x001756    program     static ../qscc_hook_s17.asm     
             S8B_CHK_7E17   0x001794    program     static ../qscc_hook_s17.asm     
             S8B_CHK_7E18   0x0017d2    program     static ../qscc_hook_s17.asm     
             S8B_CHK_7E19   0x001810    program     static ../qscc_hook_s17.asm     
              S8B_CHK_7E2   0x000ece    program     static ../lumos_main.asm        
             S8B_CHK_7E20   0x00184e    program     static ../qscc_hook_s17.asm     
             S8B_CHK_7E21   0x00188c    program     static ../qscc_hook_s17.asm     
             S8B_CHK_7E22   0x0018ca    program     static ../qscc_hook_s17.asm     
             S8B_CHK_7E23   0x001908    program     static ../qscc_hook_s17.asm     
             S8B_CHK_7E24   0x001946    program     static ../qscc_hook_s17.asm     
             S8B_CHK_7E25   0x001984    program     static ../qscc_hook_s17.asm     
             S8B_CHK_7E26   0x0019c2    program     static ../qscc_hook_s17.asm     
             S8B_CHK_7E27   0x001a00    program     static ../qscc_hook_s17.asm     
             S8B_CHK_7E28   0x001a3e    program     static ../qscc_hook_s17.asm     
             S8B_CHK_7E29   0x001a7c    program     static ../qscc_hook_s17.asm     
              S8B_CHK_7E3   0x000f16    program     static ../lumos_main.asm        
             S8B_CHK_7E30   0x001aba    program     static ../qscc_hook_s17.asm     
             S8B_CHK_7E31   0x001af8    program     static ../qscc_hook_s17.asm     
             S8B_CHK_7E32   0x001b36    program     static ../qscc_hook_s17.asm     
             S8B_CHK_7E33   0x001b74    program     static ../qscc_hook_s17.asm     
             S8B_CHK_7E34   0x001bb2    program     static ../qscc_hook_s17.asm     
             S8B_CHK_7E35   0x001bf0    program     static ../qscc_hook_s17.asm     
             S8B_CHK_7E36   0x001c2e    program     static ../qscc_hook_s17.asm     
             S8B_CHK_7E37   0x001c6c    program     static ../qscc_hook_s17.asm     
             S8B_CHK_7E38   0x001caa    program     static ../qscc_hook_s17.asm     
             S8B_CHK_7E39   0x001ce8    program     static ../qscc_hook_s17.asm     
              S8B_CHK_7E4   0x000f54    program     static ../lumos_main.asm        
             S8B_CHK_7E40   0x001d26    program     static ../qscc_hook_s17.asm     
             S8B_CHK_7E41   0x001d64    program     static ../qscc_hook_s17.asm     
             S8B_CHK_7E42   0x001da2    program     static ../qscc_hook_s17.asm     
             S8B_CHK_7E43   0x001de0    program     static ../qscc_hook_s17.asm     
             S8B_CHK_7E44   0x001e1e    program     static ../qscc_hook_s17.asm     
             S8B_CHK_7E45   0x001e5c    program     static ../qscc_hook_s17.asm     
             S8B_CHK_7E46   0x001e9a    program     static ../qscc_hook_s17.asm     
             S8B_CHK_7E47   0x001ed8    program     static ../qscc_hook_s17.asm     
             S8B_CHK_7E48   0x001f16    program     static ../qscc_hook_s17.asm     
             S8B_CHK_7E49   0x001f54    program     static ../qscc_hook_s17.asm     
              S8B_CHK_7E5   0x000f98    program     static ../lumos_main.asm        
             S8B_CHK_7E50   0x001f92    program     static ../qscc_hook_s17.asm     
             S8B_CHK_7E51   0x001fd0    program     static ../qscc_hook_s17.asm     
              S8B_CHK_7E6   0x000fe0    program     static ../lumos_main.asm        
              S8B_CHK_7E7   0x00101e    program     static ../lumos_main.asm        
              S8B_CHK_7E8   0x001072    program     static ../lumos_main.asm        
              S8B_CHK_7E9   0x001116    program     static ../lumos_main.asm        
             S8B_CHK_MSB1   0x000ea6    program     static ../lumos_main.asm        
            S8B_CHK_MSB10   0x001186    program     static ../lumos_main.asm        
            S8B_CHK_MSB11   0x0011c4    program     static ../lumos_main.asm        
            S8B_CHK_MSB12   0x001672    program     static ../qscc_hook_s17.asm     
            S8B_CHK_MSB13   0x0016b0    program     static ../qscc_hook_s17.asm     
            S8B_CHK_MSB14   0x0016ee    program     static ../qscc_hook_s17.asm     
            S8B_CHK_MSB15   0x00172c    program     static ../qscc_hook_s17.asm     
            S8B_CHK_MSB16   0x00176a    program     static ../qscc_hook_s17.asm     
            S8B_CHK_MSB17   0x0017a8    program     static ../qscc_hook_s17.asm     
            S8B_CHK_MSB18   0x0017e6    program     static ../qscc_hook_s17.asm     
            S8B_CHK_MSB19   0x001824    program     static ../qscc_hook_s17.asm     
             S8B_CHK_MSB2   0x000ee2    program     static ../lumos_main.asm        
            S8B_CHK_MSB20   0x001862    program     static ../qscc_hook_s17.asm     
            S8B_CHK_MSB21   0x0018a0    program     static ../qscc_hook_s17.asm     
            S8B_CHK_MSB22   0x0018de    program     static ../qscc_hook_s17.asm     
            S8B_CHK_MSB23   0x00191c    program     static ../qscc_hook_s17.asm     
            S8B_CHK_MSB24   0x00195a    program     static ../qscc_hook_s17.asm     
            S8B_CHK_MSB25   0x001998    program     static ../qscc_hook_s17.asm     
            S8B_CHK_MSB26   0x0019d6    program     static ../qscc_hook_s17.asm     
            S8B_CHK_MSB27   0x001a14    program     static ../qscc_hook_s17.asm     
            S8B_CHK_MSB28   0x001a52    program     static ../qscc_hook_s17.asm     
            S8B_CHK_MSB29   0x001a90    program     static ../qscc_hook_s17.asm     
             S8B_CHK_MSB3   0x000f2a    program     static ../lumos_main.asm        
            S8B_CHK_MSB30   0x001ace    program     static ../qscc_hook_s17.asm     
            S8B_CHK_MSB31   0x001b0c    program     static ../qscc_hook_s17.asm     
            S8B_CHK_MSB32   0x001b4a    program     static ../qscc_hook_s17.asm     
            S8B_CHK_MSB33   0x001b88    program     static ../qscc_hook_s17.asm     
            S8B_CHK_MSB34   0x001bc6    program     static ../qscc_hook_s17.asm     
            S8B_CHK_MSB35   0x001c04    program     static ../qscc_hook_s17.asm     
            S8B_CHK_MSB36   0x001c42    program     static ../qscc_hook_s17.asm     
            S8B_CHK_MSB37   0x001c80    program     static ../qscc_hook_s17.asm     
            S8B_CHK_MSB38   0x001cbe    program     static ../qscc_hook_s17.asm     
            S8B_CHK_MSB39   0x001cfc    program     static ../qscc_hook_s17.asm     
             S8B_CHK_MSB4   0x000f68    program     static ../lumos_main.asm        
            S8B_CHK_MSB40   0x001d3a    program     static ../qscc_hook_s17.asm     
            S8B_CHK_MSB41   0x001d78    program     static ../qscc_hook_s17.asm     
            S8B_CHK_MSB42   0x001db6    program     static ../qscc_hook_s17.asm     
            S8B_CHK_MSB43   0x001df4    program     static ../qscc_hook_s17.asm     
            S8B_CHK_MSB44   0x001e32    program     static ../qscc_hook_s17.asm     
            S8B_CHK_MSB45   0x001e70    program     static ../qscc_hook_s17.asm     
            S8B_CHK_MSB46   0x001eae    program     static ../qscc_hook_s17.asm     
            S8B_CHK_MSB47   0x001eec    program     static ../qscc_hook_s17.asm     
            S8B_CHK_MSB48   0x001f2a    program     static ../qscc_hook_s17.asm     
            S8B_CHK_MSB49   0x001f68    program     static ../qscc_hook_s17.asm     
             S8B_CHK_MSB5   0x000fac    program     static ../lumos_main.asm        
            S8B_CHK_MSB50   0x001fa6    program     static ../qscc_hook_s17.asm     
            S8B_CHK_MSB51   0x001fe4    program     static ../qscc_hook_s17.asm     
             S8B_CHK_MSB6   0x000ff4    program     static ../lumos_main.asm        
             S8B_CHK_MSB7   0x001032    program     static ../lumos_main.asm        
             S8B_CHK_MSB8   0x001086    program     static ../lumos_main.asm        
             S8B_CHK_MSB9   0x00112a    program     static ../lumos_main.asm        
                 S8B_END1   0x000eb8    program     static ../lumos_main.asm        
                S8B_END10   0x001198    program     static ../lumos_main.asm        
                S8B_END11   0x0011d6    program     static ../lumos_main.asm        
                S8B_END12   0x001684    program     static ../qscc_hook_s17.asm     
                S8B_END13   0x0016c2    program     static ../qscc_hook_s17.asm     
                S8B_END14   0x001700    program     static ../qscc_hook_s17.asm     
                S8B_END15   0x00173e    program     static ../qscc_hook_s17.asm     
                S8B_END16   0x00177c    program     static ../qscc_hook_s17.asm     
                S8B_END17   0x0017ba    program     static ../qscc_hook_s17.asm     
                S8B_END18   0x0017f8    program     static ../qscc_hook_s17.asm     
                S8B_END19   0x001836    program     static ../qscc_hook_s17.asm     
                 S8B_END2   0x000ef4    program     static ../lumos_main.asm        
                S8B_END20   0x001874    program     static ../qscc_hook_s17.asm     
                S8B_END21   0x0018b2    program     static ../qscc_hook_s17.asm     
                S8B_END22   0x0018f0    program     static ../qscc_hook_s17.asm     
                S8B_END23   0x00192e    program     static ../qscc_hook_s17.asm     
                S8B_END24   0x00196c    program     static ../qscc_hook_s17.asm     
                S8B_END25   0x0019aa    program     static ../qscc_hook_s17.asm     
                S8B_END26   0x0019e8    program     static ../qscc_hook_s17.asm     
                S8B_END27   0x001a26    program     static ../qscc_hook_s17.asm     
                S8B_END28   0x001a64    program     static ../qscc_hook_s17.asm     
                S8B_END29   0x001aa2    program     static ../qscc_hook_s17.asm     
                 S8B_END3   0x000f3c    program     static ../lumos_main.asm        
                S8B_END30   0x001ae0    program     static ../qscc_hook_s17.asm     
                S8B_END31   0x001b1e    program     static ../qscc_hook_s17.asm     
                S8B_END32   0x001b5c    program     static ../qscc_hook_s17.asm     
                S8B_END33   0x001b9a    program     static ../qscc_hook_s17.asm     
                S8B_END34   0x001bd8    program     static ../qscc_hook_s17.asm     
                S8B_END35   0x001c16    program     static ../qscc_hook_s17.asm     
                S8B_END36   0x001c54    program     static ../qscc_hook_s17.asm     
                S8B_END37   0x001c92    program     static ../qscc_hook_s17.asm     
                S8B_END38   0x001cd0    program     static ../qscc_hook_s17.asm     
                S8B_END39   0x001d0e    program     static ../qscc_hook_s17.asm     
                 S8B_END4   0x000f7a    program     static ../lumos_main.asm        
                S8B_END40   0x001d4c    program     static ../qscc_hook_s17.asm     
                S8B_END41   0x001d8a    program     static ../qscc_hook_s17.asm     
                S8B_END42   0x001dc8    program     static ../qscc_hook_s17.asm     
                S8B_END43   0x001e06    program     static ../qscc_hook_s17.asm     
                S8B_END44   0x001e44    program     static ../qscc_hook_s17.asm     
                S8B_END45   0x001e82    program     static ../qscc_hook_s17.asm     
                S8B_END46   0x001ec0    program     static ../qscc_hook_s17.asm     
                S8B_END47   0x001efe    program     static ../qscc_hook_s17.asm     
                S8B_END48   0x001f3c    program     static ../qscc_hook_s17.asm     
                S8B_END49   0x001f7a    program     static ../qscc_hook_s17.asm     
                 S8B_END5   0x000fbe    program     static ../lumos_main.asm        
                S8B_END50   0x001fb8    program     static ../qscc_hook_s17.asm     
                S8B_END51   0x001ff6    program     static ../qscc_hook_s17.asm     
                 S8B_END6   0x001006    program     static ../lumos_main.asm        
                 S8B_END7   0x001044    program     static ../lumos_main.asm        
                 S8B_END8   0x001098    program     static ../lumos_main.asm        
                 S8B_END9   0x00113c    program     static ../lumos_main.asm        
         S8B_SEND_NORMAL1   0x000eb2    program     static ../lumos_main.asm        
        S8B_SEND_NORMAL10   0x001192    program     static ../lumos_main.asm        
        S8B_SEND_NORMAL11   0x0011d0    program     static ../lumos_main.asm        
        S8B_SEND_NORMAL12   0x00167e    program     static ../qscc_hook_s17.asm     
        S8B_SEND_NORMAL13   0x0016bc    program     static ../qscc_hook_s17.asm     
        S8B_SEND_NORMAL14   0x0016fa    program     static ../qscc_hook_s17.asm     
        S8B_SEND_NORMAL15   0x001738    program     static ../qscc_hook_s17.asm     
        S8B_SEND_NORMAL16   0x001776    program     static ../qscc_hook_s17.asm     
        S8B_SEND_NORMAL17   0x0017b4    program     static ../qscc_hook_s17.asm     
        S8B_SEND_NORMAL18   0x0017f2    program     static ../qscc_hook_s17.asm     
        S8B_SEND_NORMAL19   0x001830    program     static ../qscc_hook_s17.asm     
         S8B_SEND_NORMAL2   0x000eee    program     static ../lumos_main.asm        
        S8B_SEND_NORMAL20   0x00186e    program     static ../qscc_hook_s17.asm     
        S8B_SEND_NORMAL21   0x0018ac    program     static ../qscc_hook_s17.asm     
        S8B_SEND_NORMAL22   0x0018ea    program     static ../qscc_hook_s17.asm     
        S8B_SEND_NORMAL23   0x001928    program     static ../qscc_hook_s17.asm     
        S8B_SEND_NORMAL24   0x001966    program     static ../qscc_hook_s17.asm     
        S8B_SEND_NORMAL25   0x0019a4    program     static ../qscc_hook_s17.asm     
        S8B_SEND_NORMAL26   0x0019e2    program     static ../qscc_hook_s17.asm     
        S8B_SEND_NORMAL27   0x001a20    program     static ../qscc_hook_s17.asm     
        S8B_SEND_NORMAL28   0x001a5e    program     static ../qscc_hook_s17.asm     
        S8B_SEND_NORMAL29   0x001a9c    program     static ../qscc_hook_s17.asm     
         S8B_SEND_NORMAL3   0x000f36    program     static ../lumos_main.asm        
        S8B_SEND_NORMAL30   0x001ada    program     static ../qscc_hook_s17.asm     
        S8B_SEND_NORMAL31   0x001b18    program     static ../qscc_hook_s17.asm     
        S8B_SEND_NORMAL32   0x001b56    program     static ../qscc_hook_s17.asm     
        S8B_SEND_NORMAL33   0x001b94    program     static ../qscc_hook_s17.asm     
        S8B_SEND_NORMAL34   0x001bd2    program     static ../qscc_hook_s17.asm     
        S8B_SEND_NORMAL35   0x001c10    program     static ../qscc_hook_s17.asm     
        S8B_SEND_NORMAL36   0x001c4e    program     static ../qscc_hook_s17.asm     
        S8B_SEND_NORMAL37   0x001c8c    program     static ../qscc_hook_s17.asm     
        S8B_SEND_NORMAL38   0x001cca    program     static ../qscc_hook_s17.asm     
        S8B_SEND_NORMAL39   0x001d08    program     static ../qscc_hook_s17.asm     
         S8B_SEND_NORMAL4   0x000f74    program     static ../lumos_main.asm        
        S8B_SEND_NORMAL40   0x001d46    program     static ../qscc_hook_s17.asm     
        S8B_SEND_NORMAL41   0x001d84    program     static ../qscc_hook_s17.asm     
        S8B_SEND_NORMAL42   0x001dc2    program     static ../qscc_hook_s17.asm     
        S8B_SEND_NORMAL43   0x001e00    program     static ../qscc_hook_s17.asm     
        S8B_SEND_NORMAL44   0x001e3e    program     static ../qscc_hook_s17.asm     
        S8B_SEND_NORMAL45   0x001e7c    program     static ../qscc_hook_s17.asm     
        S8B_SEND_NORMAL46   0x001eba    program     static ../qscc_hook_s17.asm     
        S8B_SEND_NORMAL47   0x001ef8    program     static ../qscc_hook_s17.asm     
        S8B_SEND_NORMAL48   0x001f36    program     static ../qscc_hook_s17.asm     
        S8B_SEND_NORMAL49   0x001f74    program     static ../qscc_hook_s17.asm     
         S8B_SEND_NORMAL5   0x000fb8    program     static ../lumos_main.asm        
        S8B_SEND_NORMAL50   0x001fb2    program     static ../qscc_hook_s17.asm     
        S8B_SEND_NORMAL51   0x001ff0    program     static ../qscc_hook_s17.asm     
         S8B_SEND_NORMAL6   0x001000    program     static ../lumos_main.asm        
         S8B_SEND_NORMAL7   0x00103e    program     static ../lumos_main.asm        
         S8B_SEND_NORMAL8   0x001092    program     static ../lumos_main.asm        
         S8B_SEND_NORMAL9   0x001136    program     static ../lumos_main.asm        
                  S8_DATA   0x0012fa    program     static ../lumos_main.asm        
    S8_PASS_DOWN_RAMP_LVL   0x001334    program     static ../lumos_main.asm        
               S9_CF_ADDR   0x001510    program     static ../lumos_main.asm        
              S9_CF_PHASE   0x0014f8    program     static ../lumos_main.asm        
                  S9_DATA   0x00133c    program     static ../lumos_main.asm        
           S9_DO_PRIV_CMD   0x001456    program     static ../lumos_main.asm        
          S9_INTERNAL_CMD   0x001446    program     static ../lumos_main.asm        
                S9_PRIV_0   0x001464    program     static ../lumos_main.asm        
               S9_PRIV_0X   0x00146a    program     static ../lumos_main.asm        
                S9_PRIV_1   0x001472    program     static ../lumos_main.asm        
                S9_PRIV_2   0x00148a    program     static ../lumos_main.asm        
                S9_PRIV_3   0x0014a2    program     static ../lumos_main.asm        
                S9_PRIV_4   0x0014ba    program     static ../lumos_main.asm        
                S9_PRIV_5   0x0014c4    program     static ../lumos_main.asm        
                S9_PRIV_6   0x0014dc    program     static ../lumos_main.asm        
       S9_PRIV_6_QS_PARAM   0x0014dc    program     static ../qscc_hook_s9_priv_6.asm
                S9_PRIV_7   0x0014f4    program     static ../qscc_hook_s9_priv_6.asm
              S9_PRIV_CMD   0x00144a    program     static ../lumos_main.asm        
              S9_X0_SLEEP   0x00134c    program     static ../lumos_main.asm        
               S9_X1_WAKE   0x001360    program     static ../lumos_main.asm        
           S9_X2_SHUTDOWN   0x001378    program     static ../lumos_main.asm        
              S9_X3_QUERY   0x001390    program     static ../lumos_main.asm        
            S9_X4_DEF_SEQ   0x0013a8    program     static ../lumos_main.asm        
           S9_X5_EXEC_SEQ   0x0013b2    program     static ../lumos_main.asm        
           S9_X6_DEF_SENS   0x0013bc    program     static ../lumos_main.asm        
           S9_X7_MSK_SENS   0x0013d4    program     static ../lumos_main.asm        
            S9_X8_CLR_SEQ   0x0013de    program     static ../lumos_main.asm        
              S9_X9_XPRIV   0x0013f6    program     static ../lumos_main.asm        
        S9_XA_ERR_COMMAND   0x0013fe    program     static ../lumos_main.asm        
           S9_XA_QS_QUERY   0x0013fe    program     static ../qscc_hook_s9_xa.asm   
           S9_XB_BTN_MASK   0x001408    program     static ../qscc_hook_s9_xa.asm   
          S9_XC_DISP_TEXT   0x001412    program     static ../qscc_hook_s9_xa.asm   
        S9_XD_DISP_BITMAP   0x00142a    program     static ../qscc_hook_s9_xa.asm   
        S9_XE_ERR_COMMAND   0x001442    program     static ../qscc_hook_s9_xa.asm   
          SCAN_DEBOUNCERS   0x0151aa    program     static ../quizshow_main.asm     
          SCN_DB_ACTIVE_0   0x0151ba    program     static ../quizshow_main.asm     
          SCN_DB_ACTIVE_1   0x015364    program     static ../quizshow_main.asm     
          SCN_DB_ACTIVE_2   0x01550e    program     static ../quizshow_main.asm     
          SCN_DB_ACTIVE_3   0x0156b8    program     static ../quizshow_main.asm     
          SCN_DB_ACTIVE_4   0x015862    program     static ../quizshow_main.asm     
          SCN_DB_ACTIVE_5   0x015a0c    program     static ../quizshow_main.asm     
          SCN_DB_ACTIVE_6   0x015bb6    program     static ../quizshow_main.asm     
          SCN_DB_ACTIVE_7   0x015d60    program     static ../quizshow_main.asm     
          SCN_DB_ACTIVE_8   0x015f0a    program     static ../quizshow_main.asm     
          SCN_DB_ACTIVE_9   0x0160b4    program     static ../quizshow_main.asm     
         SCN_DB_CHANGED_0   0x0152ca    program     static ../quizshow_main.asm     
         SCN_DB_CHANGED_1   0x015474    program     static ../quizshow_main.asm     
         SCN_DB_CHANGED_2   0x01561e    program     static ../quizshow_main.asm     
         SCN_DB_CHANGED_3   0x0157c8    program     static ../quizshow_main.asm     
         SCN_DB_CHANGED_4   0x015972    program     static ../quizshow_main.asm     
         SCN_DB_CHANGED_5   0x015b1c    program     static ../quizshow_main.asm     
         SCN_DB_CHANGED_6   0x015cc6    program     static ../quizshow_main.asm     
         SCN_DB_CHANGED_7   0x015e70    program     static ../quizshow_main.asm     
         SCN_DB_CHANGED_8   0x01601a    program     static ../quizshow_main.asm     
         SCN_DB_CHANGED_9   0x0161c4    program     static ../quizshow_main.asm     
            SCN_DB_DING_0   0x015246    program     static ../quizshow_main.asm     
            SCN_DB_DING_1   0x0153f0    program     static ../quizshow_main.asm     
            SCN_DB_DING_2   0x01559a    program     static ../quizshow_main.asm     
            SCN_DB_DING_3   0x015744    program     static ../quizshow_main.asm     
            SCN_DB_DING_4   0x0158ee    program     static ../quizshow_main.asm     
            SCN_DB_DING_5   0x015a98    program     static ../quizshow_main.asm     
            SCN_DB_DING_6   0x015c42    program     static ../quizshow_main.asm     
            SCN_DB_DING_7   0x015dec    program     static ../quizshow_main.asm     
            SCN_DB_DING_8   0x015f96    program     static ../quizshow_main.asm     
            SCN_DB_DING_9   0x016140    program     static ../quizshow_main.asm     
            SCN_DB_DONE_0   0x015354    program     static ../quizshow_main.asm     
            SCN_DB_DONE_1   0x0154fe    program     static ../quizshow_main.asm     
            SCN_DB_DONE_2   0x0156a8    program     static ../quizshow_main.asm     
            SCN_DB_DONE_3   0x015852    program     static ../quizshow_main.asm     
            SCN_DB_DONE_4   0x0159fc    program     static ../quizshow_main.asm     
            SCN_DB_DONE_5   0x015ba6    program     static ../quizshow_main.asm     
            SCN_DB_DONE_6   0x015d50    program     static ../quizshow_main.asm     
            SCN_DB_DONE_7   0x015efa    program     static ../quizshow_main.asm     
            SCN_DB_DONE_8   0x0160a4    program     static ../quizshow_main.asm     
            SCN_DB_DONE_9   0x01624e    program     static ../quizshow_main.asm     
             SCN_DB_END_0   0x0152cc    program     static ../quizshow_main.asm     
             SCN_DB_END_1   0x015476    program     static ../quizshow_main.asm     
             SCN_DB_END_2   0x015620    program     static ../quizshow_main.asm     
             SCN_DB_END_3   0x0157ca    program     static ../quizshow_main.asm     
             SCN_DB_END_4   0x015974    program     static ../quizshow_main.asm     
             SCN_DB_END_5   0x015b1e    program     static ../quizshow_main.asm     
             SCN_DB_END_6   0x015cc8    program     static ../quizshow_main.asm     
             SCN_DB_END_7   0x015e72    program     static ../quizshow_main.asm     
             SCN_DB_END_8   0x01601c    program     static ../quizshow_main.asm     
             SCN_DB_END_9   0x0161c6    program     static ../quizshow_main.asm     
             SCN_DB_LCK_0   0x0152de    program     static ../quizshow_main.asm     
             SCN_DB_LCK_1   0x015488    program     static ../quizshow_main.asm     
             SCN_DB_LCK_2   0x015632    program     static ../quizshow_main.asm     
             SCN_DB_LCK_3   0x0157dc    program     static ../quizshow_main.asm     
             SCN_DB_LCK_4   0x015986    program     static ../quizshow_main.asm     
             SCN_DB_LCK_5   0x015b30    program     static ../quizshow_main.asm     
             SCN_DB_LCK_6   0x015cda    program     static ../quizshow_main.asm     
             SCN_DB_LCK_7   0x015e84    program     static ../quizshow_main.asm     
             SCN_DB_LCK_8   0x01602e    program     static ../quizshow_main.asm     
             SCN_DB_LCK_9   0x0161d8    program     static ../quizshow_main.asm     
    SET_ALL_BUTTON_LIGHTS   0x01630a    program     static ../quizshow_main.asm     
                 SIO_ECHO   0x0003a8    program     extern ../serial-io.asm         
               SIO_ECHO_W   0x0003a4    program     extern ../serial-io.asm         
          SIO_FLUSH_INPUT   0x00035a    program     extern ../serial-io.asm         
           SIO_FLUSH_IN_1   0x000366    program     static ../serial-io.asm         
         SIO_FLUSH_OUTPUT   0x000374    program     extern ../serial-io.asm         
          SIO_FLUSH_OUT_1   0x000380    program     static ../serial-io.asm         
              SIO_GETCHAR   0x000462    program     extern ../serial-io.asm         
            SIO_GETCHAR_W   0x00045c    program     extern ../serial-io.asm         
                 SIO_INIT   0x000316    program     extern ../serial-io.asm         
              SIO_NEWLINE   0x000426    program     extern ../serial-io.asm         
            SIO_PRINT_HEX   0x000470    program     extern ../serial-io.asm         
          SIO_PRINT_HEX_W   0x00046c    program     extern ../serial-io.asm         
              SIO_PUTCHAR   0x0003e4    program     extern ../serial-io.asm         
            SIO_PUTCHAR_W   0x0003e8    program     extern ../serial-io.asm         
                 SIO_READ   0x000438    program     extern ../serial-io.asm         
               SIO_READ_W   0x000432    program     extern ../serial-io.asm         
                 SIO_RECV   0x00055e    program     extern ../serial-io.asm         
                 SIO_SEND   0x00052a    program     extern ../serial-io.asm         
           SIO_SET_BAUD_W   0x00038e    program     extern ../serial-io.asm         
                SIO_WRITE   0x0003fa    program     extern ../serial-io.asm         
              SIO_WRITE_W   0x0003fe    program     extern ../serial-io.asm         
       SPIN_FOR_BUF_DRAIN   0x0003ee    program     static ../serial-io.asm         
         SSR_OUTPUT_VALUE   0x00208a    program     static ../lumos_main.asm        
                    START   0x000104    program     static ../lumos_main.asm        
          START_DMX_FRAME   0x0008fe    program     static ../lumos_main.asm        
                  SYS_SNH   0x016ff0    program     static ../lumos_main.asm        
                  SYS_SNL   0x016ff1    program     static ../lumos_main.asm        
                  S_FLASH   0x000100    program     static ../lumos_main.asm        
              TEST_MODE_1   0x0008d0    program     static ../lumos_main.asm        
         TEST_MODE_BYPASS   0x000884    program     static ../lumos_main.asm        
         TEST_NOT_PRESSED   0x0008bc    program     static ../lumos_main.asm        
                TEST_NP_1   0x0008d0    program     static ../lumos_main.asm        
                TEST_NP_2   0x0008d0    program     static ../lumos_main.asm        
               TRY_DOWN_0   0x002178    program     static ../lumos_main.asm        
               TRY_DOWN_1   0x0021be    program     static ../lumos_main.asm        
              TRY_DOWN_10   0x002434    program     static ../lumos_main.asm        
              TRY_DOWN_11   0x00247a    program     static ../lumos_main.asm        
              TRY_DOWN_12   0x0024c0    program     static ../lumos_main.asm        
              TRY_DOWN_13   0x002506    program     static ../lumos_main.asm        
              TRY_DOWN_14   0x00254c    program     static ../lumos_main.asm        
              TRY_DOWN_15   0x002592    program     static ../lumos_main.asm        
              TRY_DOWN_16   0x0025d8    program     static ../lumos_main.asm        
              TRY_DOWN_17   0x00261e    program     static ../lumos_main.asm        
              TRY_DOWN_18   0x002664    program     static ../lumos_main.asm        
              TRY_DOWN_19   0x0026aa    program     static ../lumos_main.asm        
               TRY_DOWN_2   0x002204    program     static ../lumos_main.asm        
               TRY_DOWN_3   0x00224a    program     static ../lumos_main.asm        
               TRY_DOWN_4   0x002290    program     static ../lumos_main.asm        
               TRY_DOWN_5   0x0022d6    program     static ../lumos_main.asm        
               TRY_DOWN_6   0x00231c    program     static ../lumos_main.asm        
               TRY_DOWN_7   0x002362    program     static ../lumos_main.asm        
               TRY_DOWN_8   0x0023a8    program     static ../lumos_main.asm        
               TRY_DOWN_9   0x0023ee    program     static ../lumos_main.asm        
             TR_OFF_DELAY   0x0027b8    program     static ../lumos_main.asm        
              TR_ON_DELAY   0x0027ae    program     static ../lumos_main.asm        
                  TR_ON_L   0x0027b0    program     static ../lumos_main.asm        
                  TX_DONE   0x000554    program     static ../serial-io.asm         
                    TX_OK   0x000536    program     static ../serial-io.asm         
     UPDATE_MINIMUM_LEVEL   0x00214c    program     static ../lumos_main.asm        
      UPDATE_MIN_DIMMED_0   0x002158    program     static ../lumos_main.asm        
      UPDATE_MIN_DIMMED_1   0x00219e    program     static ../lumos_main.asm        
     UPDATE_MIN_DIMMED_10   0x002414    program     static ../lumos_main.asm        
     UPDATE_MIN_DIMMED_11   0x00245a    program     static ../lumos_main.asm        
     UPDATE_MIN_DIMMED_12   0x0024a0    program     static ../lumos_main.asm        
     UPDATE_MIN_DIMMED_13   0x0024e6    program     static ../lumos_main.asm        
     UPDATE_MIN_DIMMED_14   0x00252c    program     static ../lumos_main.asm        
     UPDATE_MIN_DIMMED_15   0x002572    program     static ../lumos_main.asm        
     UPDATE_MIN_DIMMED_16   0x0025b8    program     static ../lumos_main.asm        
     UPDATE_MIN_DIMMED_17   0x0025fe    program     static ../lumos_main.asm        
     UPDATE_MIN_DIMMED_18   0x002644    program     static ../lumos_main.asm        
     UPDATE_MIN_DIMMED_19   0x00268a    program     static ../lumos_main.asm        
      UPDATE_MIN_DIMMED_2   0x0021e4    program     static ../lumos_main.asm        
      UPDATE_MIN_DIMMED_3   0x00222a    program     static ../lumos_main.asm        
      UPDATE_MIN_DIMMED_4   0x002270    program     static ../lumos_main.asm        
      UPDATE_MIN_DIMMED_5   0x0022b6    program     static ../lumos_main.asm        
      UPDATE_MIN_DIMMED_6   0x0022fc    program     static ../lumos_main.asm        
      UPDATE_MIN_DIMMED_7   0x002342    program     static ../lumos_main.asm        
      UPDATE_MIN_DIMMED_8   0x002388    program     static ../lumos_main.asm        
      UPDATE_MIN_DIMMED_9   0x0023ce    program     static ../lumos_main.asm        
        UPDATE_MIN_SKIP_0   0x00215a    program     static ../lumos_main.asm        
        UPDATE_MIN_SKIP_1   0x0021a0    program     static ../lumos_main.asm        
       UPDATE_MIN_SKIP_10   0x002416    program     static ../lumos_main.asm        
       UPDATE_MIN_SKIP_11   0x00245c    program     static ../lumos_main.asm        
       UPDATE_MIN_SKIP_12   0x0024a2    program     static ../lumos_main.asm        
       UPDATE_MIN_SKIP_13   0x0024e8    program     static ../lumos_main.asm        
       UPDATE_MIN_SKIP_14   0x00252e    program     static ../lumos_main.asm        
       UPDATE_MIN_SKIP_15   0x002574    program     static ../lumos_main.asm        
       UPDATE_MIN_SKIP_16   0x0025ba    program     static ../lumos_main.asm        
       UPDATE_MIN_SKIP_17   0x002600    program     static ../lumos_main.asm        
       UPDATE_MIN_SKIP_18   0x002646    program     static ../lumos_main.asm        
       UPDATE_MIN_SKIP_19   0x00268c    program     static ../lumos_main.asm        
        UPDATE_MIN_SKIP_2   0x0021e6    program     static ../lumos_main.asm        
        UPDATE_MIN_SKIP_3   0x00222c    program     static ../lumos_main.asm        
        UPDATE_MIN_SKIP_4   0x002272    program     static ../lumos_main.asm        
        UPDATE_MIN_SKIP_5   0x0022b8    program     static ../lumos_main.asm        
        UPDATE_MIN_SKIP_6   0x0022fe    program     static ../lumos_main.asm        
        UPDATE_MIN_SKIP_7   0x002344    program     static ../lumos_main.asm        
        UPDATE_MIN_SKIP_8   0x00238a    program     static ../lumos_main.asm        
        UPDATE_MIN_SKIP_9   0x0023d0    program     static ../lumos_main.asm        
       UPDATE_SSR_OUTPUTS   0x0020c6    program     static ../lumos_main.asm        
        UPDATE_SSR_SKIP_0   0x0020d6    program     static ../lumos_main.asm        
        UPDATE_SSR_SKIP_1   0x0020dc    program     static ../lumos_main.asm        
       UPDATE_SSR_SKIP_10   0x002112    program     static ../lumos_main.asm        
       UPDATE_SSR_SKIP_11   0x002118    program     static ../lumos_main.asm        
       UPDATE_SSR_SKIP_12   0x00211e    program     static ../lumos_main.asm        
       UPDATE_SSR_SKIP_13   0x002124    program     static ../lumos_main.asm        
       UPDATE_SSR_SKIP_14   0x00212a    program     static ../lumos_main.asm        
       UPDATE_SSR_SKIP_15   0x002130    program     static ../lumos_main.asm        
       UPDATE_SSR_SKIP_16   0x002136    program     static ../lumos_main.asm        
       UPDATE_SSR_SKIP_17   0x00213c    program     static ../lumos_main.asm        
       UPDATE_SSR_SKIP_18   0x002142    program     static ../lumos_main.asm        
       UPDATE_SSR_SKIP_19   0x002148    program     static ../lumos_main.asm        
        UPDATE_SSR_SKIP_2   0x0020e2    program     static ../lumos_main.asm        
        UPDATE_SSR_SKIP_3   0x0020e8    program     static ../lumos_main.asm        
        UPDATE_SSR_SKIP_4   0x0020ee    program     static ../lumos_main.asm        
        UPDATE_SSR_SKIP_5   0x0020f4    program     static ../lumos_main.asm        
        UPDATE_SSR_SKIP_6   0x0020fa    program     static ../lumos_main.asm        
        UPDATE_SSR_SKIP_7   0x002100    program     static ../lumos_main.asm        
        UPDATE_SSR_SKIP_8   0x002106    program     static ../lumos_main.asm        
        UPDATE_SSR_SKIP_9   0x00210c    program     static ../lumos_main.asm        
              WATCH_BREAK   0x00083e    program     static ../lumos_main.asm        
       WRITE_EEPROM_LOOP0   0x0002d2    program     static ../lumos_main.asm        
       WRITE_EEPROM_LOOP1   0x000c22    program     static ../lumos_main.asm        
       WRITE_EEPROM_LOOP2   0x000c3c    program     static ../lumos_main.asm        
       WRITE_EEPROM_LOOP3   0x000c9a    program     static ../lumos_main.asm        
       WRITE_EEPROM_LOOP4   0x000d34    program     static ../lumos_main.asm        
       WRITE_EEPROM_LOOP5   0x000d54    program     static ../lumos_main.asm        
       WRITE_EEPROM_LOOP6   0x000dba    program     static ../lumos_main.asm        
                 WRITE_OK   0x000412    program     static ../serial-io.asm         
             XLATE_SSR_ID   0x0020b2    program     static ../lumos_main.asm        
            AUTO_OFF_CTRH   0x00001c       data     static ../lumos_main.asm        
            AUTO_OFF_CTRL   0x00001d       data     static ../lumos_main.asm        
             B32__BCD_ASC   0x000312       data     extern ../serial-io.asm         
                 B32__BIN   0x000317       data     extern ../serial-io.asm         
                 B32__BIT   0x00030c       data     static ../serial-io.asm         
               B32__FSR0H   0x00030e       data     static ../serial-io.asm         
               B32__FSR0L   0x00030f       data     static ../serial-io.asm         
               B32__FSR1H   0x000310       data     static ../serial-io.asm         
               B32__FSR1L   0x000311       data     static ../serial-io.asm         
              B32__OUTCTR   0x00030d       data     static ../serial-io.asm         
           BTN_X0_DEB_TMR   0x000c60       data     static ../quizshow_main.asm     
             BTN_X0_FLAGS   0x000c40       data     extern ../quizshow_main.asm     
           BTN_X0_LOCKTMR   0x000c50       data     static ../quizshow_main.asm     
            BTN_X0_TIME_H   0x000c20       data     extern ../quizshow_main.asm     
            BTN_X0_TIME_L   0x000c30       data     extern ../quizshow_main.asm     
            BTN_X0_TIME_T   0x000c00       data     extern ../quizshow_main.asm     
            BTN_X0_TIME_U   0x000c10       data     extern ../quizshow_main.asm     
                  CUR_PRE   0x000015       data     static ../lumos_main.asm        
                 CUR_PREH   0x000014       data     static ../lumos_main.asm        
                CUR_SLICE   0x000016       data     static ../lumos_main.asm        
                DMX_SLOTH   0x000008       data     static ../lumos_main.asm        
                DMX_SLOTL   0x000009       data     static ../lumos_main.asm        
           EIGHTBITSIOBUF   0x00001e       data     static ../lumos_main.asm        
               FSR1H_SAVE   0x00030a       data     static ../serial-io.asm         
               FSR1L_SAVE   0x00030b       data     static ../serial-io.asm         
                        I   0x00001f       data     static ../lumos_main.asm        
             ISR_TMPL_BSR   0x000001       data     static ../lumos_main.asm        
          ISR_TMPL_STATUS   0x000000       data     static ../lumos_main.asm        
            ISR_TMPL_WREG   0x000002       data     static ../lumos_main.asm        
                        J   0x000020       data     static ../lumos_main.asm        
                        K   0x000021       data     static ../lumos_main.asm        
                       KK   0x000022       data     static ../lumos_main.asm        
               LAST_ERROR   0x000013       data     static ../lumos_main.asm        
               MY_ADDRESS   0x000003       data     static ../lumos_main.asm        
          OPTION_DEBOUNCE   0x000018       data     static ../lumos_main.asm        
              OPTION_HOLD   0x000019       data     static ../lumos_main.asm        
            PHASE_OFFSETH   0x000004       data     static ../lumos_main.asm        
            PHASE_OFFSETL   0x000005       data     static ../lumos_main.asm        
             QS_BTN_TMR_T   0x000024       data     extern ../qscc_hook_access_bank.inc
             QS_BTN_TMR_U   0x000025       data     extern ../qscc_hook_access_bank.inc
           QUIZSHOW_FLAGS   0x000026       data     extern ../qscc_hook_access_bank.inc
           QUIZSHOW_LCKTM   0x000c70       data     static ../quizshow_main.asm     
                RX_BUFFER   0x000200       data     static ../serial-io.asm         
               RX_BUF_END   0x000306       data     static ../serial-io.asm         
             RX_BUF_START   0x000305       data     static ../serial-io.asm         
                SIO_INPUT   0x000301       data     extern ../serial-io.asm         
               SIO_OUTPUT   0x000302       data     extern ../serial-io.asm         
               SIO_STATUS   0x000300       data     extern ../serial-io.asm         
                SIO_TMPPC   0x000309       data     static ../serial-io.asm         
                    SIO_X   0x000308       data     static ../serial-io.asm         
           SSR_00_COUNTER   0x000450       data     extern ../lumos_main.asm        
             SSR_00_FLAGS   0x000414       data     extern ../lumos_main.asm        
             SSR_00_SPEED   0x00043c       data     extern ../lumos_main.asm        
              SSR_00_STEP   0x000428       data     extern ../lumos_main.asm        
             SSR_00_VALUE   0x000400       data     extern ../lumos_main.asm        
                SSR_STATE   0x000006       data     extern ../lumos_main.asm        
               SSR_STATE2   0x000007       data     static ../lumos_main.asm        
               TARGET_SSR   0x000017       data     static ../lumos_main.asm        
               TEST_CYCLE   0x00001a       data     static ../lumos_main.asm        
                 TEST_SSR   0x00001b       data     static ../lumos_main.asm        
                     TR_I   0x000023       data     static ../lumos_main.asm        
                TX_BUFFER   0x000100       data     static ../serial-io.asm         
               TX_BUF_END   0x000304       data     static ../serial-io.asm         
             TX_BUF_START   0x000303       data     static ../serial-io.asm         
                  TX_CHAR   0x000307       data     static ../serial-io.asm         
                YY_BUFFER   0x000500       data     static ../lumos_main.asm        
               YY_BUF_IDX   0x000010       data     static ../lumos_main.asm        
             YY_CMD_FLAGS   0x00000c       data     static ../lumos_main.asm        
               YY_COMMAND   0x00000b       data     static ../lumos_main.asm        
                  YY_DATA   0x00000d       data     static ../lumos_main.asm        
         YY_LOOKAHEAD_MAX   0x00000e       data     static ../lumos_main.asm        
              YY_LOOK_FOR   0x00000f       data     static ../lumos_main.asm        
            YY_NEXT_STATE   0x000011       data     static ../lumos_main.asm        
                 YY_STATE   0x00000a       data     static ../lumos_main.asm        
                    YY_YY   0x000012       data     static ../lumos_main.asm        



                              Symbols - Sorted by Address
                     Name    Address   Location    Storage File                     
                ---------  ---------  ---------  --------- ---------                
                QSCC_INIT   0x00000e    program     extern ../quizshow_init.asm     
               LUMOS_INIT   0x00001e    program     extern ../lumos_init.asm        
                  S_FLASH   0x000100    program     static ../lumos_main.asm        
                  D_FLASH   0x000102    program     static ../lumos_main.asm        
                    START   0x000104    program     static ../lumos_main.asm        
                 END_FRJC   0x000284    program     static ../lumos_main.asm        
FACTORY_RESET_JUMPER_CHECK   0x000284    program     static ../lumos_main.asm        
            FACTORY_RESET   0x00029c    program     static ../lumos_main.asm        
       FACTORY_RESET_LOOP   0x0002c0    program     static ../lumos_main.asm        
       WRITE_EEPROM_LOOP0   0x0002d2    program     static ../lumos_main.asm        
      FACTORY_RESET_FLASH   0x0002f4    program     static ../lumos_main.asm        
           DELAY_1_12_SEC   0x0002f6    program     static ../lumos_main.asm        
            DELAY_1_6_SEC   0x0002fe    program     static ../lumos_main.asm        
                 D_1_6_KK   0x000304    program     static ../lumos_main.asm        
                  D_1_6_J   0x000306    program     static ../lumos_main.asm        
                  D_1_6_K   0x000308    program     static ../lumos_main.asm        
                 SIO_INIT   0x000316    program     extern ../serial-io.asm         
              CLR_NEXT_TX   0x00032c    program     static ../serial-io.asm         
              CLR_NEXT_RX   0x00033a    program     static ../serial-io.asm         
          SIO_FLUSH_INPUT   0x00035a    program     extern ../serial-io.asm         
           SIO_FLUSH_IN_1   0x000366    program     static ../serial-io.asm         
         SIO_FLUSH_OUTPUT   0x000374    program     extern ../serial-io.asm         
          SIO_FLUSH_OUT_1   0x000380    program     static ../serial-io.asm         
           SIO_SET_BAUD_W   0x00038e    program     extern ../serial-io.asm         
               SIO_ECHO_W   0x0003a4    program     extern ../serial-io.asm         
                 SIO_ECHO   0x0003a8    program     extern ../serial-io.asm         
               ECHO_7BITS   0x0003ba    program     static ../serial-io.asm         
          ECHO_NOT_DELETE   0x0003c8    program     static ../serial-io.asm         
          ECHO_NOT_ESCAPE   0x0003d2    program     static ../serial-io.asm         
               ECHO_PLAIN   0x0003de    program     static ../serial-io.asm         
              SIO_PUTCHAR   0x0003e4    program     extern ../serial-io.asm         
            SIO_PUTCHAR_W   0x0003e8    program     extern ../serial-io.asm         
       SPIN_FOR_BUF_DRAIN   0x0003ee    program     static ../serial-io.asm         
                SIO_WRITE   0x0003fa    program     extern ../serial-io.asm         
              SIO_WRITE_W   0x0003fe    program     extern ../serial-io.asm         
                 WRITE_OK   0x000412    program     static ../serial-io.asm         
              SIO_NEWLINE   0x000426    program     extern ../serial-io.asm         
               SIO_READ_W   0x000432    program     extern ../serial-io.asm         
                 SIO_READ   0x000438    program     extern ../serial-io.asm         
                  READ_OK   0x000444    program     static ../serial-io.asm         
                READ_DONE   0x00045a    program     static ../serial-io.asm         
            SIO_GETCHAR_W   0x00045c    program     extern ../serial-io.asm         
              SIO_GETCHAR   0x000462    program     extern ../serial-io.asm         
                  GC_SPIN   0x000464    program     static ../serial-io.asm         
          SIO_PRINT_HEX_W   0x00046c    program     extern ../serial-io.asm         
            SIO_PRINT_HEX   0x000470    program     extern ../serial-io.asm         
             B32__BIN2BCD   0x00048e    program     extern ../serial-io.asm         
           B32__B2BCD_BIT   0x0004a8    program     static ../serial-io.asm         
          B32__B2BCD_LOOP   0x0004b0    program     static ../serial-io.asm         
[...]
             SCN_DB_LCK_1   0x015488    program     static ../quizshow_main.asm     
        LLIM_NOT_LOCKED_5   0x0154b8    program     static ../quizshow_main.asm     
               LLIM_OFF_5   0x0154e0    program     static ../quizshow_main.asm     
               LLIM_END_5   0x0154fc    program     static ../quizshow_main.asm     
            SCN_DB_DONE_1   0x0154fe    program     static ../quizshow_main.asm     
          SCN_DB_ACTIVE_2   0x01550e    program     static ../quizshow_main.asm     
        LLIM_NOT_LOCKED_6   0x015552    program     static ../quizshow_main.asm     
               LLIM_OFF_6   0x01557a    program     static ../quizshow_main.asm     
               LLIM_END_6   0x015596    program     static ../quizshow_main.asm     
            SCN_DB_DING_2   0x01559a    program     static ../quizshow_main.asm     
        LLIM_NOT_LOCKED_7   0x0155d6    program     static ../quizshow_main.asm     
               LLIM_OFF_7   0x0155fe    program     static ../quizshow_main.asm     
               LLIM_END_7   0x01561a    program     static ../quizshow_main.asm     
         SCN_DB_CHANGED_2   0x01561e    program     static ../quizshow_main.asm     
             SCN_DB_END_2   0x015620    program     static ../quizshow_main.asm     
             SCN_DB_LCK_2   0x015632    program     static ../quizshow_main.asm     
        LLIM_NOT_LOCKED_8   0x015662    program     static ../quizshow_main.asm     
               LLIM_OFF_8   0x01568a    program     static ../quizshow_main.asm     
               LLIM_END_8   0x0156a6    program     static ../quizshow_main.asm     
            SCN_DB_DONE_2   0x0156a8    program     static ../quizshow_main.asm     
          SCN_DB_ACTIVE_3   0x0156b8    program     static ../quizshow_main.asm     
        LLIM_NOT_LOCKED_9   0x0156fc    program     static ../quizshow_main.asm     
               LLIM_OFF_9   0x015724    program     static ../quizshow_main.asm     
               LLIM_END_9   0x015740    program     static ../quizshow_main.asm     
            SCN_DB_DING_3   0x015744    program     static ../quizshow_main.asm     
       LLIM_NOT_LOCKED_10   0x015780    program     static ../quizshow_main.asm     
              LLIM_OFF_10   0x0157a8    program     static ../quizshow_main.asm     
              LLIM_END_10   0x0157c4    program     static ../quizshow_main.asm     
         SCN_DB_CHANGED_3   0x0157c8    program     static ../quizshow_main.asm     
             SCN_DB_END_3   0x0157ca    program     static ../quizshow_main.asm     
             SCN_DB_LCK_3   0x0157dc    program     static ../quizshow_main.asm     
       LLIM_NOT_LOCKED_11   0x01580c    program     static ../quizshow_main.asm     
              LLIM_OFF_11   0x015834    program     static ../quizshow_main.asm     
              LLIM_END_11   0x015850    program     static ../quizshow_main.asm     
            SCN_DB_DONE_3   0x015852    program     static ../quizshow_main.asm     
          SCN_DB_ACTIVE_4   0x015862    program     static ../quizshow_main.asm     
       LLIM_NOT_LOCKED_12   0x0158a6    program     static ../quizshow_main.asm     
              LLIM_OFF_12   0x0158ce    program     static ../quizshow_main.asm     
              LLIM_END_12   0x0158ea    program     static ../quizshow_main.asm     
            SCN_DB_DING_4   0x0158ee    program     static ../quizshow_main.asm     
       LLIM_NOT_LOCKED_13   0x01592a    program     static ../quizshow_main.asm     
              LLIM_OFF_13   0x015952    program     static ../quizshow_main.asm     
              LLIM_END_13   0x01596e    program     static ../quizshow_main.asm     
         SCN_DB_CHANGED_4   0x015972    program     static ../quizshow_main.asm     
             SCN_DB_END_4   0x015974    program     static ../quizshow_main.asm     
             SCN_DB_LCK_4   0x015986    program     static ../quizshow_main.asm     
       LLIM_NOT_LOCKED_14   0x0159b6    program     static ../quizshow_main.asm     
              LLIM_OFF_14   0x0159de    program     static ../quizshow_main.asm     
              LLIM_END_14   0x0159fa    program     static ../quizshow_main.asm     
            SCN_DB_DONE_4   0x0159fc    program     static ../quizshow_main.asm     
          SCN_DB_ACTIVE_5   0x015a0c    program     static ../quizshow_main.asm     
       LLIM_NOT_LOCKED_15   0x015a50    program     static ../quizshow_main.asm     
              LLIM_OFF_15   0x015a78    program     static ../quizshow_main.asm     
              LLIM_END_15   0x015a94    program     static ../quizshow_main.asm     
            SCN_DB_DING_5   0x015a98    program     static ../quizshow_main.asm     
       LLIM_NOT_LOCKED_16   0x015ad4    program     static ../quizshow_main.asm     
              LLIM_OFF_16   0x015afc    program     static ../quizshow_main.asm     
              LLIM_END_16   0x015b18    program     static ../quizshow_main.asm     
         SCN_DB_CHANGED_5   0x015b1c    program     static ../quizshow_main.asm     
             SCN_DB_END_5   0x015b1e    program     static ../quizshow_main.asm     
             SCN_DB_LCK_5   0x015b30    program     static ../quizshow_main.asm     
       LLIM_NOT_LOCKED_17   0x015b60    program     static ../quizshow_main.asm     
              LLIM_OFF_17   0x015b88    program     static ../quizshow_main.asm     
              LLIM_END_17   0x015ba4    program     static ../quizshow_main.asm     
            SCN_DB_DONE_5   0x015ba6    program     static ../quizshow_main.asm     
          SCN_DB_ACTIVE_6   0x015bb6    program     static ../quizshow_main.asm     
       LLIM_NOT_LOCKED_18   0x015bfa    program     static ../quizshow_main.asm     
              LLIM_OFF_18   0x015c22    program     static ../quizshow_main.asm     
              LLIM_END_18   0x015c3e    program     static ../quizshow_main.asm     
            SCN_DB_DING_6   0x015c42    program     static ../quizshow_main.asm     
       LLIM_NOT_LOCKED_19   0x015c7e    program     static ../quizshow_main.asm     
              LLIM_OFF_19   0x015ca6    program     static ../quizshow_main.asm     
              LLIM_END_19   0x015cc2    program     static ../quizshow_main.asm     
         SCN_DB_CHANGED_6   0x015cc6    program     static ../quizshow_main.asm     
             SCN_DB_END_6   0x015cc8    program     static ../quizshow_main.asm     
             SCN_DB_LCK_6   0x015cda    program     static ../quizshow_main.asm     
       LLIM_NOT_LOCKED_20   0x015d0a    program     static ../quizshow_main.asm     
              LLIM_OFF_20   0x015d32    program     static ../quizshow_main.asm     
              LLIM_END_20   0x015d4e    program     static ../quizshow_main.asm     
            SCN_DB_DONE_6   0x015d50    program     static ../quizshow_main.asm     
          SCN_DB_ACTIVE_7   0x015d60    program     static ../quizshow_main.asm     
       LLIM_NOT_LOCKED_21   0x015da4    program     static ../quizshow_main.asm     
              LLIM_OFF_21   0x015dcc    program     static ../quizshow_main.asm     
              LLIM_END_21   0x015de8    program     static ../quizshow_main.asm     
            SCN_DB_DING_7   0x015dec    program     static ../quizshow_main.asm     
       LLIM_NOT_LOCKED_22   0x015e28    program     static ../quizshow_main.asm     
              LLIM_OFF_22   0x015e50    program     static ../quizshow_main.asm     
              LLIM_END_22   0x015e6c    program     static ../quizshow_main.asm     
         SCN_DB_CHANGED_7   0x015e70    program     static ../quizshow_main.asm     
             SCN_DB_END_7   0x015e72    program     static ../quizshow_main.asm     
             SCN_DB_LCK_7   0x015e84    program     static ../quizshow_main.asm     
       LLIM_NOT_LOCKED_23   0x015eb4    program     static ../quizshow_main.asm     
              LLIM_OFF_23   0x015edc    program     static ../quizshow_main.asm     
              LLIM_END_23   0x015ef8    program     static ../quizshow_main.asm     
            SCN_DB_DONE_7   0x015efa    program     static ../quizshow_main.asm     
          SCN_DB_ACTIVE_8   0x015f0a    program     static ../quizshow_main.asm     
       LLIM_NOT_LOCKED_24   0x015f4e    program     static ../quizshow_main.asm     
              LLIM_OFF_24   0x015f76    program     static ../quizshow_main.asm     
              LLIM_END_24   0x015f92    program     static ../quizshow_main.asm     
            SCN_DB_DING_8   0x015f96    program     static ../quizshow_main.asm     
       LLIM_NOT_LOCKED_25   0x015fd2    program     static ../quizshow_main.asm     
              LLIM_OFF_25   0x015ffa    program     static ../quizshow_main.asm     
              LLIM_END_25   0x016016    program     static ../quizshow_main.asm     
         SCN_DB_CHANGED_8   0x01601a    program     static ../quizshow_main.asm     
             SCN_DB_END_8   0x01601c    program     static ../quizshow_main.asm     
             SCN_DB_LCK_8   0x01602e    program     static ../quizshow_main.asm     
       LLIM_NOT_LOCKED_26   0x01605e    program     static ../quizshow_main.asm     
              LLIM_OFF_26   0x016086    program     static ../quizshow_main.asm     
              LLIM_END_26   0x0160a2    program     static ../quizshow_main.asm     
            SCN_DB_DONE_8   0x0160a4    program     static ../quizshow_main.asm     
          SCN_DB_ACTIVE_9   0x0160b4    program     static ../quizshow_main.asm     
       LLIM_NOT_LOCKED_27   0x0160f8    program     static ../quizshow_main.asm     
              LLIM_OFF_27   0x016120    program     static ../quizshow_main.asm     
              LLIM_END_27   0x01613c    program     static ../quizshow_main.asm     
            SCN_DB_DING_9   0x016140    program     static ../quizshow_main.asm     
       LLIM_NOT_LOCKED_28   0x01617c    program     static ../quizshow_main.asm     
              LLIM_OFF_28   0x0161a4    program     static ../quizshow_main.asm     
              LLIM_END_28   0x0161c0    program     static ../quizshow_main.asm     
         SCN_DB_CHANGED_9   0x0161c4    program     static ../quizshow_main.asm     
             SCN_DB_END_9   0x0161c6    program     static ../quizshow_main.asm     
             SCN_DB_LCK_9   0x0161d8    program     static ../quizshow_main.asm     
       LLIM_NOT_LOCKED_29   0x016208    program     static ../quizshow_main.asm     
              LLIM_OFF_29   0x016230    program     static ../quizshow_main.asm     
              LLIM_END_29   0x01624c    program     static ../quizshow_main.asm     
            SCN_DB_DONE_9   0x01624e    program     static ../quizshow_main.asm     
          QSCC_CMD5_START   0x016252    program     extern ../quizshow_main.asm     
    SET_ALL_BUTTON_LIGHTS   0x01630a    program     static ../quizshow_main.asm     
       LLIM_NOT_LOCKED_30   0x016338    program     static ../quizshow_main.asm     
              LLIM_OFF_30   0x016360    program     static ../quizshow_main.asm     
              LLIM_END_30   0x01637c    program     static ../quizshow_main.asm     
       LLIM_NOT_LOCKED_31   0x0163a8    program     static ../quizshow_main.asm     
              LLIM_OFF_31   0x0163d0    program     static ../quizshow_main.asm     
              LLIM_END_31   0x0163ec    program     static ../quizshow_main.asm     
       LLIM_NOT_LOCKED_32   0x016418    program     static ../quizshow_main.asm     
              LLIM_OFF_32   0x016440    program     static ../quizshow_main.asm     
              LLIM_END_32   0x01645c    program     static ../quizshow_main.asm     
       LLIM_NOT_LOCKED_33   0x016488    program     static ../quizshow_main.asm     
              LLIM_OFF_33   0x0164b0    program     static ../quizshow_main.asm     
              LLIM_END_33   0x0164cc    program     static ../quizshow_main.asm     
       LLIM_NOT_LOCKED_34   0x0164f8    program     static ../quizshow_main.asm     
              LLIM_OFF_34   0x016520    program     static ../quizshow_main.asm     
              LLIM_END_34   0x01653c    program     static ../quizshow_main.asm     
       LLIM_NOT_LOCKED_35   0x016568    program     static ../quizshow_main.asm     
              LLIM_OFF_35   0x016590    program     static ../quizshow_main.asm     
              LLIM_END_35   0x0165ac    program     static ../quizshow_main.asm     
       LLIM_NOT_LOCKED_36   0x0165d8    program     static ../quizshow_main.asm     
              LLIM_OFF_36   0x016600    program     static ../quizshow_main.asm     
              LLIM_END_36   0x01661c    program     static ../quizshow_main.asm     
       LLIM_NOT_LOCKED_37   0x016648    program     static ../quizshow_main.asm     
              LLIM_OFF_37   0x016670    program     static ../quizshow_main.asm     
              LLIM_END_37   0x01668c    program     static ../quizshow_main.asm     
       LLIM_NOT_LOCKED_38   0x0166b8    program     static ../quizshow_main.asm     
              LLIM_OFF_38   0x0166e0    program     static ../quizshow_main.asm     
              LLIM_END_38   0x0166fc    program     static ../quizshow_main.asm     
       LLIM_NOT_LOCKED_39   0x016728    program     static ../quizshow_main.asm     
              LLIM_OFF_39   0x016750    program     static ../quizshow_main.asm     
              LLIM_END_39   0x01676c    program     static ../quizshow_main.asm     
          QS_STOP_SCANNER   0x016770    program     extern ../quizshow_main.asm     
                  SYS_SNH   0x016ff0    program     static ../lumos_main.asm        
                  SYS_SNL   0x016ff1    program     static ../lumos_main.asm        
          ISR_TMPL_STATUS   0x000000       data     static ../lumos_main.asm        
             ISR_TMPL_BSR   0x000001       data     static ../lumos_main.asm        
            ISR_TMPL_WREG   0x000002       data     static ../lumos_main.asm        
               MY_ADDRESS   0x000003       data     static ../lumos_main.asm        
            PHASE_OFFSETH   0x000004       data     static ../lumos_main.asm        
            PHASE_OFFSETL   0x000005       data     static ../lumos_main.asm        
                SSR_STATE   0x000006       data     extern ../lumos_main.asm        
               SSR_STATE2   0x000007       data     static ../lumos_main.asm        
                DMX_SLOTH   0x000008       data     static ../lumos_main.asm        
                DMX_SLOTL   0x000009       data     static ../lumos_main.asm        
                 YY_STATE   0x00000a       data     static ../lumos_main.asm        
               YY_COMMAND   0x00000b       data     static ../lumos_main.asm        
             YY_CMD_FLAGS   0x00000c       data     static ../lumos_main.asm        
                  YY_DATA   0x00000d       data     static ../lumos_main.asm        
         YY_LOOKAHEAD_MAX   0x00000e       data     static ../lumos_main.asm        
              YY_LOOK_FOR   0x00000f       data     static ../lumos_main.asm        
               YY_BUF_IDX   0x000010       data     static ../lumos_main.asm        
            YY_NEXT_STATE   0x000011       data     static ../lumos_main.asm        
                    YY_YY   0x000012       data     static ../lumos_main.asm        
               LAST_ERROR   0x000013       data     static ../lumos_main.asm        
                 CUR_PREH   0x000014       data     static ../lumos_main.asm        
                  CUR_PRE   0x000015       data     static ../lumos_main.asm        
                CUR_SLICE   0x000016       data     static ../lumos_main.asm        
               TARGET_SSR   0x000017       data     static ../lumos_main.asm        
          OPTION_DEBOUNCE   0x000018       data     static ../lumos_main.asm        
              OPTION_HOLD   0x000019       data     static ../lumos_main.asm        
               TEST_CYCLE   0x00001a       data     static ../lumos_main.asm        
                 TEST_SSR   0x00001b       data     static ../lumos_main.asm        
            AUTO_OFF_CTRH   0x00001c       data     static ../lumos_main.asm        
            AUTO_OFF_CTRL   0x00001d       data     static ../lumos_main.asm        
           EIGHTBITSIOBUF   0x00001e       data     static ../lumos_main.asm        
                        I   0x00001f       data     static ../lumos_main.asm        
                        J   0x000020       data     static ../lumos_main.asm        
                        K   0x000021       data     static ../lumos_main.asm        
                       KK   0x000022       data     static ../lumos_main.asm        
                     TR_I   0x000023       data     static ../lumos_main.asm        
             QS_BTN_TMR_T   0x000024       data     extern ../qscc_hook_access_bank.inc
             QS_BTN_TMR_U   0x000025       data     extern ../qscc_hook_access_bank.inc
           QUIZSHOW_FLAGS   0x000026       data     extern ../qscc_hook_access_bank.inc
                TX_BUFFER   0x000100       data     static ../serial-io.asm         
                RX_BUFFER   0x000200       data     static ../serial-io.asm         
               SIO_STATUS   0x000300       data     extern ../serial-io.asm         
                SIO_INPUT   0x000301       data     extern ../serial-io.asm         
               SIO_OUTPUT   0x000302       data     extern ../serial-io.asm         
             TX_BUF_START   0x000303       data     static ../serial-io.asm         
               TX_BUF_END   0x000304       data     static ../serial-io.asm         
             RX_BUF_START   0x000305       data     static ../serial-io.asm         
               RX_BUF_END   0x000306       data     static ../serial-io.asm         
                  TX_CHAR   0x000307       data     static ../serial-io.asm         
                    SIO_X   0x000308       data     static ../serial-io.asm         
                SIO_TMPPC   0x000309       data     static ../serial-io.asm         
               FSR1H_SAVE   0x00030a       data     static ../serial-io.asm         
               FSR1L_SAVE   0x00030b       data     static ../serial-io.asm         
                 B32__BIT   0x00030c       data     static ../serial-io.asm         
              B32__OUTCTR   0x00030d       data     static ../serial-io.asm         
               B32__FSR0H   0x00030e       data     static ../serial-io.asm         
               B32__FSR0L   0x00030f       data     static ../serial-io.asm         
               B32__FSR1H   0x000310       data     static ../serial-io.asm         
               B32__FSR1L   0x000311       data     static ../serial-io.asm         
             B32__BCD_ASC   0x000312       data     extern ../serial-io.asm         
                 B32__BIN   0x000317       data     extern ../serial-io.asm         
             SSR_00_VALUE   0x000400       data     extern ../lumos_main.asm        
             SSR_00_FLAGS   0x000414       data     extern ../lumos_main.asm        
              SSR_00_STEP   0x000428       data     extern ../lumos_main.asm        
             SSR_00_SPEED   0x00043c       data     extern ../lumos_main.asm        
           SSR_00_COUNTER   0x000450       data     extern ../lumos_main.asm        
                YY_BUFFER   0x000500       data     static ../lumos_main.asm        
            BTN_X0_TIME_T   0x000c00       data     extern ../quizshow_main.asm     
            BTN_X0_TIME_U   0x000c10       data     extern ../quizshow_main.asm     
            BTN_X0_TIME_H   0x000c20       data     extern ../quizshow_main.asm     
            BTN_X0_TIME_L   0x000c30       data     extern ../quizshow_main.asm     
             BTN_X0_FLAGS   0x000c40       data     extern ../quizshow_main.asm     
           BTN_X0_LOCKTMR   0x000c50       data     static ../quizshow_main.asm     
           BTN_X0_DEB_TMR   0x000c60       data     static ../quizshow_main.asm     
           QUIZSHOW_LCKTM   0x000c70       data     static ../quizshow_main.asm     


