MPLINK 4.51, LINKER
Linker Map File - Created Mon Jun  9 21:14:23 2014

                                 Section Info
                  Section       Type    Address   Location Size(Bytes)
                ---------  ---------  ---------  ---------  ---------
                    V_RST       code   0x000000    program   0x000006
                   .cinit    romdata   0x000006    program   0x000002
                  V_INT_H       code   0x000008    program   0x000006
       QUIZSHOW_CODE_INIT       code   0x00000e    program   0x000008
                  V_INT_L       code   0x000018    program   0x000006
          LUMOS_CODE_INIT       code   0x00001e    program   0x000098
                    _BOOT       code   0x000100    program   0x000216
                _SIO_CODE       code   0x000316    program   0x000292
                     _INT       code   0x0005a8    program   0x000074
                    _MAIN       code   0x000800    program   0x00151c
         _EEPROM_DEFS_TBL       code   0x014000    program   0x000010
                   .org_0       code   0x015000    program   0x00007e
           _QUIZSHOW_CODE       code   0x01507e    program   0x0016e2
                  __SYS__       code   0x016ff0    program   0x000002
.config_300001_BUILD/DEFAULT/PRODUCTION/_EXT/14    romdata   0x300001    program   0x000001
.config_300002_BUILD/DEFAULT/PRODUCTION/_EXT/14    romdata   0x300002    program   0x000001
.config_300003_BUILD/DEFAULT/PRODUCTION/_EXT/14    romdata   0x300003    program   0x000001
.config_300005_BUILD/DEFAULT/PRODUCTION/_EXT/14    romdata   0x300005    program   0x000001
.config_300006_BUILD/DEFAULT/PRODUCTION/_EXT/14    romdata   0x300006    program   0x000001
.config_300008_BUILD/DEFAULT/PRODUCTION/_EXT/14    romdata   0x300008    program   0x000001
.config_300009_BUILD/DEFAULT/PRODUCTION/_EXT/14    romdata   0x300009    program   0x000001
.config_30000A_BUILD/DEFAULT/PRODUCTION/_EXT/14    romdata   0x30000a    program   0x000001
.config_30000B_BUILD/DEFAULT/PRODUCTION/_EXT/14    romdata   0x30000b    program   0x000001
.config_30000C_BUILD/DEFAULT/PRODUCTION/_EXT/14    romdata   0x30000c    program   0x000001
.config_30000D_BUILD/DEFAULT/PRODUCTION/_EXT/14    romdata   0x30000d    program   0x000001
                  _EEPROM       code   0xf00000    program   0x000010
                   _ADATA      udata   0x000000       data   0x000027
          _SIO_TXBUF_DATA      udata   0x000100       data   0x000100
          _SIO_RXBUF_DATA      udata   0x000200       data   0x000100
            _SIO_VAR_DATA      udata   0x000300       data   0x00001b
                _SSR_DATA      udata   0x000400       data   0x000064
                _MAINDATA      udata   0x000500       data   0x0000c8
           _QUIZSHOW_DATA      udata   0x000c00       data   0x000071



                              Program Memory Usage 
                               Start         End      
                           ---------   ---------      
                            0x000000    0x000002      
                            0x000006    0x000006      
                            0x000008    0x00000a      
                            0x00000e    0x000011      
                            0x000018    0x00001a      
                            0x00001e    0x000069      
                            0x000100    0x00020a      
                            0x000316    0x00045e      
                            0x0005a8    0x0005e1      
                            0x000800    0x00128d      
                            0x014000    0x014007      
                            0x015000    0x01503e      
                            0x01507e    0x015bee      
                            0x016ff0    0x016ff0      
                            0x300001    0x300003      
                            0x300005    0x300006      
                            0x300008    0x30000d      
                            0xf00000    0xf00007      
            6466 out of 99352 program addresses used, program memory utilization is 6%



                              Symbols - Sorted by Name
                     Name    Address   Location    Storage File                     
                ---------  ---------  ---------  --------- ---------                
           B32__B2BCD_BIT   0x0004a8    program     static ../serial-io.asm         
          B32__B2BCD_LOOP   0x0004b0    program     static ../serial-io.asm         
           B32__BCD2ASCII   0x0004e4    program     extern ../serial-io.asm         
          B32__BCD2A_LOOP   0x000504    program     static ../serial-io.asm         
             B32__BIN2BCD   0x00048e    program     extern ../serial-io.asm         
                BAD_BREAK   0x000868    program     static ../lumos_main.asm        
                 BAUDTBLH   0x01502a    program     static ../serial-io.asm         
                 BAUDTBLL   0x015054    program     static ../serial-io.asm         
             BE_AWAKE_NOW   0x001c42    program     static ../lumos_main.asm        
          BREAK_CONFIRMED   0x000854    program     static ../lumos_main.asm        
                  BRK_DET   0x00082e    program     static ../lumos_main.asm        
                 BRK_DET2   0x000826    program     static ../lumos_main.asm        
              CLR_NEXT_RX   0x00033a    program     static ../serial-io.asm         
              CLR_NEXT_TX   0x00032c    program     static ../serial-io.asm         
                CMD_XPRIV   0x0014c4    program     static ../lumos_main.asm        
                DATA_BYTE   0x000a90    program     static ../lumos_main.asm        
                DB_CHK_7E   0x000aa4    program     static ../lumos_main.asm        
                DB_CHK_7F   0x000aae    program     static ../lumos_main.asm        
           DB_CHK_LITERAL   0x000a9c    program     static ../lumos_main.asm        
               DB_HANDLER   0x000ab8    program     static ../lumos_main.asm        
              DEFAULT_TBL   0x014000    program     static ../lumos_main.asm        
           DELAY_1_12_SEC   0x0002f6    program     static ../lumos_main.asm        
            DELAY_1_6_SEC   0x0002fe    program     static ../lumos_main.asm        
                   DMX_18   0x001cc6    program     static ../lumos_main.asm        
                   DMX_19   0x001cf8    program     static ../lumos_main.asm        
                 DMX_DONE   0x001cf4    program     static ../lumos_main.asm        
     DMX_EXIT_TEMPORARILY   0x001c4e    program     static ../lumos_main.asm        
            DMX_NOT_FIRST   0x001cae    program     static ../lumos_main.asm        
    DMX_PASS_DOWN_SET_LVL   0x001cec    program     static ../lumos_main.asm        
        DMX_RECEIVED_BYTE   0x001c8e    program     static ../lumos_main.asm        
               DMX_RESUME   0x001c7c    program     static ../lumos_main.asm        
         DMX_SLOT_REACHED   0x001cc4    program     static ../lumos_main.asm        
               DMX_ST_LSB   0x001cc0    program     static ../lumos_main.asm        
          DMX_WEIRD_FRAME   0x001caa    program     static ../lumos_main.asm        
             DO_CMD_SLEEP   0x000df2    program     static ../lumos_main.asm        
              DO_CMD_WAKE   0x000e1c    program     static ../lumos_main.asm        
             DO_TEST_MODE   0x0008b2    program     static ../lumos_main.asm        
    DRAIN_M_S_TX_BLOCKING   0x0008aa    program     static ../lumos_main.asm        
        DRAIN_TRANSMITTER   0x000892    program     static ../lumos_main.asm        
                  D_1_6_J   0x000306    program     static ../lumos_main.asm        
                  D_1_6_K   0x000308    program     static ../lumos_main.asm        
                 D_1_6_KK   0x000304    program     static ../lumos_main.asm        
                  D_FLASH   0x000102    program     static ../lumos_main.asm        
               ECHO_7BITS   0x0003ba    program     static ../serial-io.asm         
          ECHO_NOT_DELETE   0x0003c8    program     static ../serial-io.asm         
          ECHO_NOT_ESCAPE   0x0003d2    program     static ../serial-io.asm         
               ECHO_PLAIN   0x0003de    program     static ../serial-io.asm         
               END_FADE_0   0x0016f8    program     static ../lumos_main.asm        
               END_FADE_1   0x00173e    program     static ../lumos_main.asm        
              END_FADE_10   0x0019b4    program     static ../lumos_main.asm        
              END_FADE_11   0x0019fa    program     static ../lumos_main.asm        
              END_FADE_12   0x001a40    program     static ../lumos_main.asm        
              END_FADE_13   0x001a86    program     static ../lumos_main.asm        
              END_FADE_14   0x001acc    program     static ../lumos_main.asm        
              END_FADE_15   0x001b12    program     static ../lumos_main.asm        
              END_FADE_16   0x001b58    program     static ../lumos_main.asm        
              END_FADE_17   0x001b9e    program     static ../lumos_main.asm        
              END_FADE_18   0x001be4    program     static ../lumos_main.asm        
              END_FADE_19   0x001c2a    program     static ../lumos_main.asm        
               END_FADE_2   0x001784    program     static ../lumos_main.asm        
               END_FADE_3   0x0017ca    program     static ../lumos_main.asm        
               END_FADE_4   0x001810    program     static ../lumos_main.asm        
               END_FADE_5   0x001856    program     static ../lumos_main.asm        
               END_FADE_6   0x00189c    program     static ../lumos_main.asm        
               END_FADE_7   0x0018e2    program     static ../lumos_main.asm        
               END_FADE_8   0x001928    program     static ../lumos_main.asm        
               END_FADE_9   0x00196e    program     static ../lumos_main.asm        
                 END_FRJC   0x000284    program     static ../lumos_main.asm        
          END_SERIAL_READ   0x000888    program     static ../lumos_main.asm        
                ERR_ABORT   0x000924    program     static ../lumos_main.asm        
       ERR_CMD_INCOMPLETE   0x000910    program     static ../lumos_main.asm        
              ERR_COMMAND   0x000920    program     static ../lumos_main.asm        
              ERR_FRAMING   0x00059c    program     static ../serial-io.asm         
              ERR_NOT_IMP   0x000918    program     static ../lumos_main.asm        
              ERR_OVERRUN   0x0005a0    program     static ../serial-io.asm         
       ERR_SERIAL_FRAMING   0x0008f8    program     static ../lumos_main.asm        
          ERR_SERIAL_FULL   0x000908    program     static ../lumos_main.asm        
       ERR_SERIAL_OVERRUN   0x000902    program     static ../lumos_main.asm        
            FACTORY_RESET   0x00029c    program     static ../lumos_main.asm        
      FACTORY_RESET_FLASH   0x0002f4    program     static ../lumos_main.asm        
FACTORY_RESET_JUMPER_CHECK   0x000284    program     static ../lumos_main.asm        
       FACTORY_RESET_LOOP   0x0002c0    program     static ../lumos_main.asm        
                  GC_SPIN   0x000464    program     static ../serial-io.asm         
                HALT_MODE   0x001cfc    program     static ../lumos_main.asm        
               HALT_SLEEP   0x001d0a    program     static ../lumos_main.asm        
                   HEXTBL   0x015000    program     static ../serial-io.asm         
             INTERP_START   0x000948    program     static ../lumos_main.asm        
                 INT_HIGH   0x0005d2    program     static ../lumos_main.asm        
                  INT_LOW   0x0005a8    program     static ../lumos_main.asm        
                   INT_RX   0x0005bc    program     static ../lumos_main.asm        
               INT_RX_END   0x0005c6    program     static ../lumos_main.asm        
                 INT_TMR2   0x0005ee    program     static ../lumos_main.asm        
            INT_TMR2_DONE   0x000608    program     static ../lumos_main.asm        
             INT_TMR2_END   0x00060a    program     static ../lumos_main.asm        
             INT_TMR2_MSB   0x000616    program     static ../lumos_main.asm        
            INT_TMR2_NEXT   0x000604    program     static ../lumos_main.asm        
                   INT_TX   0x0005b2    program     static ../lumos_main.asm        
               INT_TX_END   0x0005bc    program     static ../lumos_main.asm        
                   INT_ZC   0x0005d2    program     static ../lumos_main.asm        
               INT_ZC_END   0x0005ee    program     static ../lumos_main.asm        
               LLIM_END_0   0x015224    program     static ../quizshow_main.asm     
               LLIM_END_1   0x0152a8    program     static ../quizshow_main.asm     
              LLIM_END_10   0x0157a6    program     static ../quizshow_main.asm     
              LLIM_END_11   0x015832    program     static ../quizshow_main.asm     
              LLIM_END_12   0x0158cc    program     static ../quizshow_main.asm     
              LLIM_END_13   0x015950    program     static ../quizshow_main.asm     
              LLIM_END_14   0x0159dc    program     static ../quizshow_main.asm     
              LLIM_END_15   0x015a76    program     static ../quizshow_main.asm     
              LLIM_END_16   0x015afa    program     static ../quizshow_main.asm     
              LLIM_END_17   0x015b86    program     static ../quizshow_main.asm     
              LLIM_END_18   0x015c20    program     static ../quizshow_main.asm     
              LLIM_END_19   0x015ca4    program     static ../quizshow_main.asm     
               LLIM_END_2   0x015334    program     static ../quizshow_main.asm     
              LLIM_END_20   0x015d30    program     static ../quizshow_main.asm     
              LLIM_END_21   0x015dca    program     static ../quizshow_main.asm     
              LLIM_END_22   0x015e4e    program     static ../quizshow_main.asm     
              LLIM_END_23   0x015eda    program     static ../quizshow_main.asm     
              LLIM_END_24   0x015f74    program     static ../quizshow_main.asm     
              LLIM_END_25   0x015ff8    program     static ../quizshow_main.asm     
              LLIM_END_26   0x016084    program     static ../quizshow_main.asm     
              LLIM_END_27   0x01611e    program     static ../quizshow_main.asm     
              LLIM_END_28   0x0161a2    program     static ../quizshow_main.asm     
              LLIM_END_29   0x01622e    program     static ../quizshow_main.asm     
               LLIM_END_3   0x0153ce    program     static ../quizshow_main.asm     
              LLIM_END_30   0x01635e    program     static ../quizshow_main.asm     
              LLIM_END_31   0x0163ce    program     static ../quizshow_main.asm     
              LLIM_END_32   0x01643e    program     static ../quizshow_main.asm     
              LLIM_END_33   0x0164ae    program     static ../quizshow_main.asm     
              LLIM_END_34   0x01651e    program     static ../quizshow_main.asm     
              LLIM_END_35   0x01658e    program     static ../quizshow_main.asm     
              LLIM_END_36   0x0165fe    program     static ../quizshow_main.asm     
              LLIM_END_37   0x01666e    program     static ../quizshow_main.asm     
              LLIM_END_38   0x0166de    program     static ../quizshow_main.asm     
              LLIM_END_39   0x01674e    program     static ../quizshow_main.asm     
               LLIM_END_4   0x015452    program     static ../quizshow_main.asm     
               LLIM_END_5   0x0154de    program     static ../quizshow_main.asm     
               LLIM_END_6   0x015578    program     static ../quizshow_main.asm     
               LLIM_END_7   0x0155fc    program     static ../quizshow_main.asm     
               LLIM_END_8   0x015688    program     static ../quizshow_main.asm     
               LLIM_END_9   0x015722    program     static ../quizshow_main.asm     
        LLIM_NOT_LOCKED_0   0x0151e0    program     static ../quizshow_main.asm     
        LLIM_NOT_LOCKED_1   0x015264    program     static ../quizshow_main.asm     
       LLIM_NOT_LOCKED_10   0x015762    program     static ../quizshow_main.asm     
       LLIM_NOT_LOCKED_11   0x0157ee    program     static ../quizshow_main.asm     
       LLIM_NOT_LOCKED_12   0x015888    program     static ../quizshow_main.asm     
       LLIM_NOT_LOCKED_13   0x01590c    program     static ../quizshow_main.asm     
       LLIM_NOT_LOCKED_14   0x015998    program     static ../quizshow_main.asm     
       LLIM_NOT_LOCKED_15   0x015a32    program     static ../quizshow_main.asm     
       LLIM_NOT_LOCKED_16   0x015ab6    program     static ../quizshow_main.asm     
       LLIM_NOT_LOCKED_17   0x015b42    program     static ../quizshow_main.asm     
       LLIM_NOT_LOCKED_18   0x015bdc    program     static ../quizshow_main.asm     
       LLIM_NOT_LOCKED_19   0x015c60    program     static ../quizshow_main.asm     
        LLIM_NOT_LOCKED_2   0x0152f0    program     static ../quizshow_main.asm     
       LLIM_NOT_LOCKED_20   0x015cec    program     static ../quizshow_main.asm     
       LLIM_NOT_LOCKED_21   0x015d86    program     static ../quizshow_main.asm     
       LLIM_NOT_LOCKED_22   0x015e0a    program     static ../quizshow_main.asm     
       LLIM_NOT_LOCKED_23   0x015e96    program     static ../quizshow_main.asm     
       LLIM_NOT_LOCKED_24   0x015f30    program     static ../quizshow_main.asm     
       LLIM_NOT_LOCKED_25   0x015fb4    program     static ../quizshow_main.asm     
       LLIM_NOT_LOCKED_26   0x016040    program     static ../quizshow_main.asm     
       LLIM_NOT_LOCKED_27   0x0160da    program     static ../quizshow_main.asm     
       LLIM_NOT_LOCKED_28   0x01615e    program     static ../quizshow_main.asm     
       LLIM_NOT_LOCKED_29   0x0161ea    program     static ../quizshow_main.asm     
        LLIM_NOT_LOCKED_3   0x01538a    program     static ../quizshow_main.asm     
       LLIM_NOT_LOCKED_30   0x01631a    program     static ../quizshow_main.asm     
       LLIM_NOT_LOCKED_31   0x01638a    program     static ../quizshow_main.asm     
       LLIM_NOT_LOCKED_32   0x0163fa    program     static ../quizshow_main.asm     
       LLIM_NOT_LOCKED_33   0x01646a    program     static ../quizshow_main.asm     
       LLIM_NOT_LOCKED_34   0x0164da    program     static ../quizshow_main.asm     
       LLIM_NOT_LOCKED_35   0x01654a    program     static ../quizshow_main.asm     
       LLIM_NOT_LOCKED_36   0x0165ba    program     static ../quizshow_main.asm     
       LLIM_NOT_LOCKED_37   0x01662a    program     static ../quizshow_main.asm     
       LLIM_NOT_LOCKED_38   0x01669a    program     static ../quizshow_main.asm     
       LLIM_NOT_LOCKED_39   0x01670a    program     static ../quizshow_main.asm     
        LLIM_NOT_LOCKED_4   0x01540e    program     static ../quizshow_main.asm     
        LLIM_NOT_LOCKED_5   0x01549a    program     static ../quizshow_main.asm     
        LLIM_NOT_LOCKED_6   0x015534    program     static ../quizshow_main.asm     
        LLIM_NOT_LOCKED_7   0x0155b8    program     static ../quizshow_main.asm     
        LLIM_NOT_LOCKED_8   0x015644    program     static ../quizshow_main.asm     
        LLIM_NOT_LOCKED_9   0x0156de    program     static ../quizshow_main.asm     
               LLIM_OFF_0   0x015208    program     static ../quizshow_main.asm     
               LLIM_OFF_1   0x01528c    program     static ../quizshow_main.asm     
              LLIM_OFF_10   0x01578a    program     static ../quizshow_main.asm     
              LLIM_OFF_11   0x015816    program     static ../quizshow_main.asm     
              LLIM_OFF_12   0x0158b0    program     static ../quizshow_main.asm     
              LLIM_OFF_13   0x015934    program     static ../quizshow_main.asm     
              LLIM_OFF_14   0x0159c0    program     static ../quizshow_main.asm     
              LLIM_OFF_15   0x015a5a    program     static ../quizshow_main.asm     
              LLIM_OFF_16   0x015ade    program     static ../quizshow_main.asm     
              LLIM_OFF_17   0x015b6a    program     static ../quizshow_main.asm     
              LLIM_OFF_18   0x015c04    program     static ../quizshow_main.asm     
              LLIM_OFF_19   0x015c88    program     static ../quizshow_main.asm     
               LLIM_OFF_2   0x015318    program     static ../quizshow_main.asm     
              LLIM_OFF_20   0x015d14    program     static ../quizshow_main.asm     
              LLIM_OFF_21   0x015dae    program     static ../quizshow_main.asm     
              LLIM_OFF_22   0x015e32    program     static ../quizshow_main.asm     
              LLIM_OFF_23   0x015ebe    program     static ../quizshow_main.asm     
              LLIM_OFF_24   0x015f58    program     static ../quizshow_main.asm     
              LLIM_OFF_25   0x015fdc    program     static ../quizshow_main.asm     
              LLIM_OFF_26   0x016068    program     static ../quizshow_main.asm     
              LLIM_OFF_27   0x016102    program     static ../quizshow_main.asm     
              LLIM_OFF_28   0x016186    program     static ../quizshow_main.asm     
              LLIM_OFF_29   0x016212    program     static ../quizshow_main.asm     
               LLIM_OFF_3   0x0153b2    program     static ../quizshow_main.asm     
              LLIM_OFF_30   0x016342    program     static ../quizshow_main.asm     
              LLIM_OFF_31   0x0163b2    program     static ../quizshow_main.asm     
              LLIM_OFF_32   0x016422    program     static ../quizshow_main.asm     
              LLIM_OFF_33   0x016492    program     static ../quizshow_main.asm     
              LLIM_OFF_34   0x016502    program     static ../quizshow_main.asm     
              LLIM_OFF_35   0x016572    program     static ../quizshow_main.asm     
              LLIM_OFF_36   0x0165e2    program     static ../quizshow_main.asm     
              LLIM_OFF_37   0x016652    program     static ../quizshow_main.asm     
              LLIM_OFF_38   0x0166c2    program     static ../quizshow_main.asm     
              LLIM_OFF_39   0x016732    program     static ../quizshow_main.asm     
               LLIM_OFF_4   0x015436    program     static ../quizshow_main.asm     
               LLIM_OFF_5   0x0154c2    program     static ../quizshow_main.asm     
               LLIM_OFF_6   0x01555c    program     static ../quizshow_main.asm     
               LLIM_OFF_7   0x0155e0    program     static ../quizshow_main.asm     
               LLIM_OFF_8   0x01566c    program     static ../quizshow_main.asm     
               LLIM_OFF_9   0x015706    program     static ../quizshow_main.asm     
               LUMOS_INIT   0x00001e    program     extern ../lumos_init.asm        
                     MAIN   0x000800    program     static ../lumos_main.asm        
                  NOT_DMX   0x000864    program     static ../lumos_main.asm        
                ON_OFF_ON   0x000ae0    program     static ../lumos_main.asm        
           ON_OFF_YY_DATA   0x000ac6    program     static ../lumos_main.asm        
         PASS_DOWN_ON_OFF   0x000ae6    program     static ../lumos_main.asm        
        PASS_DOWN_SET_LVL   0x000b16    program     static ../lumos_main.asm        
          QSCC_CMD6_START   0x016234    program     extern ../quizshow_main.asm     
               QSCC_G_C_1   0x000956    program     static ../qscc_hook_global_commands.asm
               QSCC_G_C_2   0x000964    program     static ../qscc_hook_global_commands.asm
                QSCC_INIT   0x00000e    program     extern ../quizshow_init.asm     
             QSCC_INT_END   0x000614    program     static ../qscc_hook_isr.asm     
            QSCC_INT_TMR1   0x00060a    program     static ../qscc_hook_isr.asm     
                QSCC_MAIN   0x015180    program     extern ../quizshow_main.asm     
               QSCC_START   0x01507e    program     extern ../quizshow_main.asm     
          QS_STOP_SCANNER   0x016752    program     extern ../quizshow_main.asm     
                READ_DONE   0x00045a    program     static ../serial-io.asm         
                  READ_OK   0x000444    program     static ../serial-io.asm         
          RECEIVE_COMMAND   0x000928    program     static ../lumos_main.asm        
                    RX_OK   0x00057a    program     static ../serial-io.asm         
                  S0_CMD0   0x000978    program     extern ../lumos_main.asm        
                  S0_CMD1   0x000a44    program     static ../lumos_main.asm        
                  S0_CMD2   0x000a50    program     static ../lumos_main.asm        
                  S0_CMD3   0x000a5a    program     static ../lumos_main.asm        
                  S0_CMD4   0x000a64    program     static ../lumos_main.asm        
                  S0_CMD5   0x000a6e    program     static ../qscc_hook_5_6.asm     
                  S0_CMD6   0x000a76    program     static ../qscc_hook_5_6.asm     
                  S0_CMD7   0x000a7e    program     static ../lumos_main.asm        
               S0_CMD_ERR   0x000a88    program     static ../lumos_main.asm        
                 S10_DATA   0x00152e    program     static ../lumos_main.asm        
                 S11_DATA   0x00153a    program     static ../lumos_main.asm        
                 S12_DATA   0x001546    program     static ../lumos_main.asm        
                 S13_DATA   0x001552    program     static ../lumos_main.asm        
                 S14_DATA   0x00155e    program     static ../lumos_main.asm        
                 S15_DATA   0x00157a    program     static ../lumos_main.asm        
                 S16_DATA   0x001582    program     static ../lumos_main.asm        
                 S17_DATA   0x00158a    program     static ../lumos_main.asm        
             S17_DATA_NIL   0x00158a    program     static ../qscc_hook_s17.asm     
             S18_DATA_NIL   0x001592    program     static ../qscc_hook_s17.asm     
                 S19_DATA   0x00159a    program     static ../qscc_hook_s17.asm     
                  S1_DATA   0x000abe    program     static ../lumos_main.asm        
                 S20_DATA   0x0015b8    program     static ../qscc_hook_s17.asm     
                 S21_DATA   0x0015c4    program     static ../qscc_hook_s17.asm     
                 S22_DATA   0x0015e4    program     static ../qscc_hook_s17.asm     
                  S2_DATA   0x000aea    program     static ../lumos_main.asm        
                  S3_DATA   0x000b00    program     static ../lumos_main.asm        
                  S4_DATA   0x000b1e    program     static ../lumos_main.asm        
                  S5_DATA   0x000b40    program     static ../lumos_main.asm        
                S6_0_DATA   0x000b76    program     static ../lumos_main.asm        
           S6_0_DATA_N_OK   0x000b8c    program     static ../lumos_main.asm        
       S6_0_UPDATE_MASTER   0x000ba0    program     static ../lumos_main.asm        
         S6_0_UPDATE_NEXT   0x000bbc    program     static ../lumos_main.asm        
               S6_10_DATA   0x0011e8    program     static ../lumos_main.asm        
           S6_10_DEF_SENS   0x0011fc    program     static ../lumos_main.asm        
              S6_10_VALID   0x0011f6    program     static ../lumos_main.asm        
            S6_11_CLR_SEQ   0x001218    program     static ../lumos_main.asm        
               S6_11_DATA   0x001204    program     static ../lumos_main.asm        
              S6_11_VALID   0x001212    program     static ../lumos_main.asm        
               S6_12_DATA   0x001228    program     static ../lumos_main.asm        
            S6_12_DEF_SEQ   0x00124c    program     static ../lumos_main.asm        
              S6_12_VALID   0x001234    program     static ../lumos_main.asm        
             S6_12_VALID2   0x001246    program     static ../lumos_main.asm        
               S6_13_DATA   0x00125c    program     static ../lumos_main.asm        
              S6_13_VALID   0x00126a    program     static ../lumos_main.asm        
               S6_14_DATA   0x001282    program     static ../lumos_main.asm        
            S6_14_DATA_QS   0x001282    program     static ../qscc_hook_s6_14.asm   
          S6_14_DISP_TEXT   0x001296    program     static ../qscc_hook_s6_14.asm   
              S6_14_VALID   0x001290    program     static ../qscc_hook_s6_14.asm   
               S6_15_DATA   0x00129a    program     static ../qscc_hook_s6_14.asm   
        S6_15_DISP_BITMAP   0x0012ae    program     static ../qscc_hook_s6_14.asm   
              S6_15_VALID   0x0012a8    program     static ../qscc_hook_s6_14.asm   
   S6_16_CF_SET_QS_PARAMS   0x0012c6    program     static ../qscc_hook_s6_14.asm   
               S6_16_DATA   0x0012b2    program     static ../qscc_hook_s6_14.asm   
              S6_16_VALID   0x0012c0    program     static ../qscc_hook_s6_14.asm   
               S6_17_DATA   0x0012d2    program     static ../qscc_hook_s6_14.asm   
           S6_1_CONFIGURE   0x000bee    program     static ../lumos_main.asm        
                S6_1_DATA   0x000bcc    program     static ../lumos_main.asm        
             S6_1_VALID_1   0x000bda    program     static ../lumos_main.asm        
             S6_1_VALID_2   0x000be0    program     static ../lumos_main.asm        
                S6_2_DATA   0x000c52    program     static ../lumos_main.asm        
            S6_2_SET_BAUD   0x000c74    program     static ../lumos_main.asm        
              S6_2_VALID1   0x000c60    program     static ../lumos_main.asm        
              S6_2_VALID2   0x000c66    program     static ../lumos_main.asm        
                S6_3_DATA   0x000cb6    program     static ../lumos_main.asm        
                S6_3_HALT   0x000ce2    program     static ../lumos_main.asm        
               S6_3_RESET   0x000cca    program     static ../lumos_main.asm        
               S6_3_VALID   0x000cc4    program     static ../lumos_main.asm        
                S6_4_DATA   0x000ce4    program     static ../lumos_main.asm        
           S6_4_SET_PHASE   0x000cf8    program     static ../lumos_main.asm        
               S6_4_VALID   0x000cf2    program     static ../lumos_main.asm        
                S6_5_ADDR   0x000d7e    program     static ../lumos_main.asm        
                S6_5_DATA   0x000d6a    program     static ../lumos_main.asm        
               S6_5_VALID   0x000d78    program     static ../lumos_main.asm        
                S6_6_DATA   0x000dd0    program     static ../lumos_main.asm        
               S6_6_SLEEP   0x000de4    program     static ../lumos_main.asm        
               S6_6_VALID   0x000dde    program     static ../lumos_main.asm        
                S6_7_DATA   0x000dfa    program     static ../lumos_main.asm        
               S6_7_VALID   0x000e08    program     static ../lumos_main.asm        
                S6_7_WAKE   0x000e0e    program     static ../lumos_main.asm        
                S6_8_DATA   0x000e28    program     static ../lumos_main.asm        
            S6_8_SHUTDOWN   0x000e3c    program     static ../lumos_main.asm        
               S6_8_VALID   0x000e36    program     static ../lumos_main.asm        
                   S6_8_X   0x000e20    program     static ../lumos_main.asm        
                S6_9_DATA   0x000e4c    program     static ../lumos_main.asm        
               S6_9_QUERY   0x000e60    program     static ../lumos_main.asm        
               S6_9_VALID   0x000e5a    program     static ../lumos_main.asm        
                  S6_DATA   0x000b5e    program     static ../lumos_main.asm        
          S6_KEEP_LOOKING   0x0012dc    program     static ../lumos_main.asm        
               S6_RESTART   0x0012da    program     static ../lumos_main.asm        
                  S7_DATA   0x0012f4    program     static ../lumos_main.asm        
              S8B_CHK_7E1   0x000e92    program     static ../lumos_main.asm        
             S8B_CHK_7E10   0x001178    program     static ../lumos_main.asm        
             S8B_CHK_7E11   0x0011b6    program     static ../lumos_main.asm        
              S8B_CHK_7E2   0x000ece    program     static ../lumos_main.asm        
              S8B_CHK_7E3   0x000f16    program     static ../lumos_main.asm        
              S8B_CHK_7E4   0x000f54    program     static ../lumos_main.asm        
              S8B_CHK_7E5   0x000f98    program     static ../lumos_main.asm        
              S8B_CHK_7E6   0x000fe0    program     static ../lumos_main.asm        
              S8B_CHK_7E7   0x00101e    program     static ../lumos_main.asm        
              S8B_CHK_7E8   0x001078    program     static ../lumos_main.asm        
              S8B_CHK_7E9   0x00111c    program     static ../lumos_main.asm        
             S8B_CHK_MSB1   0x000ea6    program     static ../lumos_main.asm        
            S8B_CHK_MSB10   0x00118c    program     static ../lumos_main.asm        
            S8B_CHK_MSB11   0x0011ca    program     static ../lumos_main.asm        
             S8B_CHK_MSB2   0x000ee2    program     static ../lumos_main.asm        
             S8B_CHK_MSB3   0x000f2a    program     static ../lumos_main.asm        
             S8B_CHK_MSB4   0x000f68    program     static ../lumos_main.asm        
             S8B_CHK_MSB5   0x000fac    program     static ../lumos_main.asm        
             S8B_CHK_MSB6   0x000ff4    program     static ../lumos_main.asm        
             S8B_CHK_MSB7   0x001032    program     static ../lumos_main.asm        
             S8B_CHK_MSB8   0x00108c    program     static ../lumos_main.asm        
             S8B_CHK_MSB9   0x001130    program     static ../lumos_main.asm        
                 S8B_END1   0x000eb8    program     static ../lumos_main.asm        
                S8B_END10   0x00119e    program     static ../lumos_main.asm        
                S8B_END11   0x0011dc    program     static ../lumos_main.asm        
                 S8B_END2   0x000ef4    program     static ../lumos_main.asm        
                 S8B_END3   0x000f3c    program     static ../lumos_main.asm        
                 S8B_END4   0x000f7a    program     static ../lumos_main.asm        
                 S8B_END5   0x000fbe    program     static ../lumos_main.asm        
                 S8B_END6   0x001006    program     static ../lumos_main.asm        
                 S8B_END7   0x001044    program     static ../lumos_main.asm        
                 S8B_END8   0x00109e    program     static ../lumos_main.asm        
                 S8B_END9   0x001142    program     static ../lumos_main.asm        
         S8B_SEND_NORMAL1   0x000eb2    program     static ../lumos_main.asm        
        S8B_SEND_NORMAL10   0x001198    program     static ../lumos_main.asm        
        S8B_SEND_NORMAL11   0x0011d6    program     static ../lumos_main.asm        
         S8B_SEND_NORMAL2   0x000eee    program     static ../lumos_main.asm        
         S8B_SEND_NORMAL3   0x000f36    program     static ../lumos_main.asm        
         S8B_SEND_NORMAL4   0x000f74    program     static ../lumos_main.asm        
         S8B_SEND_NORMAL5   0x000fb8    program     static ../lumos_main.asm        
         S8B_SEND_NORMAL6   0x001000    program     static ../lumos_main.asm        
         S8B_SEND_NORMAL7   0x00103e    program     static ../lumos_main.asm        
         S8B_SEND_NORMAL8   0x001098    program     static ../lumos_main.asm        
         S8B_SEND_NORMAL9   0x00113c    program     static ../lumos_main.asm        
                  S8_DATA   0x001300    program     static ../lumos_main.asm        
    S8_PASS_DOWN_RAMP_LVL   0x00133a    program     static ../lumos_main.asm        
               S9_CF_ADDR   0x001516    program     static ../lumos_main.asm        
              S9_CF_PHASE   0x0014fe    program     static ../lumos_main.asm        
                  S9_DATA   0x001342    program     static ../lumos_main.asm        
           S9_DO_PRIV_CMD   0x00145c    program     static ../lumos_main.asm        
          S9_INTERNAL_CMD   0x00144c    program     static ../lumos_main.asm        
                S9_PRIV_0   0x00146a    program     static ../lumos_main.asm        
               S9_PRIV_0X   0x001470    program     static ../lumos_main.asm        
                S9_PRIV_1   0x001478    program     static ../lumos_main.asm        
                S9_PRIV_2   0x001490    program     static ../lumos_main.asm        
                S9_PRIV_3   0x0014a8    program     static ../lumos_main.asm        
                S9_PRIV_4   0x0014c0    program     static ../lumos_main.asm        
                S9_PRIV_5   0x0014ca    program     static ../lumos_main.asm        
                S9_PRIV_6   0x0014e2    program     static ../lumos_main.asm        
       S9_PRIV_6_QS_PARAM   0x0014e2    program     static ../qscc_hook_s9_priv_6.asm
                S9_PRIV_7   0x0014fa    program     static ../qscc_hook_s9_priv_6.asm
              S9_PRIV_CMD   0x001450    program     static ../lumos_main.asm        
              S9_X0_SLEEP   0x001352    program     static ../lumos_main.asm        
               S9_X1_WAKE   0x001366    program     static ../lumos_main.asm        
           S9_X2_SHUTDOWN   0x00137e    program     static ../lumos_main.asm        
              S9_X3_QUERY   0x001396    program     static ../lumos_main.asm        
            S9_X4_DEF_SEQ   0x0013ae    program     static ../lumos_main.asm        
           S9_X5_EXEC_SEQ   0x0013b8    program     static ../lumos_main.asm        
           S9_X6_DEF_SENS   0x0013c2    program     static ../lumos_main.asm        
           S9_X7_MSK_SENS   0x0013da    program     static ../lumos_main.asm        
            S9_X8_CLR_SEQ   0x0013e4    program     static ../lumos_main.asm        
              S9_X9_XPRIV   0x0013fc    program     static ../lumos_main.asm        
        S9_XA_ERR_COMMAND   0x001404    program     static ../lumos_main.asm        
           S9_XA_QS_QUERY   0x001404    program     static ../qscc_hook_s9_xa.asm   
           S9_XB_BTN_MASK   0x00140e    program     static ../qscc_hook_s9_xa.asm   
          S9_XC_DISP_TEXT   0x001418    program     static ../qscc_hook_s9_xa.asm   
        S9_XD_DISP_BITMAP   0x001430    program     static ../qscc_hook_s9_xa.asm   
        S9_XE_ERR_COMMAND   0x001448    program     static ../qscc_hook_s9_xa.asm   
          SCAN_DEBOUNCERS   0x01518c    program     static ../quizshow_main.asm     
          SCN_DB_ACTIVE_0   0x01519c    program     static ../quizshow_main.asm     
          SCN_DB_ACTIVE_1   0x015346    program     static ../quizshow_main.asm     
          SCN_DB_ACTIVE_2   0x0154f0    program     static ../quizshow_main.asm     
          SCN_DB_ACTIVE_3   0x01569a    program     static ../quizshow_main.asm     
          SCN_DB_ACTIVE_4   0x015844    program     static ../quizshow_main.asm     
          SCN_DB_ACTIVE_5   0x0159ee    program     static ../quizshow_main.asm     
          SCN_DB_ACTIVE_6   0x015b98    program     static ../quizshow_main.asm     
          SCN_DB_ACTIVE_7   0x015d42    program     static ../quizshow_main.asm     
          SCN_DB_ACTIVE_8   0x015eec    program     static ../quizshow_main.asm     
          SCN_DB_ACTIVE_9   0x016096    program     static ../quizshow_main.asm     
         SCN_DB_CHANGED_0   0x0152ac    program     static ../quizshow_main.asm     
         SCN_DB_CHANGED_1   0x015456    program     static ../quizshow_main.asm     
         SCN_DB_CHANGED_2   0x015600    program     static ../quizshow_main.asm     
         SCN_DB_CHANGED_3   0x0157aa    program     static ../quizshow_main.asm     
         SCN_DB_CHANGED_4   0x015954    program     static ../quizshow_main.asm     
         SCN_DB_CHANGED_5   0x015afe    program     static ../quizshow_main.asm     
         SCN_DB_CHANGED_6   0x015ca8    program     static ../quizshow_main.asm     
         SCN_DB_CHANGED_7   0x015e52    program     static ../quizshow_main.asm     
         SCN_DB_CHANGED_8   0x015ffc    program     static ../quizshow_main.asm     
         SCN_DB_CHANGED_9   0x0161a6    program     static ../quizshow_main.asm     
            SCN_DB_DING_0   0x015228    program     static ../quizshow_main.asm     
            SCN_DB_DING_1   0x0153d2    program     static ../quizshow_main.asm     
            SCN_DB_DING_2   0x01557c    program     static ../quizshow_main.asm     
            SCN_DB_DING_3   0x015726    program     static ../quizshow_main.asm     
            SCN_DB_DING_4   0x0158d0    program     static ../quizshow_main.asm     
            SCN_DB_DING_5   0x015a7a    program     static ../quizshow_main.asm     
            SCN_DB_DING_6   0x015c24    program     static ../quizshow_main.asm     
            SCN_DB_DING_7   0x015dce    program     static ../quizshow_main.asm     
            SCN_DB_DING_8   0x015f78    program     static ../quizshow_main.asm     
            SCN_DB_DING_9   0x016122    program     static ../quizshow_main.asm     
            SCN_DB_DONE_0   0x015336    program     static ../quizshow_main.asm     
            SCN_DB_DONE_1   0x0154e0    program     static ../quizshow_main.asm     
            SCN_DB_DONE_2   0x01568a    program     static ../quizshow_main.asm     
            SCN_DB_DONE_3   0x015834    program     static ../quizshow_main.asm     
            SCN_DB_DONE_4   0x0159de    program     static ../quizshow_main.asm     
            SCN_DB_DONE_5   0x015b88    program     static ../quizshow_main.asm     
            SCN_DB_DONE_6   0x015d32    program     static ../quizshow_main.asm     
            SCN_DB_DONE_7   0x015edc    program     static ../quizshow_main.asm     
            SCN_DB_DONE_8   0x016086    program     static ../quizshow_main.asm     
            SCN_DB_DONE_9   0x016230    program     static ../quizshow_main.asm     
             SCN_DB_END_0   0x0152ae    program     static ../quizshow_main.asm     
             SCN_DB_END_1   0x015458    program     static ../quizshow_main.asm     
             SCN_DB_END_2   0x015602    program     static ../quizshow_main.asm     
             SCN_DB_END_3   0x0157ac    program     static ../quizshow_main.asm     
             SCN_DB_END_4   0x015956    program     static ../quizshow_main.asm     
             SCN_DB_END_5   0x015b00    program     static ../quizshow_main.asm     
             SCN_DB_END_6   0x015caa    program     static ../quizshow_main.asm     
             SCN_DB_END_7   0x015e54    program     static ../quizshow_main.asm     
             SCN_DB_END_8   0x015ffe    program     static ../quizshow_main.asm     
             SCN_DB_END_9   0x0161a8    program     static ../quizshow_main.asm     
             SCN_DB_LCK_0   0x0152c0    program     static ../quizshow_main.asm     
             SCN_DB_LCK_1   0x01546a    program     static ../quizshow_main.asm     
             SCN_DB_LCK_2   0x015614    program     static ../quizshow_main.asm     
             SCN_DB_LCK_3   0x0157be    program     static ../quizshow_main.asm     
             SCN_DB_LCK_4   0x015968    program     static ../quizshow_main.asm     
             SCN_DB_LCK_5   0x015b12    program     static ../quizshow_main.asm     
             SCN_DB_LCK_6   0x015cbc    program     static ../quizshow_main.asm     
             SCN_DB_LCK_7   0x015e66    program     static ../quizshow_main.asm     
             SCN_DB_LCK_8   0x016010    program     static ../quizshow_main.asm     
             SCN_DB_LCK_9   0x0161ba    program     static ../quizshow_main.asm     
    SET_ALL_BUTTON_LIGHTS   0x0162ec    program     static ../quizshow_main.asm     
                 SIO_ECHO   0x0003a8    program     extern ../serial-io.asm         
               SIO_ECHO_W   0x0003a4    program     extern ../serial-io.asm         
          SIO_FLUSH_INPUT   0x00035a    program     extern ../serial-io.asm         
           SIO_FLUSH_IN_1   0x000366    program     static ../serial-io.asm         
         SIO_FLUSH_OUTPUT   0x000374    program     extern ../serial-io.asm         
          SIO_FLUSH_OUT_1   0x000380    program     static ../serial-io.asm         
              SIO_GETCHAR   0x000462    program     extern ../serial-io.asm         
            SIO_GETCHAR_W   0x00045c    program     extern ../serial-io.asm         
                 SIO_INIT   0x000316    program     extern ../serial-io.asm         
              SIO_NEWLINE   0x000426    program     extern ../serial-io.asm         
            SIO_PRINT_HEX   0x000470    program     extern ../serial-io.asm         
          SIO_PRINT_HEX_W   0x00046c    program     extern ../serial-io.asm         
              SIO_PUTCHAR   0x0003e4    program     extern ../serial-io.asm         
            SIO_PUTCHAR_W   0x0003e8    program     extern ../serial-io.asm         
                 SIO_READ   0x000438    program     extern ../serial-io.asm         
               SIO_READ_W   0x000432    program     extern ../serial-io.asm         
                 SIO_RECV   0x00055e    program     extern ../serial-io.asm         
                 SIO_SEND   0x00052a    program     extern ../serial-io.asm         
           SIO_SET_BAUD_W   0x00038e    program     extern ../serial-io.asm         
                SIO_WRITE   0x0003fa    program     extern ../serial-io.asm         
              SIO_WRITE_W   0x0003fe    program     extern ../serial-io.asm         
       SPIN_FOR_BUF_DRAIN   0x0003ee    program     static ../serial-io.asm         
         SSR_OUTPUT_VALUE   0x0015ec    program     static ../lumos_main.asm        
                    START   0x000104    program     static ../lumos_main.asm        
          START_DMX_FRAME   0x0008fe    program     static ../lumos_main.asm        
                  SYS_SNH   0x016ff0    program     static ../lumos_main.asm        
                  SYS_SNL   0x016ff1    program     static ../lumos_main.asm        
                  S_FLASH   0x000100    program     static ../lumos_main.asm        
              TEST_MODE_1   0x0008d0    program     static ../lumos_main.asm        
         TEST_MODE_BYPASS   0x000884    program     static ../lumos_main.asm        
         TEST_NOT_PRESSED   0x0008bc    program     static ../lumos_main.asm        
                TEST_NP_1   0x0008d0    program     static ../lumos_main.asm        
                TEST_NP_2   0x0008d0    program     static ../lumos_main.asm        
               TRY_DOWN_0   0x0016da    program     static ../lumos_main.asm        
               TRY_DOWN_1   0x001720    program     static ../lumos_main.asm        
              TRY_DOWN_10   0x001996    program     static ../lumos_main.asm        
              TRY_DOWN_11   0x0019dc    program     static ../lumos_main.asm        
              TRY_DOWN_12   0x001a22    program     static ../lumos_main.asm        
              TRY_DOWN_13   0x001a68    program     static ../lumos_main.asm        
              TRY_DOWN_14   0x001aae    program     static ../lumos_main.asm        
              TRY_DOWN_15   0x001af4    program     static ../lumos_main.asm        
              TRY_DOWN_16   0x001b3a    program     static ../lumos_main.asm        
              TRY_DOWN_17   0x001b80    program     static ../lumos_main.asm        
              TRY_DOWN_18   0x001bc6    program     static ../lumos_main.asm        
              TRY_DOWN_19   0x001c0c    program     static ../lumos_main.asm        
               TRY_DOWN_2   0x001766    program     static ../lumos_main.asm        
               TRY_DOWN_3   0x0017ac    program     static ../lumos_main.asm        
               TRY_DOWN_4   0x0017f2    program     static ../lumos_main.asm        
               TRY_DOWN_5   0x001838    program     static ../lumos_main.asm        
               TRY_DOWN_6   0x00187e    program     static ../lumos_main.asm        
               TRY_DOWN_7   0x0018c4    program     static ../lumos_main.asm        
               TRY_DOWN_8   0x00190a    program     static ../lumos_main.asm        
               TRY_DOWN_9   0x001950    program     static ../lumos_main.asm        
             TR_OFF_DELAY   0x001d1a    program     static ../lumos_main.asm        
              TR_ON_DELAY   0x001d10    program     static ../lumos_main.asm        
                  TR_ON_L   0x001d12    program     static ../lumos_main.asm        
                  TX_DONE   0x000554    program     static ../serial-io.asm         
                    TX_OK   0x000536    program     static ../serial-io.asm         
     UPDATE_MINIMUM_LEVEL   0x0016ae    program     static ../lumos_main.asm        
      UPDATE_MIN_DIMMED_0   0x0016ba    program     static ../lumos_main.asm        
      UPDATE_MIN_DIMMED_1   0x001700    program     static ../lumos_main.asm        
     UPDATE_MIN_DIMMED_10   0x001976    program     static ../lumos_main.asm        
     UPDATE_MIN_DIMMED_11   0x0019bc    program     static ../lumos_main.asm        
     UPDATE_MIN_DIMMED_12   0x001a02    program     static ../lumos_main.asm        
     UPDATE_MIN_DIMMED_13   0x001a48    program     static ../lumos_main.asm        
     UPDATE_MIN_DIMMED_14   0x001a8e    program     static ../lumos_main.asm        
     UPDATE_MIN_DIMMED_15   0x001ad4    program     static ../lumos_main.asm        
     UPDATE_MIN_DIMMED_16   0x001b1a    program     static ../lumos_main.asm        
     UPDATE_MIN_DIMMED_17   0x001b60    program     static ../lumos_main.asm        
     UPDATE_MIN_DIMMED_18   0x001ba6    program     static ../lumos_main.asm        
     UPDATE_MIN_DIMMED_19   0x001bec    program     static ../lumos_main.asm        
      UPDATE_MIN_DIMMED_2   0x001746    program     static ../lumos_main.asm        
      UPDATE_MIN_DIMMED_3   0x00178c    program     static ../lumos_main.asm        
      UPDATE_MIN_DIMMED_4   0x0017d2    program     static ../lumos_main.asm        
      UPDATE_MIN_DIMMED_5   0x001818    program     static ../lumos_main.asm        
      UPDATE_MIN_DIMMED_6   0x00185e    program     static ../lumos_main.asm        
      UPDATE_MIN_DIMMED_7   0x0018a4    program     static ../lumos_main.asm        
      UPDATE_MIN_DIMMED_8   0x0018ea    program     static ../lumos_main.asm        
      UPDATE_MIN_DIMMED_9   0x001930    program     static ../lumos_main.asm        
        UPDATE_MIN_SKIP_0   0x0016bc    program     static ../lumos_main.asm        
        UPDATE_MIN_SKIP_1   0x001702    program     static ../lumos_main.asm        
       UPDATE_MIN_SKIP_10   0x001978    program     static ../lumos_main.asm        
       UPDATE_MIN_SKIP_11   0x0019be    program     static ../lumos_main.asm        
       UPDATE_MIN_SKIP_12   0x001a04    program     static ../lumos_main.asm        
       UPDATE_MIN_SKIP_13   0x001a4a    program     static ../lumos_main.asm        
       UPDATE_MIN_SKIP_14   0x001a90    program     static ../lumos_main.asm        
       UPDATE_MIN_SKIP_15   0x001ad6    program     static ../lumos_main.asm        
       UPDATE_MIN_SKIP_16   0x001b1c    program     static ../lumos_main.asm        
       UPDATE_MIN_SKIP_17   0x001b62    program     static ../lumos_main.asm        
       UPDATE_MIN_SKIP_18   0x001ba8    program     static ../lumos_main.asm        
       UPDATE_MIN_SKIP_19   0x001bee    program     static ../lumos_main.asm        
        UPDATE_MIN_SKIP_2   0x001748    program     static ../lumos_main.asm        
        UPDATE_MIN_SKIP_3   0x00178e    program     static ../lumos_main.asm        
        UPDATE_MIN_SKIP_4   0x0017d4    program     static ../lumos_main.asm        
        UPDATE_MIN_SKIP_5   0x00181a    program     static ../lumos_main.asm        
        UPDATE_MIN_SKIP_6   0x001860    program     static ../lumos_main.asm        
        UPDATE_MIN_SKIP_7   0x0018a6    program     static ../lumos_main.asm        
        UPDATE_MIN_SKIP_8   0x0018ec    program     static ../lumos_main.asm        
        UPDATE_MIN_SKIP_9   0x001932    program     static ../lumos_main.asm        
       UPDATE_SSR_OUTPUTS   0x001628    program     static ../lumos_main.asm        
        UPDATE_SSR_SKIP_0   0x001638    program     static ../lumos_main.asm        
        UPDATE_SSR_SKIP_1   0x00163e    program     static ../lumos_main.asm        
       UPDATE_SSR_SKIP_10   0x001674    program     static ../lumos_main.asm        
       UPDATE_SSR_SKIP_11   0x00167a    program     static ../lumos_main.asm        
       UPDATE_SSR_SKIP_12   0x001680    program     static ../lumos_main.asm        
       UPDATE_SSR_SKIP_13   0x001686    program     static ../lumos_main.asm        
       UPDATE_SSR_SKIP_14   0x00168c    program     static ../lumos_main.asm        
       UPDATE_SSR_SKIP_15   0x001692    program     static ../lumos_main.asm        
       UPDATE_SSR_SKIP_16   0x001698    program     static ../lumos_main.asm        
       UPDATE_SSR_SKIP_17   0x00169e    program     static ../lumos_main.asm        
       UPDATE_SSR_SKIP_18   0x0016a4    program     static ../lumos_main.asm        
       UPDATE_SSR_SKIP_19   0x0016aa    program     static ../lumos_main.asm        
        UPDATE_SSR_SKIP_2   0x001644    program     static ../lumos_main.asm        
        UPDATE_SSR_SKIP_3   0x00164a    program     static ../lumos_main.asm        
        UPDATE_SSR_SKIP_4   0x001650    program     static ../lumos_main.asm        
        UPDATE_SSR_SKIP_5   0x001656    program     static ../lumos_main.asm        
        UPDATE_SSR_SKIP_6   0x00165c    program     static ../lumos_main.asm        
        UPDATE_SSR_SKIP_7   0x001662    program     static ../lumos_main.asm        
        UPDATE_SSR_SKIP_8   0x001668    program     static ../lumos_main.asm        
        UPDATE_SSR_SKIP_9   0x00166e    program     static ../lumos_main.asm        
              WATCH_BREAK   0x00083e    program     static ../lumos_main.asm        
       WRITE_EEPROM_LOOP0   0x0002d2    program     static ../lumos_main.asm        
       WRITE_EEPROM_LOOP1   0x000c22    program     static ../lumos_main.asm        
       WRITE_EEPROM_LOOP2   0x000c3c    program     static ../lumos_main.asm        
       WRITE_EEPROM_LOOP3   0x000c9a    program     static ../lumos_main.asm        
       WRITE_EEPROM_LOOP4   0x000d34    program     static ../lumos_main.asm        
       WRITE_EEPROM_LOOP5   0x000d54    program     static ../lumos_main.asm        
       WRITE_EEPROM_LOOP6   0x000dba    program     static ../lumos_main.asm        
                 WRITE_OK   0x000412    program     static ../serial-io.asm         
             XLATE_SSR_ID   0x001614    program     static ../lumos_main.asm        
            AUTO_OFF_CTRH   0x00001c       data     static ../lumos_main.asm        
            AUTO_OFF_CTRL   0x00001d       data     static ../lumos_main.asm        
             B32__BCD_ASC   0x000312       data     extern ../serial-io.asm         
                 B32__BIN   0x000317       data     extern ../serial-io.asm         
                 B32__BIT   0x00030c       data     static ../serial-io.asm         
               B32__FSR0H   0x00030e       data     static ../serial-io.asm         
               B32__FSR0L   0x00030f       data     static ../serial-io.asm         
               B32__FSR1H   0x000310       data     static ../serial-io.asm         
               B32__FSR1L   0x000311       data     static ../serial-io.asm         
              B32__OUTCTR   0x00030d       data     static ../serial-io.asm         
           BTN_X0_DEB_TMR   0x000c60       data     static ../quizshow_main.asm     
             BTN_X0_FLAGS   0x000c40       data     static ../quizshow_main.asm     
           BTN_X0_LOCKTMR   0x000c50       data     static ../quizshow_main.asm     
            BTN_X0_TIME_H   0x000c20       data     static ../quizshow_main.asm     
            BTN_X0_TIME_L   0x000c30       data     static ../quizshow_main.asm     
            BTN_X0_TIME_T   0x000c00       data     static ../quizshow_main.asm     
            BTN_X0_TIME_U   0x000c10       data     static ../quizshow_main.asm     
                  CUR_PRE   0x000015       data     static ../lumos_main.asm        
                 CUR_PREH   0x000014       data     static ../lumos_main.asm        
                CUR_SLICE   0x000016       data     static ../lumos_main.asm        
                DMX_SLOTH   0x000008       data     static ../lumos_main.asm        
                DMX_SLOTL   0x000009       data     static ../lumos_main.asm        
           EIGHTBITSIOBUF   0x00001e       data     static ../lumos_main.asm        
               FSR1H_SAVE   0x00030a       data     static ../serial-io.asm         
               FSR1L_SAVE   0x00030b       data     static ../serial-io.asm         
                        I   0x00001f       data     static ../lumos_main.asm        
             ISR_TMPL_BSR   0x000001       data     static ../lumos_main.asm        
          ISR_TMPL_STATUS   0x000000       data     static ../lumos_main.asm        
            ISR_TMPL_WREG   0x000002       data     static ../lumos_main.asm        
                        J   0x000020       data     static ../lumos_main.asm        
                        K   0x000021       data     static ../lumos_main.asm        
                       KK   0x000022       data     static ../lumos_main.asm        
               LAST_ERROR   0x000013       data     static ../lumos_main.asm        
               MY_ADDRESS   0x000003       data     static ../lumos_main.asm        
          OPTION_DEBOUNCE   0x000018       data     static ../lumos_main.asm        
              OPTION_HOLD   0x000019       data     static ../lumos_main.asm        
            PHASE_OFFSETH   0x000004       data     static ../lumos_main.asm        
            PHASE_OFFSETL   0x000005       data     static ../lumos_main.asm        
             QS_BTN_TMR_T   0x000024       data     extern ../qscc_hook_access_bank.inc
             QS_BTN_TMR_U   0x000025       data     extern ../qscc_hook_access_bank.inc
           QUIZSHOW_FLAGS   0x000026       data     extern ../qscc_hook_access_bank.inc
           QUIZSHOW_LCKTM   0x000c70       data     static ../quizshow_main.asm     
                RX_BUFFER   0x000200       data     static ../serial-io.asm         
               RX_BUF_END   0x000306       data     static ../serial-io.asm         
             RX_BUF_START   0x000305       data     static ../serial-io.asm         
                SIO_INPUT   0x000301       data     extern ../serial-io.asm         
               SIO_OUTPUT   0x000302       data     extern ../serial-io.asm         
               SIO_STATUS   0x000300       data     extern ../serial-io.asm         
                SIO_TMPPC   0x000309       data     static ../serial-io.asm         
                    SIO_X   0x000308       data     static ../serial-io.asm         
           SSR_00_COUNTER   0x000450       data     extern ../lumos_main.asm        
             SSR_00_FLAGS   0x000414       data     extern ../lumos_main.asm        
             SSR_00_SPEED   0x00043c       data     extern ../lumos_main.asm        
              SSR_00_STEP   0x000428       data     extern ../lumos_main.asm        
             SSR_00_VALUE   0x000400       data     extern ../lumos_main.asm        
                SSR_STATE   0x000006       data     static ../lumos_main.asm        
               SSR_STATE2   0x000007       data     static ../lumos_main.asm        
               TARGET_SSR   0x000017       data     static ../lumos_main.asm        
               TEST_CYCLE   0x00001a       data     static ../lumos_main.asm        
                 TEST_SSR   0x00001b       data     static ../lumos_main.asm        
                     TR_I   0x000023       data     static ../lumos_main.asm        
                TX_BUFFER   0x000100       data     static ../serial-io.asm         
               TX_BUF_END   0x000304       data     static ../serial-io.asm         
             TX_BUF_START   0x000303       data     static ../serial-io.asm         
                  TX_CHAR   0x000307       data     static ../serial-io.asm         
                YY_BUFFER   0x000500       data     static ../lumos_main.asm        
               YY_BUF_IDX   0x000010       data     static ../lumos_main.asm        
             YY_CMD_FLAGS   0x00000c       data     static ../lumos_main.asm        
               YY_COMMAND   0x00000b       data     static ../lumos_main.asm        
                  YY_DATA   0x00000d       data     static ../lumos_main.asm        
         YY_LOOKAHEAD_MAX   0x00000e       data     static ../lumos_main.asm        
              YY_LOOK_FOR   0x00000f       data     static ../lumos_main.asm        
            YY_NEXT_STATE   0x000011       data     static ../lumos_main.asm        
                 YY_STATE   0x00000a       data     static ../lumos_main.asm        
                    YY_YY   0x000012       data     static ../lumos_main.asm        



                              Symbols - Sorted by Address
                     Name    Address   Location    Storage File                     
                ---------  ---------  ---------  --------- ---------                
                QSCC_INIT   0x00000e    program     extern ../quizshow_init.asm     
               LUMOS_INIT   0x00001e    program     extern ../lumos_init.asm        
                  S_FLASH   0x000100    program     static ../lumos_main.asm        
                  D_FLASH   0x000102    program     static ../lumos_main.asm        
                    START   0x000104    program     static ../lumos_main.asm        
FACTORY_RESET_JUMPER_CHECK   0x000284    program     static ../lumos_main.asm        
                 END_FRJC   0x000284    program     static ../lumos_main.asm        
            FACTORY_RESET   0x00029c    program     static ../lumos_main.asm        
       FACTORY_RESET_LOOP   0x0002c0    program     static ../lumos_main.asm        
       WRITE_EEPROM_LOOP0   0x0002d2    program     static ../lumos_main.asm        
      FACTORY_RESET_FLASH   0x0002f4    program     static ../lumos_main.asm        
           DELAY_1_12_SEC   0x0002f6    program     static ../lumos_main.asm        
            DELAY_1_6_SEC   0x0002fe    program     static ../lumos_main.asm        
                 D_1_6_KK   0x000304    program     static ../lumos_main.asm        
                  D_1_6_J   0x000306    program     static ../lumos_main.asm        
                  D_1_6_K   0x000308    program     static ../lumos_main.asm        
                 SIO_INIT   0x000316    program     extern ../serial-io.asm         
              CLR_NEXT_TX   0x00032c    program     static ../serial-io.asm         
              CLR_NEXT_RX   0x00033a    program     static ../serial-io.asm         
          SIO_FLUSH_INPUT   0x00035a    program     extern ../serial-io.asm         
           SIO_FLUSH_IN_1   0x000366    program     static ../serial-io.asm         
         SIO_FLUSH_OUTPUT   0x000374    program     extern ../serial-io.asm         
          SIO_FLUSH_OUT_1   0x000380    program     static ../serial-io.asm         
           SIO_SET_BAUD_W   0x00038e    program     extern ../serial-io.asm         
               SIO_ECHO_W   0x0003a4    program     extern ../serial-io.asm         
                 SIO_ECHO   0x0003a8    program     extern ../serial-io.asm         
               ECHO_7BITS   0x0003ba    program     static ../serial-io.asm         
          ECHO_NOT_DELETE   0x0003c8    program     static ../serial-io.asm         
          ECHO_NOT_ESCAPE   0x0003d2    program     static ../serial-io.asm         
               ECHO_PLAIN   0x0003de    program     static ../serial-io.asm         
              SIO_PUTCHAR   0x0003e4    program     extern ../serial-io.asm         
            SIO_PUTCHAR_W   0x0003e8    program     extern ../serial-io.asm         
       SPIN_FOR_BUF_DRAIN   0x0003ee    program     static ../serial-io.asm         
                SIO_WRITE   0x0003fa    program     extern ../serial-io.asm         
              SIO_WRITE_W   0x0003fe    program     extern ../serial-io.asm         
                 WRITE_OK   0x000412    program     static ../serial-io.asm         
              SIO_NEWLINE   0x000426    program     extern ../serial-io.asm         
               SIO_READ_W   0x000432    program     extern ../serial-io.asm         
                 SIO_READ   0x000438    program     extern ../serial-io.asm         
                  READ_OK   0x000444    program     static ../serial-io.asm         
                READ_DONE   0x00045a    program     static ../serial-io.asm         
            SIO_GETCHAR_W   0x00045c    program     extern ../serial-io.asm         
              SIO_GETCHAR   0x000462    program     extern ../serial-io.asm         
                  GC_SPIN   0x000464    program     static ../serial-io.asm         
          SIO_PRINT_HEX_W   0x00046c    program     extern ../serial-io.asm         
            SIO_PRINT_HEX   0x000470    program     extern ../serial-io.asm         
             B32__BIN2BCD   0x00048e    program     extern ../serial-io.asm         
           B32__B2BCD_BIT   0x0004a8    program     static ../serial-io.asm         
          B32__B2BCD_LOOP   0x0004b0    program     static ../serial-io.asm         
           B32__BCD2ASCII   0x0004e4    program     extern ../serial-io.asm         
          B32__BCD2A_LOOP   0x000504    program     static ../serial-io.asm         
                 SIO_SEND   0x00052a    program     extern ../serial-io.asm         
                    TX_OK   0x000536    program     static ../serial-io.asm         
                  TX_DONE   0x000554    program     static ../serial-io.asm         
                 SIO_RECV   0x00055e    program     extern ../serial-io.asm         
                    RX_OK   0x00057a    program     static ../serial-io.asm         
              ERR_FRAMING   0x00059c    program     static ../serial-io.asm         
              ERR_OVERRUN   0x0005a0    program     static ../serial-io.asm         
                  INT_LOW   0x0005a8    program     static ../lumos_main.asm        
                   INT_TX   0x0005b2    program     static ../lumos_main.asm        
               INT_TX_END   0x0005bc    program     static ../lumos_main.asm        
                   INT_RX   0x0005bc    program     static ../lumos_main.asm        
               INT_RX_END   0x0005c6    program     static ../lumos_main.asm        
                   INT_ZC   0x0005d2    program     static ../lumos_main.asm        
                 INT_HIGH   0x0005d2    program     static ../lumos_main.asm        
               INT_ZC_END   0x0005ee    program     static ../lumos_main.asm        
                 INT_TMR2   0x0005ee    program     static ../lumos_main.asm        
            INT_TMR2_NEXT   0x000604    program     static ../lumos_main.asm        
            INT_TMR2_DONE   0x000608    program     static ../lumos_main.asm        
             INT_TMR2_END   0x00060a    program     static ../lumos_main.asm        
            QSCC_INT_TMR1   0x00060a    program     static ../qscc_hook_isr.asm     
             QSCC_INT_END   0x000614    program     static ../qscc_hook_isr.asm     
             INT_TMR2_MSB   0x000616    program     static ../lumos_main.asm        
                     MAIN   0x000800    program     static ../lumos_main.asm        
                 BRK_DET2   0x000826    program     static ../lumos_main.asm        
                  BRK_DET   0x00082e    program     static ../lumos_main.asm        
              WATCH_BREAK   0x00083e    program     static ../lumos_main.asm        
          BREAK_CONFIRMED   0x000854    program     static ../lumos_main.asm        
                  NOT_DMX   0x000864    program     static ../lumos_main.asm        
                BAD_BREAK   0x000868    program     static ../lumos_main.asm        
         TEST_MODE_BYPASS   0x000884    program     static ../lumos_main.asm        
          END_SERIAL_READ   0x000888    program     static ../lumos_main.asm        
        DRAIN_TRANSMITTER   0x000892    program     static ../lumos_main.asm        
    DRAIN_M_S_TX_BLOCKING   0x0008aa    program     static ../lumos_main.asm        
             DO_TEST_MODE   0x0008b2    program     static ../lumos_main.asm        
         TEST_NOT_PRESSED   0x0008bc    program     static ../lumos_main.asm        
              TEST_MODE_1   0x0008d0    program     static ../lumos_main.asm        
                TEST_NP_1   0x0008d0    program     static ../lumos_main.asm        
                TEST_NP_2   0x0008d0    program     static ../lumos_main.asm        
       ERR_SERIAL_FRAMING   0x0008f8    program     static ../lumos_main.asm        
          START_DMX_FRAME   0x0008fe    program     static ../lumos_main.asm        
       ERR_SERIAL_OVERRUN   0x000902    program     static ../lumos_main.asm        
          ERR_SERIAL_FULL   0x000908    program     static ../lumos_main.asm        
       ERR_CMD_INCOMPLETE   0x000910    program     static ../lumos_main.asm        
              ERR_NOT_IMP   0x000918    program     static ../lumos_main.asm        
              ERR_COMMAND   0x000920    program     static ../lumos_main.asm        
                ERR_ABORT   0x000924    program     static ../lumos_main.asm        
          RECEIVE_COMMAND   0x000928    program     static ../lumos_main.asm        
             INTERP_START   0x000948    program     static ../lumos_main.asm        
               QSCC_G_C_1   0x000956    program     static ../qscc_hook_global_commands.asm
               QSCC_G_C_2   0x000964    program     static ../qscc_hook_global_commands.asm
                  S0_CMD0   0x000978    program     extern ../lumos_main.asm        
                  S0_CMD1   0x000a44    program     static ../lumos_main.asm        
                  S0_CMD2   0x000a50    program     static ../lumos_main.asm        
                  S0_CMD3   0x000a5a    program     static ../lumos_main.asm        
                  S0_CMD4   0x000a64    program     static ../lumos_main.asm        
                  S0_CMD5   0x000a6e    program     static ../qscc_hook_5_6.asm     
                  S0_CMD6   0x000a76    program     static ../qscc_hook_5_6.asm     
                  S0_CMD7   0x000a7e    program     static ../lumos_main.asm        
               S0_CMD_ERR   0x000a88    program     static ../lumos_main.asm        
                DATA_BYTE   0x000a90    program     static ../lumos_main.asm        
           DB_CHK_LITERAL   0x000a9c    program     static ../lumos_main.asm        
                DB_CHK_7E   0x000aa4    program     static ../lumos_main.asm        
                DB_CHK_7F   0x000aae    program     static ../lumos_main.asm        
               DB_HANDLER   0x000ab8    program     static ../lumos_main.asm        
                  S1_DATA   0x000abe    program     static ../lumos_main.asm        
           ON_OFF_YY_DATA   0x000ac6    program     static ../lumos_main.asm        
                ON_OFF_ON   0x000ae0    program     static ../lumos_main.asm        
         PASS_DOWN_ON_OFF   0x000ae6    program     static ../lumos_main.asm        
                  S2_DATA   0x000aea    program     static ../lumos_main.asm        
                  S3_DATA   0x000b00    program     static ../lumos_main.asm        
        PASS_DOWN_SET_LVL   0x000b16    program     static ../lumos_main.asm        
                  S4_DATA   0x000b1e    program     static ../lumos_main.asm        
                  S5_DATA   0x000b40    program     static ../lumos_main.asm        
                  S6_DATA   0x000b5e    program     static ../lumos_main.asm        
                S6_0_DATA   0x000b76    program     static ../lumos_main.asm        
           S6_0_DATA_N_OK   0x000b8c    program     static ../lumos_main.asm        
       S6_0_UPDATE_MASTER   0x000ba0    program     static ../lumos_main.asm        
         S6_0_UPDATE_NEXT   0x000bbc    program     static ../lumos_main.asm        
                S6_1_DATA   0x000bcc    program     static ../lumos_main.asm        
             S6_1_VALID_1   0x000bda    program     static ../lumos_main.asm        
             S6_1_VALID_2   0x000be0    program     static ../lumos_main.asm        
           S6_1_CONFIGURE   0x000bee    program     static ../lumos_main.asm        
       WRITE_EEPROM_LOOP1   0x000c22    program     static ../lumos_main.asm        
       WRITE_EEPROM_LOOP2   0x000c3c    program     static ../lumos_main.asm        
                S6_2_DATA   0x000c52    program     static ../lumos_main.asm        
              S6_2_VALID1   0x000c60    program     static ../lumos_main.asm        
              S6_2_VALID2   0x000c66    program     static ../lumos_main.asm        
            S6_2_SET_BAUD   0x000c74    program     static ../lumos_main.asm        
       WRITE_EEPROM_LOOP3   0x000c9a    program     static ../lumos_main.asm        
                S6_3_DATA   0x000cb6    program     static ../lumos_main.asm        
               S6_3_VALID   0x000cc4    program     static ../lumos_main.asm        
               S6_3_RESET   0x000cca    program     static ../lumos_main.asm        
                S6_3_HALT   0x000ce2    program     static ../lumos_main.asm        
                S6_4_DATA   0x000ce4    program     static ../lumos_main.asm        
               S6_4_VALID   0x000cf2    program     static ../lumos_main.asm        
           S6_4_SET_PHASE   0x000cf8    program     static ../lumos_main.asm        
       WRITE_EEPROM_LOOP4   0x000d34    program     static ../lumos_main.asm        
       WRITE_EEPROM_LOOP5   0x000d54    program     static ../lumos_main.asm        
                S6_5_DATA   0x000d6a    program     static ../lumos_main.asm        
               S6_5_VALID   0x000d78    program     static ../lumos_main.asm        
                S6_5_ADDR   0x000d7e    program     static ../lumos_main.asm        
       WRITE_EEPROM_LOOP6   0x000dba    program     static ../lumos_main.asm        
                S6_6_DATA   0x000dd0    program     static ../lumos_main.asm        
               S6_6_VALID   0x000dde    program     static ../lumos_main.asm        
               S6_6_SLEEP   0x000de4    program     static ../lumos_main.asm        
             DO_CMD_SLEEP   0x000df2    program     static ../lumos_main.asm        
                S6_7_DATA   0x000dfa    program     static ../lumos_main.asm        
               S6_7_VALID   0x000e08    program     static ../lumos_main.asm        
                S6_7_WAKE   0x000e0e    program     static ../lumos_main.asm        
              DO_CMD_WAKE   0x000e1c    program     static ../lumos_main.asm        
                   S6_8_X   0x000e20    program     static ../lumos_main.asm        
                S6_8_DATA   0x000e28    program     static ../lumos_main.asm        
               S6_8_VALID   0x000e36    program     static ../lumos_main.asm        
            S6_8_SHUTDOWN   0x000e3c    program     static ../lumos_main.asm        
                S6_9_DATA   0x000e4c    program     static ../lumos_main.asm        
               S6_9_VALID   0x000e5a    program     static ../lumos_main.asm        
               S6_9_QUERY   0x000e60    program     static ../lumos_main.asm        
              S8B_CHK_7E1   0x000e92    program     static ../lumos_main.asm        
             S8B_CHK_MSB1   0x000ea6    program     static ../lumos_main.asm        
         S8B_SEND_NORMAL1   0x000eb2    program     static ../lumos_main.asm        
                 S8B_END1   0x000eb8    program     static ../lumos_main.asm        
              S8B_CHK_7E2   0x000ece    program     static ../lumos_main.asm        
             S8B_CHK_MSB2   0x000ee2    program     static ../lumos_main.asm        
         S8B_SEND_NORMAL2   0x000eee    program     static ../lumos_main.asm        
                 S8B_END2   0x000ef4    program     static ../lumos_main.asm        
              S8B_CHK_7E3   0x000f16    program     static ../lumos_main.asm        
             S8B_CHK_MSB3   0x000f2a    program     static ../lumos_main.asm        
         S8B_SEND_NORMAL3   0x000f36    program     static ../lumos_main.asm        
                 S8B_END3   0x000f3c    program     static ../lumos_main.asm        
              S8B_CHK_7E4   0x000f54    program     static ../lumos_main.asm        
             S8B_CHK_MSB4   0x000f68    program     static ../lumos_main.asm        
         S8B_SEND_NORMAL4   0x000f74    program     static ../lumos_main.asm        
                 S8B_END4   0x000f7a    program     static ../lumos_main.asm        
              S8B_CHK_7E5   0x000f98    program     static ../lumos_main.asm        
             S8B_CHK_MSB5   0x000fac    program     static ../lumos_main.asm        
         S8B_SEND_NORMAL5   0x000fb8    program     static ../lumos_main.asm        
                 S8B_END5   0x000fbe    program     static ../lumos_main.asm        
              S8B_CHK_7E6   0x000fe0    program     static ../lumos_main.asm        
             S8B_CHK_MSB6   0x000ff4    program     static ../lumos_main.asm        
         S8B_SEND_NORMAL6   0x001000    program     static ../lumos_main.asm        
                 S8B_END6   0x001006    program     static ../lumos_main.asm        
              S8B_CHK_7E7   0x00101e    program     static ../lumos_main.asm        
             S8B_CHK_MSB7   0x001032    program     static ../lumos_main.asm        
         S8B_SEND_NORMAL7   0x00103e    program     static ../lumos_main.asm        
                 S8B_END7   0x001044    program     static ../lumos_main.asm        
              S8B_CHK_7E8   0x001078    program     static ../lumos_main.asm        
             S8B_CHK_MSB8   0x00108c    program     static ../lumos_main.asm        
         S8B_SEND_NORMAL8   0x001098    program     static ../lumos_main.asm        
                 S8B_END8   0x00109e    program     static ../lumos_main.asm        
              S8B_CHK_7E9   0x00111c    program     static ../lumos_main.asm        
             S8B_CHK_MSB9   0x001130    program     static ../lumos_main.asm        
         S8B_SEND_NORMAL9   0x00113c    program     static ../lumos_main.asm        
                 S8B_END9   0x001142    program     static ../lumos_main.asm        
             S8B_CHK_7E10   0x001178    program     static ../lumos_main.asm        
            S8B_CHK_MSB10   0x00118c    program     static ../lumos_main.asm        
        S8B_SEND_NORMAL10   0x001198    program     static ../lumos_main.asm        
                S8B_END10   0x00119e    program     static ../lumos_main.asm        
             S8B_CHK_7E11   0x0011b6    program     static ../lumos_main.asm        
            S8B_CHK_MSB11   0x0011ca    program     static ../lumos_main.asm        
        S8B_SEND_NORMAL11   0x0011d6    program     static ../lumos_main.asm        
                S8B_END11   0x0011dc    program     static ../lumos_main.asm        
[...]
             SCN_DB_LCK_1   0x01546a    program     static ../quizshow_main.asm     
        LLIM_NOT_LOCKED_5   0x01549a    program     static ../quizshow_main.asm     
               LLIM_OFF_5   0x0154c2    program     static ../quizshow_main.asm     
               LLIM_END_5   0x0154de    program     static ../quizshow_main.asm     
            SCN_DB_DONE_1   0x0154e0    program     static ../quizshow_main.asm     
          SCN_DB_ACTIVE_2   0x0154f0    program     static ../quizshow_main.asm     
        LLIM_NOT_LOCKED_6   0x015534    program     static ../quizshow_main.asm     
               LLIM_OFF_6   0x01555c    program     static ../quizshow_main.asm     
               LLIM_END_6   0x015578    program     static ../quizshow_main.asm     
            SCN_DB_DING_2   0x01557c    program     static ../quizshow_main.asm     
        LLIM_NOT_LOCKED_7   0x0155b8    program     static ../quizshow_main.asm     
               LLIM_OFF_7   0x0155e0    program     static ../quizshow_main.asm     
               LLIM_END_7   0x0155fc    program     static ../quizshow_main.asm     
         SCN_DB_CHANGED_2   0x015600    program     static ../quizshow_main.asm     
             SCN_DB_END_2   0x015602    program     static ../quizshow_main.asm     
             SCN_DB_LCK_2   0x015614    program     static ../quizshow_main.asm     
        LLIM_NOT_LOCKED_8   0x015644    program     static ../quizshow_main.asm     
               LLIM_OFF_8   0x01566c    program     static ../quizshow_main.asm     
               LLIM_END_8   0x015688    program     static ../quizshow_main.asm     
            SCN_DB_DONE_2   0x01568a    program     static ../quizshow_main.asm     
          SCN_DB_ACTIVE_3   0x01569a    program     static ../quizshow_main.asm     
        LLIM_NOT_LOCKED_9   0x0156de    program     static ../quizshow_main.asm     
               LLIM_OFF_9   0x015706    program     static ../quizshow_main.asm     
               LLIM_END_9   0x015722    program     static ../quizshow_main.asm     
            SCN_DB_DING_3   0x015726    program     static ../quizshow_main.asm     
       LLIM_NOT_LOCKED_10   0x015762    program     static ../quizshow_main.asm     
              LLIM_OFF_10   0x01578a    program     static ../quizshow_main.asm     
              LLIM_END_10   0x0157a6    program     static ../quizshow_main.asm     
         SCN_DB_CHANGED_3   0x0157aa    program     static ../quizshow_main.asm     
             SCN_DB_END_3   0x0157ac    program     static ../quizshow_main.asm     
             SCN_DB_LCK_3   0x0157be    program     static ../quizshow_main.asm     
       LLIM_NOT_LOCKED_11   0x0157ee    program     static ../quizshow_main.asm     
              LLIM_OFF_11   0x015816    program     static ../quizshow_main.asm     
              LLIM_END_11   0x015832    program     static ../quizshow_main.asm     
            SCN_DB_DONE_3   0x015834    program     static ../quizshow_main.asm     
          SCN_DB_ACTIVE_4   0x015844    program     static ../quizshow_main.asm     
       LLIM_NOT_LOCKED_12   0x015888    program     static ../quizshow_main.asm     
              LLIM_OFF_12   0x0158b0    program     static ../quizshow_main.asm     
              LLIM_END_12   0x0158cc    program     static ../quizshow_main.asm     
            SCN_DB_DING_4   0x0158d0    program     static ../quizshow_main.asm     
       LLIM_NOT_LOCKED_13   0x01590c    program     static ../quizshow_main.asm     
              LLIM_OFF_13   0x015934    program     static ../quizshow_main.asm     
              LLIM_END_13   0x015950    program     static ../quizshow_main.asm     
         SCN_DB_CHANGED_4   0x015954    program     static ../quizshow_main.asm     
             SCN_DB_END_4   0x015956    program     static ../quizshow_main.asm     
             SCN_DB_LCK_4   0x015968    program     static ../quizshow_main.asm     
       LLIM_NOT_LOCKED_14   0x015998    program     static ../quizshow_main.asm     
              LLIM_OFF_14   0x0159c0    program     static ../quizshow_main.asm     
              LLIM_END_14   0x0159dc    program     static ../quizshow_main.asm     
            SCN_DB_DONE_4   0x0159de    program     static ../quizshow_main.asm     
          SCN_DB_ACTIVE_5   0x0159ee    program     static ../quizshow_main.asm     
       LLIM_NOT_LOCKED_15   0x015a32    program     static ../quizshow_main.asm     
              LLIM_OFF_15   0x015a5a    program     static ../quizshow_main.asm     
              LLIM_END_15   0x015a76    program     static ../quizshow_main.asm     
            SCN_DB_DING_5   0x015a7a    program     static ../quizshow_main.asm     
       LLIM_NOT_LOCKED_16   0x015ab6    program     static ../quizshow_main.asm     
              LLIM_OFF_16   0x015ade    program     static ../quizshow_main.asm     
              LLIM_END_16   0x015afa    program     static ../quizshow_main.asm     
         SCN_DB_CHANGED_5   0x015afe    program     static ../quizshow_main.asm     
             SCN_DB_END_5   0x015b00    program     static ../quizshow_main.asm     
             SCN_DB_LCK_5   0x015b12    program     static ../quizshow_main.asm     
       LLIM_NOT_LOCKED_17   0x015b42    program     static ../quizshow_main.asm     
              LLIM_OFF_17   0x015b6a    program     static ../quizshow_main.asm     
              LLIM_END_17   0x015b86    program     static ../quizshow_main.asm     
            SCN_DB_DONE_5   0x015b88    program     static ../quizshow_main.asm     
          SCN_DB_ACTIVE_6   0x015b98    program     static ../quizshow_main.asm     
       LLIM_NOT_LOCKED_18   0x015bdc    program     static ../quizshow_main.asm     
              LLIM_OFF_18   0x015c04    program     static ../quizshow_main.asm     
              LLIM_END_18   0x015c20    program     static ../quizshow_main.asm     
            SCN_DB_DING_6   0x015c24    program     static ../quizshow_main.asm     
       LLIM_NOT_LOCKED_19   0x015c60    program     static ../quizshow_main.asm     
              LLIM_OFF_19   0x015c88    program     static ../quizshow_main.asm     
              LLIM_END_19   0x015ca4    program     static ../quizshow_main.asm     
         SCN_DB_CHANGED_6   0x015ca8    program     static ../quizshow_main.asm     
             SCN_DB_END_6   0x015caa    program     static ../quizshow_main.asm     
             SCN_DB_LCK_6   0x015cbc    program     static ../quizshow_main.asm     
       LLIM_NOT_LOCKED_20   0x015cec    program     static ../quizshow_main.asm     
              LLIM_OFF_20   0x015d14    program     static ../quizshow_main.asm     
              LLIM_END_20   0x015d30    program     static ../quizshow_main.asm     
            SCN_DB_DONE_6   0x015d32    program     static ../quizshow_main.asm     
          SCN_DB_ACTIVE_7   0x015d42    program     static ../quizshow_main.asm     
       LLIM_NOT_LOCKED_21   0x015d86    program     static ../quizshow_main.asm     
              LLIM_OFF_21   0x015dae    program     static ../quizshow_main.asm     
              LLIM_END_21   0x015dca    program     static ../quizshow_main.asm     
            SCN_DB_DING_7   0x015dce    program     static ../quizshow_main.asm     
       LLIM_NOT_LOCKED_22   0x015e0a    program     static ../quizshow_main.asm     
              LLIM_OFF_22   0x015e32    program     static ../quizshow_main.asm     
              LLIM_END_22   0x015e4e    program     static ../quizshow_main.asm     
         SCN_DB_CHANGED_7   0x015e52    program     static ../quizshow_main.asm     
             SCN_DB_END_7   0x015e54    program     static ../quizshow_main.asm     
             SCN_DB_LCK_7   0x015e66    program     static ../quizshow_main.asm     
       LLIM_NOT_LOCKED_23   0x015e96    program     static ../quizshow_main.asm     
              LLIM_OFF_23   0x015ebe    program     static ../quizshow_main.asm     
              LLIM_END_23   0x015eda    program     static ../quizshow_main.asm     
            SCN_DB_DONE_7   0x015edc    program     static ../quizshow_main.asm     
          SCN_DB_ACTIVE_8   0x015eec    program     static ../quizshow_main.asm     
       LLIM_NOT_LOCKED_24   0x015f30    program     static ../quizshow_main.asm     
              LLIM_OFF_24   0x015f58    program     static ../quizshow_main.asm     
              LLIM_END_24   0x015f74    program     static ../quizshow_main.asm     
            SCN_DB_DING_8   0x015f78    program     static ../quizshow_main.asm     
       LLIM_NOT_LOCKED_25   0x015fb4    program     static ../quizshow_main.asm     
              LLIM_OFF_25   0x015fdc    program     static ../quizshow_main.asm     
              LLIM_END_25   0x015ff8    program     static ../quizshow_main.asm     
         SCN_DB_CHANGED_8   0x015ffc    program     static ../quizshow_main.asm     
             SCN_DB_END_8   0x015ffe    program     static ../quizshow_main.asm     
             SCN_DB_LCK_8   0x016010    program     static ../quizshow_main.asm     
       LLIM_NOT_LOCKED_26   0x016040    program     static ../quizshow_main.asm     
              LLIM_OFF_26   0x016068    program     static ../quizshow_main.asm     
              LLIM_END_26   0x016084    program     static ../quizshow_main.asm     
            SCN_DB_DONE_8   0x016086    program     static ../quizshow_main.asm     
          SCN_DB_ACTIVE_9   0x016096    program     static ../quizshow_main.asm     
       LLIM_NOT_LOCKED_27   0x0160da    program     static ../quizshow_main.asm     
              LLIM_OFF_27   0x016102    program     static ../quizshow_main.asm     
              LLIM_END_27   0x01611e    program     static ../quizshow_main.asm     
            SCN_DB_DING_9   0x016122    program     static ../quizshow_main.asm     
       LLIM_NOT_LOCKED_28   0x01615e    program     static ../quizshow_main.asm     
              LLIM_OFF_28   0x016186    program     static ../quizshow_main.asm     
              LLIM_END_28   0x0161a2    program     static ../quizshow_main.asm     
         SCN_DB_CHANGED_9   0x0161a6    program     static ../quizshow_main.asm     
             SCN_DB_END_9   0x0161a8    program     static ../quizshow_main.asm     
             SCN_DB_LCK_9   0x0161ba    program     static ../quizshow_main.asm     
       LLIM_NOT_LOCKED_29   0x0161ea    program     static ../quizshow_main.asm     
              LLIM_OFF_29   0x016212    program     static ../quizshow_main.asm     
              LLIM_END_29   0x01622e    program     static ../quizshow_main.asm     
            SCN_DB_DONE_9   0x016230    program     static ../quizshow_main.asm     
          QSCC_CMD6_START   0x016234    program     extern ../quizshow_main.asm     
    SET_ALL_BUTTON_LIGHTS   0x0162ec    program     static ../quizshow_main.asm     
       LLIM_NOT_LOCKED_30   0x01631a    program     static ../quizshow_main.asm     
              LLIM_OFF_30   0x016342    program     static ../quizshow_main.asm     
              LLIM_END_30   0x01635e    program     static ../quizshow_main.asm     
       LLIM_NOT_LOCKED_31   0x01638a    program     static ../quizshow_main.asm     
              LLIM_OFF_31   0x0163b2    program     static ../quizshow_main.asm     
              LLIM_END_31   0x0163ce    program     static ../quizshow_main.asm     
       LLIM_NOT_LOCKED_32   0x0163fa    program     static ../quizshow_main.asm     
              LLIM_OFF_32   0x016422    program     static ../quizshow_main.asm     
              LLIM_END_32   0x01643e    program     static ../quizshow_main.asm     
       LLIM_NOT_LOCKED_33   0x01646a    program     static ../quizshow_main.asm     
              LLIM_OFF_33   0x016492    program     static ../quizshow_main.asm     
              LLIM_END_33   0x0164ae    program     static ../quizshow_main.asm     
       LLIM_NOT_LOCKED_34   0x0164da    program     static ../quizshow_main.asm     
              LLIM_OFF_34   0x016502    program     static ../quizshow_main.asm     
              LLIM_END_34   0x01651e    program     static ../quizshow_main.asm     
       LLIM_NOT_LOCKED_35   0x01654a    program     static ../quizshow_main.asm     
              LLIM_OFF_35   0x016572    program     static ../quizshow_main.asm     
              LLIM_END_35   0x01658e    program     static ../quizshow_main.asm     
       LLIM_NOT_LOCKED_36   0x0165ba    program     static ../quizshow_main.asm     
              LLIM_OFF_36   0x0165e2    program     static ../quizshow_main.asm     
              LLIM_END_36   0x0165fe    program     static ../quizshow_main.asm     
       LLIM_NOT_LOCKED_37   0x01662a    program     static ../quizshow_main.asm     
              LLIM_OFF_37   0x016652    program     static ../quizshow_main.asm     
              LLIM_END_37   0x01666e    program     static ../quizshow_main.asm     
       LLIM_NOT_LOCKED_38   0x01669a    program     static ../quizshow_main.asm     
              LLIM_OFF_38   0x0166c2    program     static ../quizshow_main.asm     
              LLIM_END_38   0x0166de    program     static ../quizshow_main.asm     
       LLIM_NOT_LOCKED_39   0x01670a    program     static ../quizshow_main.asm     
              LLIM_OFF_39   0x016732    program     static ../quizshow_main.asm     
              LLIM_END_39   0x01674e    program     static ../quizshow_main.asm     
          QS_STOP_SCANNER   0x016752    program     extern ../quizshow_main.asm     
                  SYS_SNH   0x016ff0    program     static ../lumos_main.asm        
                  SYS_SNL   0x016ff1    program     static ../lumos_main.asm        
          ISR_TMPL_STATUS   0x000000       data     static ../lumos_main.asm        
             ISR_TMPL_BSR   0x000001       data     static ../lumos_main.asm        
            ISR_TMPL_WREG   0x000002       data     static ../lumos_main.asm        
               MY_ADDRESS   0x000003       data     static ../lumos_main.asm        
            PHASE_OFFSETH   0x000004       data     static ../lumos_main.asm        
            PHASE_OFFSETL   0x000005       data     static ../lumos_main.asm        
                SSR_STATE   0x000006       data     static ../lumos_main.asm        
               SSR_STATE2   0x000007       data     static ../lumos_main.asm        
                DMX_SLOTH   0x000008       data     static ../lumos_main.asm        
                DMX_SLOTL   0x000009       data     static ../lumos_main.asm        
                 YY_STATE   0x00000a       data     static ../lumos_main.asm        
               YY_COMMAND   0x00000b       data     static ../lumos_main.asm        
             YY_CMD_FLAGS   0x00000c       data     static ../lumos_main.asm        
                  YY_DATA   0x00000d       data     static ../lumos_main.asm        
         YY_LOOKAHEAD_MAX   0x00000e       data     static ../lumos_main.asm        
              YY_LOOK_FOR   0x00000f       data     static ../lumos_main.asm        
               YY_BUF_IDX   0x000010       data     static ../lumos_main.asm        
            YY_NEXT_STATE   0x000011       data     static ../lumos_main.asm        
                    YY_YY   0x000012       data     static ../lumos_main.asm        
               LAST_ERROR   0x000013       data     static ../lumos_main.asm        
                 CUR_PREH   0x000014       data     static ../lumos_main.asm        
                  CUR_PRE   0x000015       data     static ../lumos_main.asm        
                CUR_SLICE   0x000016       data     static ../lumos_main.asm        
               TARGET_SSR   0x000017       data     static ../lumos_main.asm        
          OPTION_DEBOUNCE   0x000018       data     static ../lumos_main.asm        
              OPTION_HOLD   0x000019       data     static ../lumos_main.asm        
               TEST_CYCLE   0x00001a       data     static ../lumos_main.asm        
                 TEST_SSR   0x00001b       data     static ../lumos_main.asm        
            AUTO_OFF_CTRH   0x00001c       data     static ../lumos_main.asm        
            AUTO_OFF_CTRL   0x00001d       data     static ../lumos_main.asm        
           EIGHTBITSIOBUF   0x00001e       data     static ../lumos_main.asm        
                        I   0x00001f       data     static ../lumos_main.asm        
                        J   0x000020       data     static ../lumos_main.asm        
                        K   0x000021       data     static ../lumos_main.asm        
                       KK   0x000022       data     static ../lumos_main.asm        
                     TR_I   0x000023       data     static ../lumos_main.asm        
             QS_BTN_TMR_T   0x000024       data     extern ../qscc_hook_access_bank.inc
             QS_BTN_TMR_U   0x000025       data     extern ../qscc_hook_access_bank.inc
           QUIZSHOW_FLAGS   0x000026       data     extern ../qscc_hook_access_bank.inc
                TX_BUFFER   0x000100       data     static ../serial-io.asm         
                RX_BUFFER   0x000200       data     static ../serial-io.asm         
               SIO_STATUS   0x000300       data     extern ../serial-io.asm         
                SIO_INPUT   0x000301       data     extern ../serial-io.asm         
               SIO_OUTPUT   0x000302       data     extern ../serial-io.asm         
             TX_BUF_START   0x000303       data     static ../serial-io.asm         
               TX_BUF_END   0x000304       data     static ../serial-io.asm         
             RX_BUF_START   0x000305       data     static ../serial-io.asm         
               RX_BUF_END   0x000306       data     static ../serial-io.asm         
                  TX_CHAR   0x000307       data     static ../serial-io.asm         
                    SIO_X   0x000308       data     static ../serial-io.asm         
                SIO_TMPPC   0x000309       data     static ../serial-io.asm         
               FSR1H_SAVE   0x00030a       data     static ../serial-io.asm         
               FSR1L_SAVE   0x00030b       data     static ../serial-io.asm         
                 B32__BIT   0x00030c       data     static ../serial-io.asm         
              B32__OUTCTR   0x00030d       data     static ../serial-io.asm         
               B32__FSR0H   0x00030e       data     static ../serial-io.asm         
               B32__FSR0L   0x00030f       data     static ../serial-io.asm         
               B32__FSR1H   0x000310       data     static ../serial-io.asm         
               B32__FSR1L   0x000311       data     static ../serial-io.asm         
             B32__BCD_ASC   0x000312       data     extern ../serial-io.asm         
                 B32__BIN   0x000317       data     extern ../serial-io.asm         
             SSR_00_VALUE   0x000400       data     extern ../lumos_main.asm        
             SSR_00_FLAGS   0x000414       data     extern ../lumos_main.asm        
              SSR_00_STEP   0x000428       data     extern ../lumos_main.asm        
             SSR_00_SPEED   0x00043c       data     extern ../lumos_main.asm        
           SSR_00_COUNTER   0x000450       data     extern ../lumos_main.asm        
                YY_BUFFER   0x000500       data     static ../lumos_main.asm        
            BTN_X0_TIME_T   0x000c00       data     static ../quizshow_main.asm     
            BTN_X0_TIME_U   0x000c10       data     static ../quizshow_main.asm     
            BTN_X0_TIME_H   0x000c20       data     static ../quizshow_main.asm     
            BTN_X0_TIME_L   0x000c30       data     static ../quizshow_main.asm     
             BTN_X0_FLAGS   0x000c40       data     static ../quizshow_main.asm     
           BTN_X0_LOCKTMR   0x000c50       data     static ../quizshow_main.asm     
           BTN_X0_DEB_TMR   0x000c60       data     static ../quizshow_main.asm     
           QUIZSHOW_LCKTM   0x000c70       data     static ../quizshow_main.asm     


