MPLINK 5.08, LINKER
Linker Map File - Created Thu Oct 13 20:27:31 2016

                                 Section Info
                  Section       Type    Address   Location Size(Bytes)
                ---------  ---------  ---------  ---------  ---------
                    V_RST       code   0x000000    program   0x000006
                   .cinit    romdata   0x000006    program   0x000002
                  V_INT_H       code   0x000008    program   0x000006
       QUIZSHOW_CODE_INIT       code   0x00000e    program   0x000008
                  V_INT_L       code   0x000018    program   0x000006
          LUMOS_CODE_INIT       code   0x00001e    program   0x000098
                    _BOOT       code   0x000100    program   0x000240
                _SIO_CODE       code   0x000340    program   0x000292
                     _INT       code   0x0005d2    program   0x000074
                    _MAIN       code   0x000800    program   0x001e78
         _EEPROM_DEFS_TBL       code   0x014000    program   0x000010
                   .org_0       code   0x015000    program   0x0000be
           _QUIZSHOW_CODE       code   0x0150be    program   0x001a1c
                  __SYS__       code   0x016ff0    program   0x000002
.config_300001_BUILD/DEFAULT/PRODUCTION/_EXT/14    romdata   0x300001    program   0x000001
.config_300002_BUILD/DEFAULT/PRODUCTION/_EXT/14    romdata   0x300002    program   0x000001
.config_300003_BUILD/DEFAULT/PRODUCTION/_EXT/14    romdata   0x300003    program   0x000001
.config_300005_BUILD/DEFAULT/PRODUCTION/_EXT/14    romdata   0x300005    program   0x000001
.config_300006_BUILD/DEFAULT/PRODUCTION/_EXT/14    romdata   0x300006    program   0x000001
.config_300008_BUILD/DEFAULT/PRODUCTION/_EXT/14    romdata   0x300008    program   0x000001
.config_300009_BUILD/DEFAULT/PRODUCTION/_EXT/14    romdata   0x300009    program   0x000001
.config_30000A_BUILD/DEFAULT/PRODUCTION/_EXT/14    romdata   0x30000a    program   0x000001
.config_30000B_BUILD/DEFAULT/PRODUCTION/_EXT/14    romdata   0x30000b    program   0x000001
.config_30000C_BUILD/DEFAULT/PRODUCTION/_EXT/14    romdata   0x30000c    program   0x000001
.config_30000D_BUILD/DEFAULT/PRODUCTION/_EXT/14    romdata   0x30000d    program   0x000001
                  _EEPROM       code   0xf00000    program   0x000010
                   _ADATA      udata   0x000000       data   0x000027
          _SIO_TXBUF_DATA      udata   0x000100       data   0x000100
          _SIO_RXBUF_DATA      udata   0x000200       data   0x000100
            _SIO_VAR_DATA      udata   0x000300       data   0x00001b
                _SSR_DATA      udata   0x000400       data   0x000064
                _MAINDATA      udata   0x000500       data   0x0000c8
           _QUIZSHOW_DATA      udata   0x000c00       data   0x000047



                              Program Memory Usage 
                               Start         End      
                           ---------   ---------      
                            0x000000    0x000015      
                            0x000018    0x0000b5      
                            0x000100    0x000645      
                            0x000800    0x002677      
                            0x014000    0x01400f      
                            0x015000    0x016ad9      
                            0x016ff0    0x016ff1      
                            0x300001    0x300003      
                            0x300005    0x300006      
                            0x300008    0x30000d      
                            0xf00000    0xf0000f      
            16249 out of 99352 program addresses used, program memory utilization is 16%



                              Symbols - Sorted by Name
                     Name    Address   Location    Storage File                     
                ---------  ---------  ---------  --------- ---------                
           B32__B2BCD_BIT   0x0004d2    program     static ../serial-io.asm         
          B32__B2BCD_LOOP   0x0004da    program     static ../serial-io.asm         
           B32__BCD2ASCII   0x00050e    program     extern ../serial-io.asm         
          B32__BCD2A_LOOP   0x00052e    program     static ../serial-io.asm         
             B32__BIN2BCD   0x0004b8    program     extern ../serial-io.asm         
                BAD_BREAK   0x000812    program     static ../lumos_main.asm        
                 BAUDTBLH   0x01502a    program     static ../serial-io.asm         
                 BAUDTBLL   0x015074    program     static ../serial-io.asm         
             BE_AWAKE_NOW   0x00264c    program     static ../lumos_main.asm        
              CLR_NEXT_RX   0x000364    program     static ../serial-io.asm         
              CLR_NEXT_TX   0x000356    program     static ../serial-io.asm         
                CMD_XPRIV   0x00142a    program     static ../lumos_main.asm        
                DATA_BYTE   0x000a22    program     static ../lumos_main.asm        
                DB_CHK_7E   0x000a36    program     static ../lumos_main.asm        
                DB_CHK_7F   0x000a40    program     static ../lumos_main.asm        
           DB_CHK_LITERAL   0x000a2e    program     static ../lumos_main.asm        
               DB_HANDLER   0x000a4a    program     static ../lumos_main.asm        
              DEFAULT_TBL   0x014000    program     static ../lumos_main.asm        
           DELAY_1_12_SEC   0x000320    program     static ../lumos_main.asm        
            DELAY_1_6_SEC   0x000328    program     static ../lumos_main.asm        
             DO_CMD_SLEEP   0x000d74    program     static ../lumos_main.asm        
              DO_CMD_WAKE   0x000d9e    program     static ../lumos_main.asm        
             DO_TEST_MODE   0x00085c    program     static ../lumos_main.asm        
    DRAIN_M_S_TX_BLOCKING   0x000854    program     static ../lumos_main.asm        
        DRAIN_TRANSMITTER   0x00083c    program     static ../lumos_main.asm        
                  D_1_6_J   0x000330    program     static ../lumos_main.asm        
                  D_1_6_K   0x000332    program     static ../lumos_main.asm        
                 D_1_6_KK   0x00032e    program     static ../lumos_main.asm        
                  D_FLASH   0x000102    program     static ../lumos_main.asm        
               ECHO_7BITS   0x0003e4    program     static ../serial-io.asm         
          ECHO_NOT_DELETE   0x0003f2    program     static ../serial-io.asm         
          ECHO_NOT_ESCAPE   0x0003fc    program     static ../serial-io.asm         
               ECHO_PLAIN   0x000408    program     static ../serial-io.asm         
               END_FADE_0   0x002102    program     static ../lumos_main.asm        
               END_FADE_1   0x002148    program     static ../lumos_main.asm        
              END_FADE_10   0x0023be    program     static ../lumos_main.asm        
              END_FADE_11   0x002404    program     static ../lumos_main.asm        
              END_FADE_12   0x00244a    program     static ../lumos_main.asm        
              END_FADE_13   0x002490    program     static ../lumos_main.asm        
              END_FADE_14   0x0024d6    program     static ../lumos_main.asm        
              END_FADE_15   0x00251c    program     static ../lumos_main.asm        
              END_FADE_16   0x002562    program     static ../lumos_main.asm        
              END_FADE_17   0x0025a8    program     static ../lumos_main.asm        
              END_FADE_18   0x0025ee    program     static ../lumos_main.asm        
              END_FADE_19   0x002634    program     static ../lumos_main.asm        
               END_FADE_2   0x00218e    program     static ../lumos_main.asm        
               END_FADE_3   0x0021d4    program     static ../lumos_main.asm        
               END_FADE_4   0x00221a    program     static ../lumos_main.asm        
               END_FADE_5   0x002260    program     static ../lumos_main.asm        
               END_FADE_6   0x0022a6    program     static ../lumos_main.asm        
               END_FADE_7   0x0022ec    program     static ../lumos_main.asm        
               END_FADE_8   0x002332    program     static ../lumos_main.asm        
               END_FADE_9   0x002378    program     static ../lumos_main.asm        
                 END_FRJC   0x0002bc    program     static ../lumos_main.asm        
          END_SERIAL_READ   0x000832    program     static ../lumos_main.asm        
                ERR_ABORT   0x0008ca    program     static ../lumos_main.asm        
       ERR_CMD_INCOMPLETE   0x0008b6    program     static ../lumos_main.asm        
              ERR_COMMAND   0x0008c6    program     static ../lumos_main.asm        
              ERR_FRAMING   0x0005c6    program     static ../serial-io.asm         
              ERR_NOT_IMP   0x0008be    program     static ../lumos_main.asm        
              ERR_OVERRUN   0x0005ca    program     static ../serial-io.asm         
       ERR_SERIAL_FRAMING   0x0008a2    program     static ../lumos_main.asm        
          ERR_SERIAL_FULL   0x0008ae    program     static ../lumos_main.asm        
       ERR_SERIAL_OVERRUN   0x0008a8    program     static ../lumos_main.asm        
            FACTORY_RESET   0x0002c6    program     static ../lumos_main.asm        
      FACTORY_RESET_FLASH   0x00031e    program     static ../lumos_main.asm        
FACTORY_RESET_JUMPER_CHECK   0x00027c    program     static ../lumos_main.asm        
       FACTORY_RESET_LOOP   0x0002ea    program     static ../lumos_main.asm        
                FRJC_LOOP   0x0002aa    program     static ../lumos_main.asm        
                  GC_SPIN   0x00048e    program     static ../serial-io.asm         
                HALT_MODE   0x002658    program     static ../lumos_main.asm        
               HALT_SLEEP   0x002666    program     static ../lumos_main.asm        
                   HEXTBL   0x015000    program     static ../serial-io.asm         
             INTERP_START   0x0008e8    program     static ../lumos_main.asm        
                 INT_HIGH   0x0005fc    program     static ../lumos_main.asm        
                  INT_LOW   0x0005d2    program     static ../lumos_main.asm        
                   INT_RX   0x0005e6    program     static ../lumos_main.asm        
               INT_RX_END   0x0005f0    program     static ../lumos_main.asm        
                 INT_TMR2   0x000618    program     static ../lumos_main.asm        
            INT_TMR2_DONE   0x000632    program     static ../lumos_main.asm        
             INT_TMR2_END   0x000634    program     static ../lumos_main.asm        
             INT_TMR2_MSB   0x000640    program     static ../lumos_main.asm        
            INT_TMR2_NEXT   0x00062e    program     static ../lumos_main.asm        
                   INT_TX   0x0005dc    program     static ../lumos_main.asm        
               INT_TX_END   0x0005e6    program     static ../lumos_main.asm        
                   INT_ZC   0x0005fc    program     static ../lumos_main.asm        
               INT_ZC_END   0x000618    program     static ../lumos_main.asm        
               LLIM_END_0   0x01525e    program     static ../quizshow_main.asm     
               LLIM_END_1   0x015346    program     static ../quizshow_main.asm     
              LLIM_END_10   0x0158f2    program     static ../quizshow_main.asm     
              LLIM_END_11   0x01595c    program     static ../quizshow_main.asm     
              LLIM_END_12   0x015a26    program     static ../quizshow_main.asm     
              LLIM_END_13   0x015b0e    program     static ../quizshow_main.asm     
              LLIM_END_14   0x015bcc    program     static ../quizshow_main.asm     
              LLIM_END_15   0x015c42    program     static ../quizshow_main.asm     
              LLIM_END_16   0x015cd6    program     static ../quizshow_main.asm     
              LLIM_END_17   0x015d40    program     static ../quizshow_main.asm     
              LLIM_END_18   0x015e0a    program     static ../quizshow_main.asm     
              LLIM_END_19   0x015ef2    program     static ../quizshow_main.asm     
               LLIM_END_2   0x015404    program     static ../quizshow_main.asm     
              LLIM_END_20   0x015fb0    program     static ../quizshow_main.asm     
              LLIM_END_21   0x016026    program     static ../quizshow_main.asm     
              LLIM_END_22   0x0160ba    program     static ../quizshow_main.asm     
              LLIM_END_23   0x016124    program     static ../quizshow_main.asm     
              LLIM_END_24   0x0161ee    program     static ../quizshow_main.asm     
              LLIM_END_25   0x0162d6    program     static ../quizshow_main.asm     
              LLIM_END_26   0x016394    program     static ../quizshow_main.asm     
              LLIM_END_27   0x01640a    program     static ../quizshow_main.asm     
              LLIM_END_28   0x01649e    program     static ../quizshow_main.asm     
              LLIM_END_29   0x016508    program     static ../quizshow_main.asm     
               LLIM_END_3   0x01547a    program     static ../quizshow_main.asm     
              LLIM_END_30   0x01663c    program     static ../quizshow_main.asm     
              LLIM_END_31   0x016698    program     static ../quizshow_main.asm     
              LLIM_END_32   0x016748    program     static ../quizshow_main.asm     
              LLIM_END_33   0x0167a4    program     static ../quizshow_main.asm     
              LLIM_END_34   0x016854    program     static ../quizshow_main.asm     
              LLIM_END_35   0x0168b0    program     static ../quizshow_main.asm     
              LLIM_END_36   0x016960    program     static ../quizshow_main.asm     
              LLIM_END_37   0x0169bc    program     static ../quizshow_main.asm     
              LLIM_END_38   0x016a6c    program     static ../quizshow_main.asm     
              LLIM_END_39   0x016ac8    program     static ../quizshow_main.asm     
               LLIM_END_4   0x01550e    program     static ../quizshow_main.asm     
               LLIM_END_5   0x015578    program     static ../quizshow_main.asm     
               LLIM_END_6   0x015642    program     static ../quizshow_main.asm     
               LLIM_END_7   0x01572a    program     static ../quizshow_main.asm     
               LLIM_END_8   0x0157e8    program     static ../quizshow_main.asm     
               LLIM_END_9   0x01585e    program     static ../quizshow_main.asm     
        LLIM_NOT_LOCKED_0   0x0151fc    program     static ../quizshow_main.asm     
        LLIM_NOT_LOCKED_1   0x0152e4    program     static ../quizshow_main.asm     
       LLIM_NOT_LOCKED_10   0x0158c8    program     static ../quizshow_main.asm     
       LLIM_NOT_LOCKED_11   0x015932    program     static ../quizshow_main.asm     
       LLIM_NOT_LOCKED_12   0x0159c4    program     static ../quizshow_main.asm     
       LLIM_NOT_LOCKED_13   0x015aac    program     static ../quizshow_main.asm     
       LLIM_NOT_LOCKED_14   0x015b6a    program     static ../quizshow_main.asm     
       LLIM_NOT_LOCKED_15   0x015c18    program     static ../quizshow_main.asm     
       LLIM_NOT_LOCKED_16   0x015cac    program     static ../quizshow_main.asm     
       LLIM_NOT_LOCKED_17   0x015d16    program     static ../quizshow_main.asm     
       LLIM_NOT_LOCKED_18   0x015da8    program     static ../quizshow_main.asm     
       LLIM_NOT_LOCKED_19   0x015e90    program     static ../quizshow_main.asm     
        LLIM_NOT_LOCKED_2   0x0153a2    program     static ../quizshow_main.asm     
       LLIM_NOT_LOCKED_20   0x015f4e    program     static ../quizshow_main.asm     
       LLIM_NOT_LOCKED_21   0x015ffc    program     static ../quizshow_main.asm     
       LLIM_NOT_LOCKED_22   0x016090    program     static ../quizshow_main.asm     
       LLIM_NOT_LOCKED_23   0x0160fa    program     static ../quizshow_main.asm     
       LLIM_NOT_LOCKED_24   0x01618c    program     static ../quizshow_main.asm     
       LLIM_NOT_LOCKED_25   0x016274    program     static ../quizshow_main.asm     
       LLIM_NOT_LOCKED_26   0x016332    program     static ../quizshow_main.asm     
       LLIM_NOT_LOCKED_27   0x0163e0    program     static ../quizshow_main.asm     
       LLIM_NOT_LOCKED_28   0x016474    program     static ../quizshow_main.asm     
       LLIM_NOT_LOCKED_29   0x0164de    program     static ../quizshow_main.asm     
        LLIM_NOT_LOCKED_3   0x015450    program     static ../quizshow_main.asm     
       LLIM_NOT_LOCKED_30   0x0165da    program     static ../quizshow_main.asm     
       LLIM_NOT_LOCKED_31   0x01666e    program     static ../quizshow_main.asm     
       LLIM_NOT_LOCKED_32   0x0166e6    program     static ../quizshow_main.asm     
       LLIM_NOT_LOCKED_33   0x01677a    program     static ../quizshow_main.asm     
       LLIM_NOT_LOCKED_34   0x0167f2    program     static ../quizshow_main.asm     
       LLIM_NOT_LOCKED_35   0x016886    program     static ../quizshow_main.asm     
       LLIM_NOT_LOCKED_36   0x0168fe    program     static ../quizshow_main.asm     
       LLIM_NOT_LOCKED_37   0x016992    program     static ../quizshow_main.asm     
       LLIM_NOT_LOCKED_38   0x016a0a    program     static ../quizshow_main.asm     
       LLIM_NOT_LOCKED_39   0x016a9e    program     static ../quizshow_main.asm     
        LLIM_NOT_LOCKED_4   0x0154e4    program     static ../quizshow_main.asm     
        LLIM_NOT_LOCKED_5   0x01554e    program     static ../quizshow_main.asm     
        LLIM_NOT_LOCKED_6   0x0155e0    program     static ../quizshow_main.asm     
        LLIM_NOT_LOCKED_7   0x0156c8    program     static ../quizshow_main.asm     
        LLIM_NOT_LOCKED_8   0x015786    program     static ../quizshow_main.asm     
        LLIM_NOT_LOCKED_9   0x015834    program     static ../quizshow_main.asm     
               LLIM_OFF_0   0x015234    program     static ../quizshow_main.asm     
               LLIM_OFF_1   0x01531c    program     static ../quizshow_main.asm     
              LLIM_OFF_10   0x0158e4    program     static ../quizshow_main.asm     
              LLIM_OFF_11   0x01594e    program     static ../quizshow_main.asm     
              LLIM_OFF_12   0x0159fc    program     static ../quizshow_main.asm     
              LLIM_OFF_13   0x015ae4    program     static ../quizshow_main.asm     
              LLIM_OFF_14   0x015ba2    program     static ../quizshow_main.asm     
              LLIM_OFF_15   0x015c34    program     static ../quizshow_main.asm     
              LLIM_OFF_16   0x015cc8    program     static ../quizshow_main.asm     
              LLIM_OFF_17   0x015d32    program     static ../quizshow_main.asm     
              LLIM_OFF_18   0x015de0    program     static ../quizshow_main.asm     
              LLIM_OFF_19   0x015ec8    program     static ../quizshow_main.asm     
               LLIM_OFF_2   0x0153da    program     static ../quizshow_main.asm     
              LLIM_OFF_20   0x015f86    program     static ../quizshow_main.asm     
              LLIM_OFF_21   0x016018    program     static ../quizshow_main.asm     
              LLIM_OFF_22   0x0160ac    program     static ../quizshow_main.asm     
              LLIM_OFF_23   0x016116    program     static ../quizshow_main.asm     
              LLIM_OFF_24   0x0161c4    program     static ../quizshow_main.asm     
              LLIM_OFF_25   0x0162ac    program     static ../quizshow_main.asm     
              LLIM_OFF_26   0x01636a    program     static ../quizshow_main.asm     
              LLIM_OFF_27   0x0163fc    program     static ../quizshow_main.asm     
              LLIM_OFF_28   0x016490    program     static ../quizshow_main.asm     
              LLIM_OFF_29   0x0164fa    program     static ../quizshow_main.asm     
               LLIM_OFF_3   0x01546c    program     static ../quizshow_main.asm     
              LLIM_OFF_30   0x016612    program     static ../quizshow_main.asm     
              LLIM_OFF_31   0x01668a    program     static ../quizshow_main.asm     
              LLIM_OFF_32   0x01671e    program     static ../quizshow_main.asm     
              LLIM_OFF_33   0x016796    program     static ../quizshow_main.asm     
              LLIM_OFF_34   0x01682a    program     static ../quizshow_main.asm     
              LLIM_OFF_35   0x0168a2    program     static ../quizshow_main.asm     
              LLIM_OFF_36   0x016936    program     static ../quizshow_main.asm     
              LLIM_OFF_37   0x0169ae    program     static ../quizshow_main.asm     
              LLIM_OFF_38   0x016a42    program     static ../quizshow_main.asm     
              LLIM_OFF_39   0x016aba    program     static ../quizshow_main.asm     
               LLIM_OFF_4   0x015500    program     static ../quizshow_main.asm     
               LLIM_OFF_5   0x01556a    program     static ../quizshow_main.asm     
               LLIM_OFF_6   0x015618    program     static ../quizshow_main.asm     
               LLIM_OFF_7   0x015700    program     static ../quizshow_main.asm     
               LLIM_OFF_8   0x0157be    program     static ../quizshow_main.asm     
               LLIM_OFF_9   0x015850    program     static ../quizshow_main.asm     
               LUMOS_INIT   0x00001e    program     extern ../lumos_init.asm        
                     MAIN   0x000800    program     static ../lumos_main.asm        
                  NOT_DMX   0x00080e    program     static ../lumos_main.asm        
                ON_OFF_ON   0x000a72    program     static ../lumos_main.asm        
           ON_OFF_YY_DATA   0x000a58    program     static ../lumos_main.asm        
         PASS_DOWN_ON_OFF   0x000a78    program     static ../lumos_main.asm        
        PASS_DOWN_SET_LVL   0x000aa8    program     static ../lumos_main.asm        
          QSCC_CMD5_START   0x01650e    program     extern ../quizshow_main.asm     
               QSCC_G_C_1   0x0008ec    program     static ../qscc_hook_global_commands.asm
               QSCC_G_C_2   0x0008f6    program     static ../qscc_hook_global_commands.asm
                QSCC_INIT   0x00000e    program     extern ../quizshow_init.asm     
             QSCC_INT_END   0x00063e    program     static ../qscc_hook_isr.asm     
            QSCC_INT_TMR1   0x000634    program     static ../qscc_hook_isr.asm     
                QSCC_MAIN   0x01518a    program     extern ../quizshow_main.asm     
            QSCC_SENS_END   0x015174    program     static ../quizshow_main.asm     
               QSCC_START   0x0150be    program     extern ../quizshow_main.asm     
            QS_QUERY_DONE   0x001f72    program     static ../qscc_hook_s17.asm     
            QS_QUERY_PING   0x001f66    program     static ../qscc_hook_s17.asm     
          QS_STOP_SCANNER   0x016acc    program     extern ../quizshow_main.asm     
                READ_DONE   0x000484    program     static ../serial-io.asm         
                  READ_OK   0x00046e    program     static ../serial-io.asm         
          RECEIVE_COMMAND   0x0008ce    program     static ../lumos_main.asm        
                    RX_OK   0x0005a4    program     static ../serial-io.asm         
                  S0_CMD0   0x00090a    program     extern ../lumos_main.asm        
                  S0_CMD1   0x0009d6    program     static ../lumos_main.asm        
                  S0_CMD2   0x0009e2    program     static ../lumos_main.asm        
                  S0_CMD3   0x0009ec    program     static ../lumos_main.asm        
                  S0_CMD4   0x0009f6    program     static ../lumos_main.asm        
                  S0_CMD5   0x000a00    program     static ../lumos_main.asm        
                  S0_CMD6   0x000a08    program     static ../lumos_main.asm        
                  S0_CMD7   0x000a10    program     static ../lumos_main.asm        
               S0_CMD_ERR   0x000a1a    program     static ../lumos_main.asm        
                 S10_DATA   0x001494    program     static ../lumos_main.asm        
                 S11_DATA   0x0014a0    program     static ../lumos_main.asm        
                 S12_DATA   0x0014ac    program     static ../lumos_main.asm        
                 S13_DATA   0x0014b8    program     static ../lumos_main.asm        
                 S14_DATA   0x0014c4    program     static ../lumos_main.asm        
                 S15_DATA   0x0014e0    program     static ../lumos_main.asm        
                 S16_DATA   0x0014e8    program     static ../lumos_main.asm        
                 S17_DATA   0x0014f0    program     static ../lumos_main.asm        
             S17_DATA_NIL   0x0014f0    program     static ../qscc_hook_s17.asm     
             S18_DATA_NIL   0x0014f8    program     static ../qscc_hook_s17.asm     
                 S19_DATA   0x001500    program     static ../qscc_hook_s17.asm     
                  S1_DATA   0x000a50    program     static ../lumos_main.asm        
                 S20_DATA   0x001f84    program     static ../qscc_hook_s17.asm     
                 S21_DATA   0x001f90    program     static ../qscc_hook_s17.asm     
                 S22_DATA   0x001fee    program     static ../qscc_hook_s17.asm     
                  S2_DATA   0x000a7c    program     static ../lumos_main.asm        
                  S3_DATA   0x000a92    program     static ../lumos_main.asm        
                  S4_DATA   0x000ab0    program     static ../lumos_main.asm        
                  S5_DATA   0x000ad2    program     static ../lumos_main.asm        
                S6_0_DATA   0x000b08    program     static ../lumos_main.asm        
           S6_0_DATA_N_OK   0x000b1e    program     static ../lumos_main.asm        
       S6_0_UPDATE_MASTER   0x000b32    program     static ../lumos_main.asm        
         S6_0_UPDATE_NEXT   0x000b4e    program     static ../lumos_main.asm        
               S6_10_DATA   0x001152    program     static ../lumos_main.asm        
           S6_10_DEF_SENS   0x001166    program     static ../lumos_main.asm        
              S6_10_VALID   0x001160    program     static ../lumos_main.asm        
            S6_11_CLR_SEQ   0x001182    program     static ../lumos_main.asm        
               S6_11_DATA   0x00116e    program     static ../lumos_main.asm        
              S6_11_VALID   0x00117c    program     static ../lumos_main.asm        
               S6_12_DATA   0x001192    program     static ../lumos_main.asm        
            S6_12_DEF_SEQ   0x0011b6    program     static ../lumos_main.asm        
              S6_12_VALID   0x00119e    program     static ../lumos_main.asm        
             S6_12_VALID2   0x0011b0    program     static ../lumos_main.asm        
               S6_13_DATA   0x0011c6    program     static ../lumos_main.asm        
              S6_13_VALID   0x0011d4    program     static ../lumos_main.asm        
               S6_14_DATA   0x0011ec    program     static ../lumos_main.asm        
            S6_14_DATA_QS   0x0011ec    program     static ../qscc_hook_s6_14.asm   
          S6_14_DISP_TEXT   0x001200    program     static ../qscc_hook_s6_14.asm   
              S6_14_VALID   0x0011fa    program     static ../qscc_hook_s6_14.asm   
               S6_15_DATA   0x001204    program     static ../qscc_hook_s6_14.asm   
        S6_15_DISP_BITMAP   0x001218    program     static ../qscc_hook_s6_14.asm   
              S6_15_VALID   0x001212    program     static ../qscc_hook_s6_14.asm   
   S6_16_CF_SET_QS_PARAMS   0x001230    program     static ../qscc_hook_s6_14.asm   
               S6_16_DATA   0x00121c    program     static ../qscc_hook_s6_14.asm   
              S6_16_VALID   0x00122a    program     static ../qscc_hook_s6_14.asm   
               S6_17_DATA   0x001240    program     static ../qscc_hook_s6_14.asm   
           S6_1_CONFIGURE   0x000b80    program     static ../lumos_main.asm        
                S6_1_DATA   0x000b5e    program     static ../lumos_main.asm        
             S6_1_VALID_1   0x000b6c    program     static ../lumos_main.asm        
             S6_1_VALID_2   0x000b72    program     static ../lumos_main.asm        
                S6_2_DATA   0x000bd4    program     static ../lumos_main.asm        
            S6_2_SET_BAUD   0x000bf6    program     static ../lumos_main.asm        
              S6_2_VALID1   0x000be2    program     static ../lumos_main.asm        
              S6_2_VALID2   0x000be8    program     static ../lumos_main.asm        
                S6_3_DATA   0x000c38    program     static ../lumos_main.asm        
                S6_3_HALT   0x000c64    program     static ../lumos_main.asm        
               S6_3_RESET   0x000c4c    program     static ../lumos_main.asm        
               S6_3_VALID   0x000c46    program     static ../lumos_main.asm        
                S6_4_DATA   0x000c66    program     static ../lumos_main.asm        
           S6_4_SET_PHASE   0x000c7a    program     static ../lumos_main.asm        
               S6_4_VALID   0x000c74    program     static ../lumos_main.asm        
                S6_5_ADDR   0x000d00    program     static ../lumos_main.asm        
                S6_5_DATA   0x000cec    program     static ../lumos_main.asm        
               S6_5_VALID   0x000cfa    program     static ../lumos_main.asm        
                S6_6_DATA   0x000d52    program     static ../lumos_main.asm        
               S6_6_SLEEP   0x000d66    program     static ../lumos_main.asm        
               S6_6_VALID   0x000d60    program     static ../lumos_main.asm        
                S6_7_DATA   0x000d7c    program     static ../lumos_main.asm        
               S6_7_VALID   0x000d8a    program     static ../lumos_main.asm        
                S6_7_WAKE   0x000d90    program     static ../lumos_main.asm        
                S6_8_DATA   0x000da6    program     static ../lumos_main.asm        
            S6_8_SHUTDOWN   0x000dba    program     static ../lumos_main.asm        
               S6_8_VALID   0x000db4    program     static ../lumos_main.asm        
                   S6_8_X   0x000d9e    program     static ../lumos_main.asm        
                S6_9_DATA   0x000dca    program     static ../lumos_main.asm        
               S6_9_QUERY   0x000dde    program     static ../lumos_main.asm        
               S6_9_VALID   0x000dd8    program     static ../lumos_main.asm        
                  S6_DATA   0x000af0    program     static ../lumos_main.asm        
          S6_KEEP_LOOKING   0x00124a    program     static ../lumos_main.asm        
               S6_RESTART   0x001248    program     static ../lumos_main.asm        
                  S7_DATA   0x001262    program     static ../lumos_main.asm        
              S8B_CHK_7E1   0x000e10    program     static ../lumos_main.asm        
             S8B_CHK_7E10   0x0010e2    program     static ../lumos_main.asm        
             S8B_CHK_7E11   0x001120    program     static ../lumos_main.asm        
             S8B_CHK_7E12   0x0015ca    program     static ../qscc_hook_s17.asm     
             S8B_CHK_7E13   0x001608    program     static ../qscc_hook_s17.asm     
             S8B_CHK_7E14   0x001646    program     static ../qscc_hook_s17.asm     
             S8B_CHK_7E15   0x001684    program     static ../qscc_hook_s17.asm     
             S8B_CHK_7E16   0x0016c2    program     static ../qscc_hook_s17.asm     
             S8B_CHK_7E17   0x001700    program     static ../qscc_hook_s17.asm     
             S8B_CHK_7E18   0x00173e    program     static ../qscc_hook_s17.asm     
             S8B_CHK_7E19   0x00177c    program     static ../qscc_hook_s17.asm     
              S8B_CHK_7E2   0x000e4c    program     static ../lumos_main.asm        
             S8B_CHK_7E20   0x0017ba    program     static ../qscc_hook_s17.asm     
             S8B_CHK_7E21   0x0017f8    program     static ../qscc_hook_s17.asm     
             S8B_CHK_7E22   0x001836    program     static ../qscc_hook_s17.asm     
             S8B_CHK_7E23   0x001874    program     static ../qscc_hook_s17.asm     
             S8B_CHK_7E24   0x0018b2    program     static ../qscc_hook_s17.asm     
             S8B_CHK_7E25   0x0018f0    program     static ../qscc_hook_s17.asm     
             S8B_CHK_7E26   0x00192e    program     static ../qscc_hook_s17.asm     
             S8B_CHK_7E27   0x00196c    program     static ../qscc_hook_s17.asm     
             S8B_CHK_7E28   0x0019aa    program     static ../qscc_hook_s17.asm     
             S8B_CHK_7E29   0x0019e8    program     static ../qscc_hook_s17.asm     
              S8B_CHK_7E3   0x000e88    program     static ../lumos_main.asm        
             S8B_CHK_7E30   0x001a26    program     static ../qscc_hook_s17.asm     
             S8B_CHK_7E31   0x001a64    program     static ../qscc_hook_s17.asm     
             S8B_CHK_7E32   0x001aa2    program     static ../qscc_hook_s17.asm     
             S8B_CHK_7E33   0x001ae0    program     static ../qscc_hook_s17.asm     
             S8B_CHK_7E34   0x001b1e    program     static ../qscc_hook_s17.asm     
             S8B_CHK_7E35   0x001b5c    program     static ../qscc_hook_s17.asm     
             S8B_CHK_7E36   0x001b9a    program     static ../qscc_hook_s17.asm     
             S8B_CHK_7E37   0x001bd8    program     static ../qscc_hook_s17.asm     
             S8B_CHK_7E38   0x001c16    program     static ../qscc_hook_s17.asm     
             S8B_CHK_7E39   0x001c54    program     static ../qscc_hook_s17.asm     
              S8B_CHK_7E4   0x000ec4    program     static ../lumos_main.asm        
             S8B_CHK_7E40   0x001c92    program     static ../qscc_hook_s17.asm     
             S8B_CHK_7E41   0x001cd0    program     static ../qscc_hook_s17.asm     
             S8B_CHK_7E42   0x001d0e    program     static ../qscc_hook_s17.asm     
             S8B_CHK_7E43   0x001d4c    program     static ../qscc_hook_s17.asm     
             S8B_CHK_7E44   0x001d8a    program     static ../qscc_hook_s17.asm     
             S8B_CHK_7E45   0x001dc8    program     static ../qscc_hook_s17.asm     
             S8B_CHK_7E46   0x001e06    program     static ../qscc_hook_s17.asm     
             S8B_CHK_7E47   0x001e44    program     static ../qscc_hook_s17.asm     
             S8B_CHK_7E48   0x001e82    program     static ../qscc_hook_s17.asm     
             S8B_CHK_7E49   0x001ec0    program     static ../qscc_hook_s17.asm     
              S8B_CHK_7E5   0x000f08    program     static ../lumos_main.asm        
             S8B_CHK_7E50   0x001efe    program     static ../qscc_hook_s17.asm     
             S8B_CHK_7E51   0x001f3c    program     static ../qscc_hook_s17.asm     
              S8B_CHK_7E6   0x000f50    program     static ../lumos_main.asm        
              S8B_CHK_7E7   0x000f8e    program     static ../lumos_main.asm        
              S8B_CHK_7E8   0x000fe2    program     static ../lumos_main.asm        
              S8B_CHK_7E9   0x001086    program     static ../lumos_main.asm        
             S8B_CHK_MSB1   0x000e24    program     static ../lumos_main.asm        
            S8B_CHK_MSB10   0x0010f6    program     static ../lumos_main.asm        
            S8B_CHK_MSB11   0x001134    program     static ../lumos_main.asm        
            S8B_CHK_MSB12   0x0015de    program     static ../qscc_hook_s17.asm     
            S8B_CHK_MSB13   0x00161c    program     static ../qscc_hook_s17.asm     
            S8B_CHK_MSB14   0x00165a    program     static ../qscc_hook_s17.asm     
            S8B_CHK_MSB15   0x001698    program     static ../qscc_hook_s17.asm     
            S8B_CHK_MSB16   0x0016d6    program     static ../qscc_hook_s17.asm     
            S8B_CHK_MSB17   0x001714    program     static ../qscc_hook_s17.asm     
            S8B_CHK_MSB18   0x001752    program     static ../qscc_hook_s17.asm     
            S8B_CHK_MSB19   0x001790    program     static ../qscc_hook_s17.asm     
             S8B_CHK_MSB2   0x000e60    program     static ../lumos_main.asm        
            S8B_CHK_MSB20   0x0017ce    program     static ../qscc_hook_s17.asm     
            S8B_CHK_MSB21   0x00180c    program     static ../qscc_hook_s17.asm     
            S8B_CHK_MSB22   0x00184a    program     static ../qscc_hook_s17.asm     
            S8B_CHK_MSB23   0x001888    program     static ../qscc_hook_s17.asm     
            S8B_CHK_MSB24   0x0018c6    program     static ../qscc_hook_s17.asm     
            S8B_CHK_MSB25   0x001904    program     static ../qscc_hook_s17.asm     
            S8B_CHK_MSB26   0x001942    program     static ../qscc_hook_s17.asm     
            S8B_CHK_MSB27   0x001980    program     static ../qscc_hook_s17.asm     
            S8B_CHK_MSB28   0x0019be    program     static ../qscc_hook_s17.asm     
            S8B_CHK_MSB29   0x0019fc    program     static ../qscc_hook_s17.asm     
             S8B_CHK_MSB3   0x000e9c    program     static ../lumos_main.asm        
            S8B_CHK_MSB30   0x001a3a    program     static ../qscc_hook_s17.asm     
            S8B_CHK_MSB31   0x001a78    program     static ../qscc_hook_s17.asm     
            S8B_CHK_MSB32   0x001ab6    program     static ../qscc_hook_s17.asm     
            S8B_CHK_MSB33   0x001af4    program     static ../qscc_hook_s17.asm     
            S8B_CHK_MSB34   0x001b32    program     static ../qscc_hook_s17.asm     
            S8B_CHK_MSB35   0x001b70    program     static ../qscc_hook_s17.asm     
            S8B_CHK_MSB36   0x001bae    program     static ../qscc_hook_s17.asm     
            S8B_CHK_MSB37   0x001bec    program     static ../qscc_hook_s17.asm     
            S8B_CHK_MSB38   0x001c2a    program     static ../qscc_hook_s17.asm     
            S8B_CHK_MSB39   0x001c68    program     static ../qscc_hook_s17.asm     
             S8B_CHK_MSB4   0x000ed8    program     static ../lumos_main.asm        
            S8B_CHK_MSB40   0x001ca6    program     static ../qscc_hook_s17.asm     
            S8B_CHK_MSB41   0x001ce4    program     static ../qscc_hook_s17.asm     
            S8B_CHK_MSB42   0x001d22    program     static ../qscc_hook_s17.asm     
            S8B_CHK_MSB43   0x001d60    program     static ../qscc_hook_s17.asm     
            S8B_CHK_MSB44   0x001d9e    program     static ../qscc_hook_s17.asm     
            S8B_CHK_MSB45   0x001ddc    program     static ../qscc_hook_s17.asm     
            S8B_CHK_MSB46   0x001e1a    program     static ../qscc_hook_s17.asm     
            S8B_CHK_MSB47   0x001e58    program     static ../qscc_hook_s17.asm     
            S8B_CHK_MSB48   0x001e96    program     static ../qscc_hook_s17.asm     
            S8B_CHK_MSB49   0x001ed4    program     static ../qscc_hook_s17.asm     
             S8B_CHK_MSB5   0x000f1c    program     static ../lumos_main.asm        
            S8B_CHK_MSB50   0x001f12    program     static ../qscc_hook_s17.asm     
            S8B_CHK_MSB51   0x001f50    program     static ../qscc_hook_s17.asm     
             S8B_CHK_MSB6   0x000f64    program     static ../lumos_main.asm        
             S8B_CHK_MSB7   0x000fa2    program     static ../lumos_main.asm        
             S8B_CHK_MSB8   0x000ff6    program     static ../lumos_main.asm        
             S8B_CHK_MSB9   0x00109a    program     static ../lumos_main.asm        
                 S8B_END1   0x000e36    program     static ../lumos_main.asm        
                S8B_END10   0x001108    program     static ../lumos_main.asm        
                S8B_END11   0x001146    program     static ../lumos_main.asm        
                S8B_END12   0x0015f0    program     static ../qscc_hook_s17.asm     
                S8B_END13   0x00162e    program     static ../qscc_hook_s17.asm     
                S8B_END14   0x00166c    program     static ../qscc_hook_s17.asm     
                S8B_END15   0x0016aa    program     static ../qscc_hook_s17.asm     
                S8B_END16   0x0016e8    program     static ../qscc_hook_s17.asm     
                S8B_END17   0x001726    program     static ../qscc_hook_s17.asm     
                S8B_END18   0x001764    program     static ../qscc_hook_s17.asm     
                S8B_END19   0x0017a2    program     static ../qscc_hook_s17.asm     
                 S8B_END2   0x000e72    program     static ../lumos_main.asm        
                S8B_END20   0x0017e0    program     static ../qscc_hook_s17.asm     
                S8B_END21   0x00181e    program     static ../qscc_hook_s17.asm     
                S8B_END22   0x00185c    program     static ../qscc_hook_s17.asm     
                S8B_END23   0x00189a    program     static ../qscc_hook_s17.asm     
                S8B_END24   0x0018d8    program     static ../qscc_hook_s17.asm     
                S8B_END25   0x001916    program     static ../qscc_hook_s17.asm     
                S8B_END26   0x001954    program     static ../qscc_hook_s17.asm     
                S8B_END27   0x001992    program     static ../qscc_hook_s17.asm     
                S8B_END28   0x0019d0    program     static ../qscc_hook_s17.asm     
                S8B_END29   0x001a0e    program     static ../qscc_hook_s17.asm     
                 S8B_END3   0x000eae    program     static ../lumos_main.asm        
                S8B_END30   0x001a4c    program     static ../qscc_hook_s17.asm     
                S8B_END31   0x001a8a    program     static ../qscc_hook_s17.asm     
                S8B_END32   0x001ac8    program     static ../qscc_hook_s17.asm     
                S8B_END33   0x001b06    program     static ../qscc_hook_s17.asm     
                S8B_END34   0x001b44    program     static ../qscc_hook_s17.asm     
                S8B_END35   0x001b82    program     static ../qscc_hook_s17.asm     
                S8B_END36   0x001bc0    program     static ../qscc_hook_s17.asm     
                S8B_END37   0x001bfe    program     static ../qscc_hook_s17.asm     
                S8B_END38   0x001c3c    program     static ../qscc_hook_s17.asm     
                S8B_END39   0x001c7a    program     static ../qscc_hook_s17.asm     
                 S8B_END4   0x000eea    program     static ../lumos_main.asm        
                S8B_END40   0x001cb8    program     static ../qscc_hook_s17.asm     
                S8B_END41   0x001cf6    program     static ../qscc_hook_s17.asm     
                S8B_END42   0x001d34    program     static ../qscc_hook_s17.asm     
                S8B_END43   0x001d72    program     static ../qscc_hook_s17.asm     
                S8B_END44   0x001db0    program     static ../qscc_hook_s17.asm     
                S8B_END45   0x001dee    program     static ../qscc_hook_s17.asm     
                S8B_END46   0x001e2c    program     static ../qscc_hook_s17.asm     
                S8B_END47   0x001e6a    program     static ../qscc_hook_s17.asm     
                S8B_END48   0x001ea8    program     static ../qscc_hook_s17.asm     
                S8B_END49   0x001ee6    program     static ../qscc_hook_s17.asm     
                 S8B_END5   0x000f2e    program     static ../lumos_main.asm        
                S8B_END50   0x001f24    program     static ../qscc_hook_s17.asm     
                S8B_END51   0x001f62    program     static ../qscc_hook_s17.asm     
                 S8B_END6   0x000f76    program     static ../lumos_main.asm        
                 S8B_END7   0x000fb4    program     static ../lumos_main.asm        
                 S8B_END8   0x001008    program     static ../lumos_main.asm        
                 S8B_END9   0x0010ac    program     static ../lumos_main.asm        
         S8B_SEND_NORMAL1   0x000e30    program     static ../lumos_main.asm        
        S8B_SEND_NORMAL10   0x001102    program     static ../lumos_main.asm        
        S8B_SEND_NORMAL11   0x001140    program     static ../lumos_main.asm        
        S8B_SEND_NORMAL12   0x0015ea    program     static ../qscc_hook_s17.asm     
        S8B_SEND_NORMAL13   0x001628    program     static ../qscc_hook_s17.asm     
        S8B_SEND_NORMAL14   0x001666    program     static ../qscc_hook_s17.asm     
        S8B_SEND_NORMAL15   0x0016a4    program     static ../qscc_hook_s17.asm     
        S8B_SEND_NORMAL16   0x0016e2    program     static ../qscc_hook_s17.asm     
        S8B_SEND_NORMAL17   0x001720    program     static ../qscc_hook_s17.asm     
        S8B_SEND_NORMAL18   0x00175e    program     static ../qscc_hook_s17.asm     
        S8B_SEND_NORMAL19   0x00179c    program     static ../qscc_hook_s17.asm     
         S8B_SEND_NORMAL2   0x000e6c    program     static ../lumos_main.asm        
        S8B_SEND_NORMAL20   0x0017da    program     static ../qscc_hook_s17.asm     
        S8B_SEND_NORMAL21   0x001818    program     static ../qscc_hook_s17.asm     
        S8B_SEND_NORMAL22   0x001856    program     static ../qscc_hook_s17.asm     
        S8B_SEND_NORMAL23   0x001894    program     static ../qscc_hook_s17.asm     
        S8B_SEND_NORMAL24   0x0018d2    program     static ../qscc_hook_s17.asm     
        S8B_SEND_NORMAL25   0x001910    program     static ../qscc_hook_s17.asm     
        S8B_SEND_NORMAL26   0x00194e    program     static ../qscc_hook_s17.asm     
        S8B_SEND_NORMAL27   0x00198c    program     static ../qscc_hook_s17.asm     
        S8B_SEND_NORMAL28   0x0019ca    program     static ../qscc_hook_s17.asm     
        S8B_SEND_NORMAL29   0x001a08    program     static ../qscc_hook_s17.asm     
         S8B_SEND_NORMAL3   0x000ea8    program     static ../lumos_main.asm        
        S8B_SEND_NORMAL30   0x001a46    program     static ../qscc_hook_s17.asm     
        S8B_SEND_NORMAL31   0x001a84    program     static ../qscc_hook_s17.asm     
        S8B_SEND_NORMAL32   0x001ac2    program     static ../qscc_hook_s17.asm     
        S8B_SEND_NORMAL33   0x001b00    program     static ../qscc_hook_s17.asm     
        S8B_SEND_NORMAL34   0x001b3e    program     static ../qscc_hook_s17.asm     
        S8B_SEND_NORMAL35   0x001b7c    program     static ../qscc_hook_s17.asm     
        S8B_SEND_NORMAL36   0x001bba    program     static ../qscc_hook_s17.asm     
        S8B_SEND_NORMAL37   0x001bf8    program     static ../qscc_hook_s17.asm     
        S8B_SEND_NORMAL38   0x001c36    program     static ../qscc_hook_s17.asm     
        S8B_SEND_NORMAL39   0x001c74    program     static ../qscc_hook_s17.asm     
         S8B_SEND_NORMAL4   0x000ee4    program     static ../lumos_main.asm        
        S8B_SEND_NORMAL40   0x001cb2    program     static ../qscc_hook_s17.asm     
        S8B_SEND_NORMAL41   0x001cf0    program     static ../qscc_hook_s17.asm     
        S8B_SEND_NORMAL42   0x001d2e    program     static ../qscc_hook_s17.asm     
        S8B_SEND_NORMAL43   0x001d6c    program     static ../qscc_hook_s17.asm     
        S8B_SEND_NORMAL44   0x001daa    program     static ../qscc_hook_s17.asm     
        S8B_SEND_NORMAL45   0x001de8    program     static ../qscc_hook_s17.asm     
        S8B_SEND_NORMAL46   0x001e26    program     static ../qscc_hook_s17.asm     
        S8B_SEND_NORMAL47   0x001e64    program     static ../qscc_hook_s17.asm     
        S8B_SEND_NORMAL48   0x001ea2    program     static ../qscc_hook_s17.asm     
        S8B_SEND_NORMAL49   0x001ee0    program     static ../qscc_hook_s17.asm     
         S8B_SEND_NORMAL5   0x000f28    program     static ../lumos_main.asm        
        S8B_SEND_NORMAL50   0x001f1e    program     static ../qscc_hook_s17.asm     
        S8B_SEND_NORMAL51   0x001f5c    program     static ../qscc_hook_s17.asm     
         S8B_SEND_NORMAL6   0x000f70    program     static ../lumos_main.asm        
         S8B_SEND_NORMAL7   0x000fae    program     static ../lumos_main.asm        
         S8B_SEND_NORMAL8   0x001002    program     static ../lumos_main.asm        
         S8B_SEND_NORMAL9   0x0010a6    program     static ../lumos_main.asm        
                  S8_DATA   0x00126e    program     static ../lumos_main.asm        
    S8_PASS_DOWN_RAMP_LVL   0x0012a8    program     static ../lumos_main.asm        
               S9_CF_ADDR   0x00147c    program     static ../lumos_main.asm        
              S9_CF_PHASE   0x001464    program     static ../lumos_main.asm        
                  S9_DATA   0x0012b0    program     static ../lumos_main.asm        
           S9_DO_PRIV_CMD   0x0013ca    program     static ../lumos_main.asm        
          S9_INTERNAL_CMD   0x0013ba    program     static ../lumos_main.asm        
                S9_PRIV_0   0x0013d8    program     static ../lumos_main.asm        
               S9_PRIV_0X   0x0013da    program     static ../lumos_main.asm        
                S9_PRIV_1   0x0013de    program     static ../lumos_main.asm        
                S9_PRIV_2   0x0013f6    program     static ../lumos_main.asm        
                S9_PRIV_3   0x00140e    program     static ../lumos_main.asm        
                S9_PRIV_4   0x001426    program     static ../lumos_main.asm        
                S9_PRIV_5   0x001430    program     static ../lumos_main.asm        
                S9_PRIV_6   0x001448    program     static ../lumos_main.asm        
       S9_PRIV_6_QS_PARAM   0x001448    program     static ../qscc_hook_s9_priv_6.asm
                S9_PRIV_7   0x001460    program     static ../qscc_hook_s9_priv_6.asm
              S9_PRIV_CMD   0x0013be    program     static ../lumos_main.asm        
              S9_X0_SLEEP   0x0012c0    program     static ../lumos_main.asm        
               S9_X1_WAKE   0x0012d4    program     static ../lumos_main.asm        
           S9_X2_SHUTDOWN   0x0012ec    program     static ../lumos_main.asm        
              S9_X3_QUERY   0x001304    program     static ../lumos_main.asm        
            S9_X4_DEF_SEQ   0x00131c    program     static ../lumos_main.asm        
           S9_X5_EXEC_SEQ   0x001326    program     static ../lumos_main.asm        
           S9_X6_DEF_SENS   0x001330    program     static ../lumos_main.asm        
           S9_X7_MSK_SENS   0x001348    program     static ../lumos_main.asm        
            S9_X8_CLR_SEQ   0x001352    program     static ../lumos_main.asm        
              S9_X9_XPRIV   0x00136a    program     static ../lumos_main.asm        
        S9_XA_ERR_COMMAND   0x001372    program     static ../lumos_main.asm        
           S9_XA_QS_QUERY   0x001372    program     static ../qscc_hook_s9_xa.asm   
           S9_XB_BTN_MASK   0x00137c    program     static ../qscc_hook_s9_xa.asm   
          S9_XC_DISP_TEXT   0x001386    program     static ../qscc_hook_s9_xa.asm   
        S9_XD_DISP_BITMAP   0x00139e    program     static ../qscc_hook_s9_xa.asm   
        S9_XE_ERR_COMMAND   0x0013b6    program     static ../qscc_hook_s9_xa.asm   
          SCAN_DEBOUNCERS   0x015196    program     static ../quizshow_main.asm     
            SCN_DB_DONE_0   0x015348    program     static ../quizshow_main.asm     
            SCN_DB_DONE_1   0x015510    program     static ../quizshow_main.asm     
            SCN_DB_DONE_2   0x01572c    program     static ../quizshow_main.asm     
            SCN_DB_DONE_3   0x0158f4    program     static ../quizshow_main.asm     
            SCN_DB_DONE_4   0x015b10    program     static ../quizshow_main.asm     
            SCN_DB_DONE_5   0x015cd8    program     static ../quizshow_main.asm     
            SCN_DB_DONE_6   0x015ef4    program     static ../quizshow_main.asm     
            SCN_DB_DONE_7   0x0160bc    program     static ../quizshow_main.asm     
            SCN_DB_DONE_8   0x0162d8    program     static ../quizshow_main.asm     
            SCN_DB_DONE_9   0x0164a0    program     static ../quizshow_main.asm     
            SCN_DB_DOWN_0   0x015262    program     static ../quizshow_main.asm     
            SCN_DB_DOWN_1   0x01547e    program     static ../quizshow_main.asm     
            SCN_DB_DOWN_2   0x015646    program     static ../quizshow_main.asm     
            SCN_DB_DOWN_3   0x015862    program     static ../quizshow_main.asm     
            SCN_DB_DOWN_4   0x015a2a    program     static ../quizshow_main.asm     
            SCN_DB_DOWN_5   0x015c46    program     static ../quizshow_main.asm     
            SCN_DB_DOWN_6   0x015e0e    program     static ../quizshow_main.asm     
            SCN_DB_DOWN_7   0x01602a    program     static ../quizshow_main.asm     
            SCN_DB_DOWN_8   0x0161f2    program     static ../quizshow_main.asm     
            SCN_DB_DOWN_9   0x01640e    program     static ../quizshow_main.asm     
           SCN_DB_DRAIN_0   0x0151a6    program     static ../quizshow_main.asm     
           SCN_DB_DRAIN_1   0x015416    program     static ../quizshow_main.asm     
           SCN_DB_DRAIN_2   0x01558a    program     static ../quizshow_main.asm     
           SCN_DB_DRAIN_3   0x0157fa    program     static ../quizshow_main.asm     
           SCN_DB_DRAIN_4   0x01596e    program     static ../quizshow_main.asm     
           SCN_DB_DRAIN_5   0x015bde    program     static ../quizshow_main.asm     
           SCN_DB_DRAIN_6   0x015d52    program     static ../quizshow_main.asm     
           SCN_DB_DRAIN_7   0x015fc2    program     static ../quizshow_main.asm     
           SCN_DB_DRAIN_8   0x016136    program     static ../quizshow_main.asm     
           SCN_DB_DRAIN_9   0x0163a6    program     static ../quizshow_main.asm     
             SCN_DB_END_0   0x015406    program     static ../quizshow_main.asm     
             SCN_DB_END_1   0x01557a    program     static ../quizshow_main.asm     
             SCN_DB_END_2   0x0157ea    program     static ../quizshow_main.asm     
             SCN_DB_END_3   0x01595e    program     static ../quizshow_main.asm     
             SCN_DB_END_4   0x015bce    program     static ../quizshow_main.asm     
             SCN_DB_END_5   0x015d42    program     static ../quizshow_main.asm     
             SCN_DB_END_6   0x015fb2    program     static ../quizshow_main.asm     
             SCN_DB_END_7   0x016126    program     static ../quizshow_main.asm     
             SCN_DB_END_8   0x016396    program     static ../quizshow_main.asm     
             SCN_DB_END_9   0x01650a    program     static ../quizshow_main.asm     
         SCN_DB_RST_LCK_0   0x0151aa    program     static ../quizshow_main.asm     
         SCN_DB_RST_LCK_1   0x01541a    program     static ../quizshow_main.asm     
         SCN_DB_RST_LCK_2   0x01558e    program     static ../quizshow_main.asm     
         SCN_DB_RST_LCK_3   0x0157fe    program     static ../quizshow_main.asm     
         SCN_DB_RST_LCK_4   0x015972    program     static ../quizshow_main.asm     
         SCN_DB_RST_LCK_5   0x015be2    program     static ../quizshow_main.asm     
         SCN_DB_RST_LCK_6   0x015d56    program     static ../quizshow_main.asm     
         SCN_DB_RST_LCK_7   0x015fc6    program     static ../quizshow_main.asm     
         SCN_DB_RST_LCK_8   0x01613a    program     static ../quizshow_main.asm     
         SCN_DB_RST_LCK_9   0x0163aa    program     static ../quizshow_main.asm     
    SET_ALL_BUTTON_LIGHTS   0x01658a    program     static ../quizshow_main.asm     
                 SIO_ECHO   0x0003d2    program     extern ../serial-io.asm         
               SIO_ECHO_W   0x0003ce    program     extern ../serial-io.asm         
          SIO_FLUSH_INPUT   0x000384    program     extern ../serial-io.asm         
           SIO_FLUSH_IN_1   0x000390    program     static ../serial-io.asm         
         SIO_FLUSH_OUTPUT   0x00039e    program     extern ../serial-io.asm         
          SIO_FLUSH_OUT_1   0x0003aa    program     static ../serial-io.asm         
              SIO_GETCHAR   0x00048c    program     extern ../serial-io.asm         
            SIO_GETCHAR_W   0x000486    program     extern ../serial-io.asm         
                 SIO_INIT   0x000340    program     extern ../serial-io.asm         
              SIO_NEWLINE   0x000450    program     extern ../serial-io.asm         
            SIO_PRINT_HEX   0x00049a    program     extern ../serial-io.asm         
          SIO_PRINT_HEX_W   0x000496    program     extern ../serial-io.asm         
              SIO_PUTCHAR   0x00040e    program     extern ../serial-io.asm         
            SIO_PUTCHAR_W   0x000412    program     extern ../serial-io.asm         
                 SIO_READ   0x000462    program     extern ../serial-io.asm         
               SIO_READ_W   0x00045c    program     extern ../serial-io.asm         
                 SIO_RECV   0x000588    program     extern ../serial-io.asm         
                 SIO_SEND   0x000554    program     extern ../serial-io.asm         
           SIO_SET_BAUD_W   0x0003b8    program     extern ../serial-io.asm         
                SIO_WRITE   0x000424    program     extern ../serial-io.asm         
              SIO_WRITE_W   0x000428    program     extern ../serial-io.asm         
       SPIN_FOR_BUF_DRAIN   0x000418    program     static ../serial-io.asm         
         SSR_OUTPUT_VALUE   0x001ff6    program     static ../lumos_main.asm        
                    START   0x000104    program     static ../lumos_main.asm        
                  SYS_SNH   0x016ff0    program     static ../lumos_main.asm        
                  SYS_SNL   0x016ff1    program     static ../lumos_main.asm        
                  S_FLASH   0x000100    program     static ../lumos_main.asm        
              TEST_MODE_1   0x00087a    program     static ../lumos_main.asm        
         TEST_MODE_BYPASS   0x00082e    program     static ../lumos_main.asm        
         TEST_NOT_PRESSED   0x000866    program     static ../lumos_main.asm        
                TEST_NP_1   0x00087a    program     static ../lumos_main.asm        
                TEST_NP_2   0x00087a    program     static ../lumos_main.asm        
               TRY_DOWN_0   0x0020e4    program     static ../lumos_main.asm        
               TRY_DOWN_1   0x00212a    program     static ../lumos_main.asm        
              TRY_DOWN_10   0x0023a0    program     static ../lumos_main.asm        
              TRY_DOWN_11   0x0023e6    program     static ../lumos_main.asm        
              TRY_DOWN_12   0x00242c    program     static ../lumos_main.asm        
              TRY_DOWN_13   0x002472    program     static ../lumos_main.asm        
              TRY_DOWN_14   0x0024b8    program     static ../lumos_main.asm        
              TRY_DOWN_15   0x0024fe    program     static ../lumos_main.asm        
              TRY_DOWN_16   0x002544    program     static ../lumos_main.asm        
              TRY_DOWN_17   0x00258a    program     static ../lumos_main.asm        
              TRY_DOWN_18   0x0025d0    program     static ../lumos_main.asm        
              TRY_DOWN_19   0x002616    program     static ../lumos_main.asm        
               TRY_DOWN_2   0x002170    program     static ../lumos_main.asm        
               TRY_DOWN_3   0x0021b6    program     static ../lumos_main.asm        
               TRY_DOWN_4   0x0021fc    program     static ../lumos_main.asm        
               TRY_DOWN_5   0x002242    program     static ../lumos_main.asm        
               TRY_DOWN_6   0x002288    program     static ../lumos_main.asm        
               TRY_DOWN_7   0x0022ce    program     static ../lumos_main.asm        
               TRY_DOWN_8   0x002314    program     static ../lumos_main.asm        
               TRY_DOWN_9   0x00235a    program     static ../lumos_main.asm        
             TR_OFF_DELAY   0x002676    program     static ../lumos_main.asm        
              TR_ON_DELAY   0x00266c    program     static ../lumos_main.asm        
                  TR_ON_L   0x00266e    program     static ../lumos_main.asm        
                  TX_DONE   0x00057e    program     static ../serial-io.asm         
                    TX_OK   0x000560    program     static ../serial-io.asm         
     UPDATE_MINIMUM_LEVEL   0x0020b8    program     static ../lumos_main.asm        
      UPDATE_MIN_DIMMED_0   0x0020c4    program     static ../lumos_main.asm        
      UPDATE_MIN_DIMMED_1   0x00210a    program     static ../lumos_main.asm        
     UPDATE_MIN_DIMMED_10   0x002380    program     static ../lumos_main.asm        
     UPDATE_MIN_DIMMED_11   0x0023c6    program     static ../lumos_main.asm        
     UPDATE_MIN_DIMMED_12   0x00240c    program     static ../lumos_main.asm        
     UPDATE_MIN_DIMMED_13   0x002452    program     static ../lumos_main.asm        
     UPDATE_MIN_DIMMED_14   0x002498    program     static ../lumos_main.asm        
     UPDATE_MIN_DIMMED_15   0x0024de    program     static ../lumos_main.asm        
     UPDATE_MIN_DIMMED_16   0x002524    program     static ../lumos_main.asm        
     UPDATE_MIN_DIMMED_17   0x00256a    program     static ../lumos_main.asm        
     UPDATE_MIN_DIMMED_18   0x0025b0    program     static ../lumos_main.asm        
     UPDATE_MIN_DIMMED_19   0x0025f6    program     static ../lumos_main.asm        
      UPDATE_MIN_DIMMED_2   0x002150    program     static ../lumos_main.asm        
      UPDATE_MIN_DIMMED_3   0x002196    program     static ../lumos_main.asm        
      UPDATE_MIN_DIMMED_4   0x0021dc    program     static ../lumos_main.asm        
      UPDATE_MIN_DIMMED_5   0x002222    program     static ../lumos_main.asm        
      UPDATE_MIN_DIMMED_6   0x002268    program     static ../lumos_main.asm        
      UPDATE_MIN_DIMMED_7   0x0022ae    program     static ../lumos_main.asm        
      UPDATE_MIN_DIMMED_8   0x0022f4    program     static ../lumos_main.asm        
      UPDATE_MIN_DIMMED_9   0x00233a    program     static ../lumos_main.asm        
        UPDATE_MIN_SKIP_0   0x0020c6    program     static ../lumos_main.asm        
        UPDATE_MIN_SKIP_1   0x00210c    program     static ../lumos_main.asm        
       UPDATE_MIN_SKIP_10   0x002382    program     static ../lumos_main.asm        
       UPDATE_MIN_SKIP_11   0x0023c8    program     static ../lumos_main.asm        
       UPDATE_MIN_SKIP_12   0x00240e    program     static ../lumos_main.asm        
       UPDATE_MIN_SKIP_13   0x002454    program     static ../lumos_main.asm        
       UPDATE_MIN_SKIP_14   0x00249a    program     static ../lumos_main.asm        
       UPDATE_MIN_SKIP_15   0x0024e0    program     static ../lumos_main.asm        
       UPDATE_MIN_SKIP_16   0x002526    program     static ../lumos_main.asm        
       UPDATE_MIN_SKIP_17   0x00256c    program     static ../lumos_main.asm        
       UPDATE_MIN_SKIP_18   0x0025b2    program     static ../lumos_main.asm        
       UPDATE_MIN_SKIP_19   0x0025f8    program     static ../lumos_main.asm        
        UPDATE_MIN_SKIP_2   0x002152    program     static ../lumos_main.asm        
        UPDATE_MIN_SKIP_3   0x002198    program     static ../lumos_main.asm        
        UPDATE_MIN_SKIP_4   0x0021de    program     static ../lumos_main.asm        
        UPDATE_MIN_SKIP_5   0x002224    program     static ../lumos_main.asm        
        UPDATE_MIN_SKIP_6   0x00226a    program     static ../lumos_main.asm        
        UPDATE_MIN_SKIP_7   0x0022b0    program     static ../lumos_main.asm        
        UPDATE_MIN_SKIP_8   0x0022f6    program     static ../lumos_main.asm        
        UPDATE_MIN_SKIP_9   0x00233c    program     static ../lumos_main.asm        
       UPDATE_SSR_OUTPUTS   0x002032    program     static ../lumos_main.asm        
        UPDATE_SSR_SKIP_0   0x002042    program     static ../lumos_main.asm        
        UPDATE_SSR_SKIP_1   0x002048    program     static ../lumos_main.asm        
       UPDATE_SSR_SKIP_10   0x00207e    program     static ../lumos_main.asm        
       UPDATE_SSR_SKIP_11   0x002084    program     static ../lumos_main.asm        
       UPDATE_SSR_SKIP_12   0x00208a    program     static ../lumos_main.asm        
       UPDATE_SSR_SKIP_13   0x002090    program     static ../lumos_main.asm        
       UPDATE_SSR_SKIP_14   0x002096    program     static ../lumos_main.asm        
       UPDATE_SSR_SKIP_15   0x00209c    program     static ../lumos_main.asm        
       UPDATE_SSR_SKIP_16   0x0020a2    program     static ../lumos_main.asm        
       UPDATE_SSR_SKIP_17   0x0020a8    program     static ../lumos_main.asm        
       UPDATE_SSR_SKIP_18   0x0020ae    program     static ../lumos_main.asm        
       UPDATE_SSR_SKIP_19   0x0020b4    program     static ../lumos_main.asm        
        UPDATE_SSR_SKIP_2   0x00204e    program     static ../lumos_main.asm        
        UPDATE_SSR_SKIP_3   0x002054    program     static ../lumos_main.asm        
        UPDATE_SSR_SKIP_4   0x00205a    program     static ../lumos_main.asm        
        UPDATE_SSR_SKIP_5   0x002060    program     static ../lumos_main.asm        
        UPDATE_SSR_SKIP_6   0x002066    program     static ../lumos_main.asm        
        UPDATE_SSR_SKIP_7   0x00206c    program     static ../lumos_main.asm        
        UPDATE_SSR_SKIP_8   0x002072    program     static ../lumos_main.asm        
        UPDATE_SSR_SKIP_9   0x002078    program     static ../lumos_main.asm        
       WRITE_EEPROM_LOOP0   0x0002fc    program     static ../lumos_main.asm        
       WRITE_EEPROM_LOOP1   0x000ba6    program     static ../lumos_main.asm        
       WRITE_EEPROM_LOOP2   0x000bbe    program     static ../lumos_main.asm        
       WRITE_EEPROM_LOOP3   0x000c1c    program     static ../lumos_main.asm        
       WRITE_EEPROM_LOOP4   0x000cb6    program     static ../lumos_main.asm        
       WRITE_EEPROM_LOOP5   0x000cd6    program     static ../lumos_main.asm        
       WRITE_EEPROM_LOOP6   0x000d3c    program     static ../lumos_main.asm        
                 WRITE_OK   0x00043c    program     static ../serial-io.asm         
             XLATE_SSR_ID   0x00201e    program     static ../lumos_main.asm        
            AUTO_OFF_CTRH   0x00001c       data     static ../lumos_main.asm        
            AUTO_OFF_CTRL   0x00001d       data     static ../lumos_main.asm        
             B32__BCD_ASC   0x000312       data     extern ../serial-io.asm         
                 B32__BIN   0x000317       data     extern ../serial-io.asm         
                 B32__BIT   0x00030c       data     static ../serial-io.asm         
               B32__FSR0H   0x00030e       data     static ../serial-io.asm         
               B32__FSR0L   0x00030f       data     static ../serial-io.asm         
               B32__FSR1H   0x000310       data     static ../serial-io.asm         
               B32__FSR1L   0x000311       data     static ../serial-io.asm         
              B32__OUTCTR   0x00030d       data     static ../serial-io.asm         
           BTN_X0_DEB_TMR   0x000c3c       data     static ../quizshow_main.asm     
             BTN_X0_FLAGS   0x000c28       data     extern ../quizshow_main.asm     
           BTN_X0_LOCKTMR   0x000c32       data     static ../quizshow_main.asm     
            BTN_X0_TIME_H   0x000c14       data     extern ../quizshow_main.asm     
            BTN_X0_TIME_L   0x000c1e       data     extern ../quizshow_main.asm     
            BTN_X0_TIME_T   0x000c00       data     extern ../quizshow_main.asm     
            BTN_X0_TIME_U   0x000c0a       data     extern ../quizshow_main.asm     
                  CUR_PRE   0x000015       data     static ../lumos_main.asm        
                 CUR_PREH   0x000014       data     static ../lumos_main.asm        
                CUR_SLICE   0x000016       data     static ../lumos_main.asm        
                DMX_SLOTH   0x000008       data     static ../lumos_main.asm        
                DMX_SLOTL   0x000009       data     static ../lumos_main.asm        
           EIGHTBITSIOBUF   0x00001e       data     static ../lumos_main.asm        
               FSR1H_SAVE   0x00030a       data     static ../serial-io.asm         
               FSR1L_SAVE   0x00030b       data     static ../serial-io.asm         
                        I   0x00001f       data     static ../lumos_main.asm        
             ISR_TMPL_BSR   0x000001       data     static ../lumos_main.asm        
          ISR_TMPL_STATUS   0x000000       data     static ../lumos_main.asm        
            ISR_TMPL_WREG   0x000002       data     static ../lumos_main.asm        
                        J   0x000020       data     static ../lumos_main.asm        
                        K   0x000021       data     static ../lumos_main.asm        
                       KK   0x000022       data     static ../lumos_main.asm        
               LAST_ERROR   0x000013       data     static ../lumos_main.asm        
               MY_ADDRESS   0x000003       data     static ../lumos_main.asm        
          OPTION_DEBOUNCE   0x000018       data     static ../lumos_main.asm        
              OPTION_HOLD   0x000019       data     static ../lumos_main.asm        
            PHASE_OFFSETH   0x000004       data     static ../lumos_main.asm        
            PHASE_OFFSETL   0x000005       data     static ../lumos_main.asm        
             QS_BTN_TMR_T   0x000024       data     extern ../qscc_hook_access_bank.inc
             QS_BTN_TMR_U   0x000025       data     extern ../qscc_hook_access_bank.inc
           QUIZSHOW_FLAGS   0x000026       data     extern ../qscc_hook_access_bank.inc
           QUIZSHOW_LCKTM   0x000c46       data     extern ../quizshow_main.asm     
                RX_BUFFER   0x000200       data     static ../serial-io.asm         
               RX_BUF_END   0x000306       data     static ../serial-io.asm         
             RX_BUF_START   0x000305       data     static ../serial-io.asm         
                SIO_INPUT   0x000301       data     extern ../serial-io.asm         
               SIO_OUTPUT   0x000302       data     extern ../serial-io.asm         
               SIO_STATUS   0x000300       data     extern ../serial-io.asm         
                SIO_TMPPC   0x000309       data     static ../serial-io.asm         
                    SIO_X   0x000308       data     static ../serial-io.asm         
           SSR_00_COUNTER   0x000450       data     extern ../lumos_main.asm        
             SSR_00_FLAGS   0x000414       data     extern ../lumos_main.asm        
             SSR_00_SPEED   0x00043c       data     extern ../lumos_main.asm        
              SSR_00_STEP   0x000428       data     extern ../lumos_main.asm        
             SSR_00_VALUE   0x000400       data     extern ../lumos_main.asm        
                SSR_STATE   0x000006       data     extern ../lumos_main.asm        
               SSR_STATE2   0x000007       data     static ../lumos_main.asm        
               TARGET_SSR   0x000017       data     static ../lumos_main.asm        
               TEST_CYCLE   0x00001a       data     static ../lumos_main.asm        
                 TEST_SSR   0x00001b       data     static ../lumos_main.asm        
                     TR_I   0x000023       data     static ../lumos_main.asm        
                TX_BUFFER   0x000100       data     static ../serial-io.asm         
               TX_BUF_END   0x000304       data     static ../serial-io.asm         
             TX_BUF_START   0x000303       data     static ../serial-io.asm         
                  TX_CHAR   0x000307       data     static ../serial-io.asm         
                YY_BUFFER   0x000500       data     static ../lumos_main.asm        
               YY_BUF_IDX   0x000010       data     static ../lumos_main.asm        
             YY_CMD_FLAGS   0x00000c       data     static ../lumos_main.asm        
               YY_COMMAND   0x00000b       data     static ../lumos_main.asm        
                  YY_DATA   0x00000d       data     static ../lumos_main.asm        
         YY_LOOKAHEAD_MAX   0x00000e       data     static ../lumos_main.asm        
              YY_LOOK_FOR   0x00000f       data     static ../lumos_main.asm        
            YY_NEXT_STATE   0x000011       data     static ../lumos_main.asm        
                 YY_STATE   0x00000a       data     static ../lumos_main.asm        
                    YY_YY   0x000012       data     static ../lumos_main.asm        



                              Symbols - Sorted by Address
                     Name    Address   Location    Storage File                     
                ---------  ---------  ---------  --------- ---------                
                QSCC_INIT   0x00000e    program     extern ../quizshow_init.asm     
               LUMOS_INIT   0x00001e    program     extern ../lumos_init.asm        
                  S_FLASH   0x000100    program     static ../lumos_main.asm        
                  D_FLASH   0x000102    program     static ../lumos_main.asm        
                    START   0x000104    program     static ../lumos_main.asm        
FACTORY_RESET_JUMPER_CHECK   0x00027c    program     static ../lumos_main.asm        
                FRJC_LOOP   0x0002aa    program     static ../lumos_main.asm        
                 END_FRJC   0x0002bc    program     static ../lumos_main.asm        
            FACTORY_RESET   0x0002c6    program     static ../lumos_main.asm        
       FACTORY_RESET_LOOP   0x0002ea    program     static ../lumos_main.asm        
       WRITE_EEPROM_LOOP0   0x0002fc    program     static ../lumos_main.asm        
      FACTORY_RESET_FLASH   0x00031e    program     static ../lumos_main.asm        
           DELAY_1_12_SEC   0x000320    program     static ../lumos_main.asm        
            DELAY_1_6_SEC   0x000328    program     static ../lumos_main.asm        
                 D_1_6_KK   0x00032e    program     static ../lumos_main.asm        
                  D_1_6_J   0x000330    program     static ../lumos_main.asm        
                  D_1_6_K   0x000332    program     static ../lumos_main.asm        
                 SIO_INIT   0x000340    program     extern ../serial-io.asm         
              CLR_NEXT_TX   0x000356    program     static ../serial-io.asm         
              CLR_NEXT_RX   0x000364    program     static ../serial-io.asm         
          SIO_FLUSH_INPUT   0x000384    program     extern ../serial-io.asm         
           SIO_FLUSH_IN_1   0x000390    program     static ../serial-io.asm         
         SIO_FLUSH_OUTPUT   0x00039e    program     extern ../serial-io.asm         
          SIO_FLUSH_OUT_1   0x0003aa    program     static ../serial-io.asm         
           SIO_SET_BAUD_W   0x0003b8    program     extern ../serial-io.asm         
               SIO_ECHO_W   0x0003ce    program     extern ../serial-io.asm         
                 SIO_ECHO   0x0003d2    program     extern ../serial-io.asm         
               ECHO_7BITS   0x0003e4    program     static ../serial-io.asm         
          ECHO_NOT_DELETE   0x0003f2    program     static ../serial-io.asm         
          ECHO_NOT_ESCAPE   0x0003fc    program     static ../serial-io.asm         
               ECHO_PLAIN   0x000408    program     static ../serial-io.asm         
              SIO_PUTCHAR   0x00040e    program     extern ../serial-io.asm         
            SIO_PUTCHAR_W   0x000412    program     extern ../serial-io.asm         
       SPIN_FOR_BUF_DRAIN   0x000418    program     static ../serial-io.asm         
                SIO_WRITE   0x000424    program     extern ../serial-io.asm         
              SIO_WRITE_W   0x000428    program     extern ../serial-io.asm         
                 WRITE_OK   0x00043c    program     static ../serial-io.asm         
              SIO_NEWLINE   0x000450    program     extern ../serial-io.asm         
               SIO_READ_W   0x00045c    program     extern ../serial-io.asm         
                 SIO_READ   0x000462    program     extern ../serial-io.asm         
                  READ_OK   0x00046e    program     static ../serial-io.asm         
                READ_DONE   0x000484    program     static ../serial-io.asm         
            SIO_GETCHAR_W   0x000486    program     extern ../serial-io.asm         
              SIO_GETCHAR   0x00048c    program     extern ../serial-io.asm         
                  GC_SPIN   0x00048e    program     static ../serial-io.asm         
          SIO_PRINT_HEX_W   0x000496    program     extern ../serial-io.asm         
            SIO_PRINT_HEX   0x00049a    program     extern ../serial-io.asm         
             B32__BIN2BCD   0x0004b8    program     extern ../serial-io.asm         
           B32__B2BCD_BIT   0x0004d2    program     static ../serial-io.asm         
          B32__B2BCD_LOOP   0x0004da    program     static ../serial-io.asm         
           B32__BCD2ASCII   0x00050e    program     extern ../serial-io.asm         
          B32__BCD2A_LOOP   0x00052e    program     static ../serial-io.asm         
                 SIO_SEND   0x000554    program     extern ../serial-io.asm         
                    TX_OK   0x000560    program     static ../serial-io.asm         
                  TX_DONE   0x00057e    program     static ../serial-io.asm         
                 SIO_RECV   0x000588    program     extern ../serial-io.asm         
                    RX_OK   0x0005a4    program     static ../serial-io.asm         
              ERR_FRAMING   0x0005c6    program     static ../serial-io.asm         
              ERR_OVERRUN   0x0005ca    program     static ../serial-io.asm         
                  INT_LOW   0x0005d2    program     static ../lumos_main.asm        
                   INT_TX   0x0005dc    program     static ../lumos_main.asm        
                   INT_RX   0x0005e6    program     static ../lumos_main.asm        
               INT_TX_END   0x0005e6    program     static ../lumos_main.asm        
               INT_RX_END   0x0005f0    program     static ../lumos_main.asm        
                 INT_HIGH   0x0005fc    program     static ../lumos_main.asm        
                   INT_ZC   0x0005fc    program     static ../lumos_main.asm        
               INT_ZC_END   0x000618    program     static ../lumos_main.asm        
                 INT_TMR2   0x000618    program     static ../lumos_main.asm        
            INT_TMR2_NEXT   0x00062e    program     static ../lumos_main.asm        
            INT_TMR2_DONE   0x000632    program     static ../lumos_main.asm        
             INT_TMR2_END   0x000634    program     static ../lumos_main.asm        
            QSCC_INT_TMR1   0x000634    program     static ../qscc_hook_isr.asm     
             QSCC_INT_END   0x00063e    program     static ../qscc_hook_isr.asm     
             INT_TMR2_MSB   0x000640    program     static ../lumos_main.asm        
                     MAIN   0x000800    program     static ../lumos_main.asm        
                  NOT_DMX   0x00080e    program     static ../lumos_main.asm        
                BAD_BREAK   0x000812    program     static ../lumos_main.asm        
         TEST_MODE_BYPASS   0x00082e    program     static ../lumos_main.asm        
          END_SERIAL_READ   0x000832    program     static ../lumos_main.asm        
[...]
         SCN_DB_RST_LCK_1   0x01541a    program     static ../quizshow_main.asm     
        LLIM_NOT_LOCKED_3   0x015450    program     static ../quizshow_main.asm     
               LLIM_OFF_3   0x01546c    program     static ../quizshow_main.asm     
               LLIM_END_3   0x01547a    program     static ../quizshow_main.asm     
            SCN_DB_DOWN_1   0x01547e    program     static ../quizshow_main.asm     
        LLIM_NOT_LOCKED_4   0x0154e4    program     static ../quizshow_main.asm     
               LLIM_OFF_4   0x015500    program     static ../quizshow_main.asm     
               LLIM_END_4   0x01550e    program     static ../quizshow_main.asm     
            SCN_DB_DONE_1   0x015510    program     static ../quizshow_main.asm     
        LLIM_NOT_LOCKED_5   0x01554e    program     static ../quizshow_main.asm     
               LLIM_OFF_5   0x01556a    program     static ../quizshow_main.asm     
               LLIM_END_5   0x015578    program     static ../quizshow_main.asm     
             SCN_DB_END_1   0x01557a    program     static ../quizshow_main.asm     
           SCN_DB_DRAIN_2   0x01558a    program     static ../quizshow_main.asm     
         SCN_DB_RST_LCK_2   0x01558e    program     static ../quizshow_main.asm     
        LLIM_NOT_LOCKED_6   0x0155e0    program     static ../quizshow_main.asm     
               LLIM_OFF_6   0x015618    program     static ../quizshow_main.asm     
               LLIM_END_6   0x015642    program     static ../quizshow_main.asm     
            SCN_DB_DOWN_2   0x015646    program     static ../quizshow_main.asm     
        LLIM_NOT_LOCKED_7   0x0156c8    program     static ../quizshow_main.asm     
               LLIM_OFF_7   0x015700    program     static ../quizshow_main.asm     
               LLIM_END_7   0x01572a    program     static ../quizshow_main.asm     
            SCN_DB_DONE_2   0x01572c    program     static ../quizshow_main.asm     
        LLIM_NOT_LOCKED_8   0x015786    program     static ../quizshow_main.asm     
               LLIM_OFF_8   0x0157be    program     static ../quizshow_main.asm     
               LLIM_END_8   0x0157e8    program     static ../quizshow_main.asm     
             SCN_DB_END_2   0x0157ea    program     static ../quizshow_main.asm     
           SCN_DB_DRAIN_3   0x0157fa    program     static ../quizshow_main.asm     
         SCN_DB_RST_LCK_3   0x0157fe    program     static ../quizshow_main.asm     
        LLIM_NOT_LOCKED_9   0x015834    program     static ../quizshow_main.asm     
               LLIM_OFF_9   0x015850    program     static ../quizshow_main.asm     
               LLIM_END_9   0x01585e    program     static ../quizshow_main.asm     
            SCN_DB_DOWN_3   0x015862    program     static ../quizshow_main.asm     
       LLIM_NOT_LOCKED_10   0x0158c8    program     static ../quizshow_main.asm     
              LLIM_OFF_10   0x0158e4    program     static ../quizshow_main.asm     
              LLIM_END_10   0x0158f2    program     static ../quizshow_main.asm     
            SCN_DB_DONE_3   0x0158f4    program     static ../quizshow_main.asm     
       LLIM_NOT_LOCKED_11   0x015932    program     static ../quizshow_main.asm     
              LLIM_OFF_11   0x01594e    program     static ../quizshow_main.asm     
              LLIM_END_11   0x01595c    program     static ../quizshow_main.asm     
             SCN_DB_END_3   0x01595e    program     static ../quizshow_main.asm     
           SCN_DB_DRAIN_4   0x01596e    program     static ../quizshow_main.asm     
         SCN_DB_RST_LCK_4   0x015972    program     static ../quizshow_main.asm     
       LLIM_NOT_LOCKED_12   0x0159c4    program     static ../quizshow_main.asm     
              LLIM_OFF_12   0x0159fc    program     static ../quizshow_main.asm     
              LLIM_END_12   0x015a26    program     static ../quizshow_main.asm     
            SCN_DB_DOWN_4   0x015a2a    program     static ../quizshow_main.asm     
       LLIM_NOT_LOCKED_13   0x015aac    program     static ../quizshow_main.asm     
              LLIM_OFF_13   0x015ae4    program     static ../quizshow_main.asm     
              LLIM_END_13   0x015b0e    program     static ../quizshow_main.asm     
            SCN_DB_DONE_4   0x015b10    program     static ../quizshow_main.asm     
       LLIM_NOT_LOCKED_14   0x015b6a    program     static ../quizshow_main.asm     
              LLIM_OFF_14   0x015ba2    program     static ../quizshow_main.asm     
              LLIM_END_14   0x015bcc    program     static ../quizshow_main.asm     
             SCN_DB_END_4   0x015bce    program     static ../quizshow_main.asm     
           SCN_DB_DRAIN_5   0x015bde    program     static ../quizshow_main.asm     
         SCN_DB_RST_LCK_5   0x015be2    program     static ../quizshow_main.asm     
       LLIM_NOT_LOCKED_15   0x015c18    program     static ../quizshow_main.asm     
              LLIM_OFF_15   0x015c34    program     static ../quizshow_main.asm     
              LLIM_END_15   0x015c42    program     static ../quizshow_main.asm     
            SCN_DB_DOWN_5   0x015c46    program     static ../quizshow_main.asm     
       LLIM_NOT_LOCKED_16   0x015cac    program     static ../quizshow_main.asm     
              LLIM_OFF_16   0x015cc8    program     static ../quizshow_main.asm     
              LLIM_END_16   0x015cd6    program     static ../quizshow_main.asm     
            SCN_DB_DONE_5   0x015cd8    program     static ../quizshow_main.asm     
       LLIM_NOT_LOCKED_17   0x015d16    program     static ../quizshow_main.asm     
              LLIM_OFF_17   0x015d32    program     static ../quizshow_main.asm     
              LLIM_END_17   0x015d40    program     static ../quizshow_main.asm     
             SCN_DB_END_5   0x015d42    program     static ../quizshow_main.asm     
           SCN_DB_DRAIN_6   0x015d52    program     static ../quizshow_main.asm     
         SCN_DB_RST_LCK_6   0x015d56    program     static ../quizshow_main.asm     
       LLIM_NOT_LOCKED_18   0x015da8    program     static ../quizshow_main.asm     
              LLIM_OFF_18   0x015de0    program     static ../quizshow_main.asm     
              LLIM_END_18   0x015e0a    program     static ../quizshow_main.asm     
            SCN_DB_DOWN_6   0x015e0e    program     static ../quizshow_main.asm     
       LLIM_NOT_LOCKED_19   0x015e90    program     static ../quizshow_main.asm     
              LLIM_OFF_19   0x015ec8    program     static ../quizshow_main.asm     
              LLIM_END_19   0x015ef2    program     static ../quizshow_main.asm     
            SCN_DB_DONE_6   0x015ef4    program     static ../quizshow_main.asm     
       LLIM_NOT_LOCKED_20   0x015f4e    program     static ../quizshow_main.asm     
              LLIM_OFF_20   0x015f86    program     static ../quizshow_main.asm     
              LLIM_END_20   0x015fb0    program     static ../quizshow_main.asm     
             SCN_DB_END_6   0x015fb2    program     static ../quizshow_main.asm     
           SCN_DB_DRAIN_7   0x015fc2    program     static ../quizshow_main.asm     
         SCN_DB_RST_LCK_7   0x015fc6    program     static ../quizshow_main.asm     
       LLIM_NOT_LOCKED_21   0x015ffc    program     static ../quizshow_main.asm     
              LLIM_OFF_21   0x016018    program     static ../quizshow_main.asm     
              LLIM_END_21   0x016026    program     static ../quizshow_main.asm     
            SCN_DB_DOWN_7   0x01602a    program     static ../quizshow_main.asm     
       LLIM_NOT_LOCKED_22   0x016090    program     static ../quizshow_main.asm     
              LLIM_OFF_22   0x0160ac    program     static ../quizshow_main.asm     
              LLIM_END_22   0x0160ba    program     static ../quizshow_main.asm     
            SCN_DB_DONE_7   0x0160bc    program     static ../quizshow_main.asm     
       LLIM_NOT_LOCKED_23   0x0160fa    program     static ../quizshow_main.asm     
              LLIM_OFF_23   0x016116    program     static ../quizshow_main.asm     
              LLIM_END_23   0x016124    program     static ../quizshow_main.asm     
             SCN_DB_END_7   0x016126    program     static ../quizshow_main.asm     
           SCN_DB_DRAIN_8   0x016136    program     static ../quizshow_main.asm     
         SCN_DB_RST_LCK_8   0x01613a    program     static ../quizshow_main.asm     
       LLIM_NOT_LOCKED_24   0x01618c    program     static ../quizshow_main.asm     
              LLIM_OFF_24   0x0161c4    program     static ../quizshow_main.asm     
              LLIM_END_24   0x0161ee    program     static ../quizshow_main.asm     
            SCN_DB_DOWN_8   0x0161f2    program     static ../quizshow_main.asm     
       LLIM_NOT_LOCKED_25   0x016274    program     static ../quizshow_main.asm     
              LLIM_OFF_25   0x0162ac    program     static ../quizshow_main.asm     
              LLIM_END_25   0x0162d6    program     static ../quizshow_main.asm     
            SCN_DB_DONE_8   0x0162d8    program     static ../quizshow_main.asm     
       LLIM_NOT_LOCKED_26   0x016332    program     static ../quizshow_main.asm     
              LLIM_OFF_26   0x01636a    program     static ../quizshow_main.asm     
              LLIM_END_26   0x016394    program     static ../quizshow_main.asm     
             SCN_DB_END_8   0x016396    program     static ../quizshow_main.asm     
           SCN_DB_DRAIN_9   0x0163a6    program     static ../quizshow_main.asm     
         SCN_DB_RST_LCK_9   0x0163aa    program     static ../quizshow_main.asm     
       LLIM_NOT_LOCKED_27   0x0163e0    program     static ../quizshow_main.asm     
              LLIM_OFF_27   0x0163fc    program     static ../quizshow_main.asm     
              LLIM_END_27   0x01640a    program     static ../quizshow_main.asm     
            SCN_DB_DOWN_9   0x01640e    program     static ../quizshow_main.asm     
       LLIM_NOT_LOCKED_28   0x016474    program     static ../quizshow_main.asm     
              LLIM_OFF_28   0x016490    program     static ../quizshow_main.asm     
              LLIM_END_28   0x01649e    program     static ../quizshow_main.asm     
            SCN_DB_DONE_9   0x0164a0    program     static ../quizshow_main.asm     
       LLIM_NOT_LOCKED_29   0x0164de    program     static ../quizshow_main.asm     
              LLIM_OFF_29   0x0164fa    program     static ../quizshow_main.asm     
              LLIM_END_29   0x016508    program     static ../quizshow_main.asm     
             SCN_DB_END_9   0x01650a    program     static ../quizshow_main.asm     
          QSCC_CMD5_START   0x01650e    program     extern ../quizshow_main.asm     
    SET_ALL_BUTTON_LIGHTS   0x01658a    program     static ../quizshow_main.asm     
       LLIM_NOT_LOCKED_30   0x0165da    program     static ../quizshow_main.asm     
              LLIM_OFF_30   0x016612    program     static ../quizshow_main.asm     
              LLIM_END_30   0x01663c    program     static ../quizshow_main.asm     
       LLIM_NOT_LOCKED_31   0x01666e    program     static ../quizshow_main.asm     
              LLIM_OFF_31   0x01668a    program     static ../quizshow_main.asm     
              LLIM_END_31   0x016698    program     static ../quizshow_main.asm     
       LLIM_NOT_LOCKED_32   0x0166e6    program     static ../quizshow_main.asm     
              LLIM_OFF_32   0x01671e    program     static ../quizshow_main.asm     
              LLIM_END_32   0x016748    program     static ../quizshow_main.asm     
       LLIM_NOT_LOCKED_33   0x01677a    program     static ../quizshow_main.asm     
              LLIM_OFF_33   0x016796    program     static ../quizshow_main.asm     
              LLIM_END_33   0x0167a4    program     static ../quizshow_main.asm     
       LLIM_NOT_LOCKED_34   0x0167f2    program     static ../quizshow_main.asm     
              LLIM_OFF_34   0x01682a    program     static ../quizshow_main.asm     
              LLIM_END_34   0x016854    program     static ../quizshow_main.asm     
       LLIM_NOT_LOCKED_35   0x016886    program     static ../quizshow_main.asm     
              LLIM_OFF_35   0x0168a2    program     static ../quizshow_main.asm     
              LLIM_END_35   0x0168b0    program     static ../quizshow_main.asm     
       LLIM_NOT_LOCKED_36   0x0168fe    program     static ../quizshow_main.asm     
              LLIM_OFF_36   0x016936    program     static ../quizshow_main.asm     
              LLIM_END_36   0x016960    program     static ../quizshow_main.asm     
       LLIM_NOT_LOCKED_37   0x016992    program     static ../quizshow_main.asm     
              LLIM_OFF_37   0x0169ae    program     static ../quizshow_main.asm     
              LLIM_END_37   0x0169bc    program     static ../quizshow_main.asm     
       LLIM_NOT_LOCKED_38   0x016a0a    program     static ../quizshow_main.asm     
              LLIM_OFF_38   0x016a42    program     static ../quizshow_main.asm     
              LLIM_END_38   0x016a6c    program     static ../quizshow_main.asm     
       LLIM_NOT_LOCKED_39   0x016a9e    program     static ../quizshow_main.asm     
              LLIM_OFF_39   0x016aba    program     static ../quizshow_main.asm     
              LLIM_END_39   0x016ac8    program     static ../quizshow_main.asm     
          QS_STOP_SCANNER   0x016acc    program     extern ../quizshow_main.asm     
                  SYS_SNH   0x016ff0    program     static ../lumos_main.asm        
                  SYS_SNL   0x016ff1    program     static ../lumos_main.asm        
          ISR_TMPL_STATUS   0x000000       data     static ../lumos_main.asm        
             ISR_TMPL_BSR   0x000001       data     static ../lumos_main.asm        
            ISR_TMPL_WREG   0x000002       data     static ../lumos_main.asm        
               MY_ADDRESS   0x000003       data     static ../lumos_main.asm        
            PHASE_OFFSETH   0x000004       data     static ../lumos_main.asm        
            PHASE_OFFSETL   0x000005       data     static ../lumos_main.asm        
                SSR_STATE   0x000006       data     extern ../lumos_main.asm        
               SSR_STATE2   0x000007       data     static ../lumos_main.asm        
                DMX_SLOTH   0x000008       data     static ../lumos_main.asm        
                DMX_SLOTL   0x000009       data     static ../lumos_main.asm        
                 YY_STATE   0x00000a       data     static ../lumos_main.asm        
               YY_COMMAND   0x00000b       data     static ../lumos_main.asm        
             YY_CMD_FLAGS   0x00000c       data     static ../lumos_main.asm        
                  YY_DATA   0x00000d       data     static ../lumos_main.asm        
         YY_LOOKAHEAD_MAX   0x00000e       data     static ../lumos_main.asm        
              YY_LOOK_FOR   0x00000f       data     static ../lumos_main.asm        
               YY_BUF_IDX   0x000010       data     static ../lumos_main.asm        
            YY_NEXT_STATE   0x000011       data     static ../lumos_main.asm        
                    YY_YY   0x000012       data     static ../lumos_main.asm        
               LAST_ERROR   0x000013       data     static ../lumos_main.asm        
                 CUR_PREH   0x000014       data     static ../lumos_main.asm        
                  CUR_PRE   0x000015       data     static ../lumos_main.asm        
                CUR_SLICE   0x000016       data     static ../lumos_main.asm        
               TARGET_SSR   0x000017       data     static ../lumos_main.asm        
          OPTION_DEBOUNCE   0x000018       data     static ../lumos_main.asm        
              OPTION_HOLD   0x000019       data     static ../lumos_main.asm        
               TEST_CYCLE   0x00001a       data     static ../lumos_main.asm        
                 TEST_SSR   0x00001b       data     static ../lumos_main.asm        
            AUTO_OFF_CTRH   0x00001c       data     static ../lumos_main.asm        
            AUTO_OFF_CTRL   0x00001d       data     static ../lumos_main.asm        
           EIGHTBITSIOBUF   0x00001e       data     static ../lumos_main.asm        
                        I   0x00001f       data     static ../lumos_main.asm        
                        J   0x000020       data     static ../lumos_main.asm        
                        K   0x000021       data     static ../lumos_main.asm        
                       KK   0x000022       data     static ../lumos_main.asm        
                     TR_I   0x000023       data     static ../lumos_main.asm        
             QS_BTN_TMR_T   0x000024       data     extern ../qscc_hook_access_bank.inc
             QS_BTN_TMR_U   0x000025       data     extern ../qscc_hook_access_bank.inc
           QUIZSHOW_FLAGS   0x000026       data     extern ../qscc_hook_access_bank.inc
                TX_BUFFER   0x000100       data     static ../serial-io.asm         
                RX_BUFFER   0x000200       data     static ../serial-io.asm         
               SIO_STATUS   0x000300       data     extern ../serial-io.asm         
                SIO_INPUT   0x000301       data     extern ../serial-io.asm         
               SIO_OUTPUT   0x000302       data     extern ../serial-io.asm         
             TX_BUF_START   0x000303       data     static ../serial-io.asm         
               TX_BUF_END   0x000304       data     static ../serial-io.asm         
             RX_BUF_START   0x000305       data     static ../serial-io.asm         
               RX_BUF_END   0x000306       data     static ../serial-io.asm         
                  TX_CHAR   0x000307       data     static ../serial-io.asm         
                    SIO_X   0x000308       data     static ../serial-io.asm         
                SIO_TMPPC   0x000309       data     static ../serial-io.asm         
               FSR1H_SAVE   0x00030a       data     static ../serial-io.asm         
               FSR1L_SAVE   0x00030b       data     static ../serial-io.asm         
                 B32__BIT   0x00030c       data     static ../serial-io.asm         
              B32__OUTCTR   0x00030d       data     static ../serial-io.asm         
               B32__FSR0H   0x00030e       data     static ../serial-io.asm         
               B32__FSR0L   0x00030f       data     static ../serial-io.asm         
               B32__FSR1H   0x000310       data     static ../serial-io.asm         
               B32__FSR1L   0x000311       data     static ../serial-io.asm         
             B32__BCD_ASC   0x000312       data     extern ../serial-io.asm         
                 B32__BIN   0x000317       data     extern ../serial-io.asm         
             SSR_00_VALUE   0x000400       data     extern ../lumos_main.asm        
             SSR_00_FLAGS   0x000414       data     extern ../lumos_main.asm        
              SSR_00_STEP   0x000428       data     extern ../lumos_main.asm        
             SSR_00_SPEED   0x00043c       data     extern ../lumos_main.asm        
           SSR_00_COUNTER   0x000450       data     extern ../lumos_main.asm        
                YY_BUFFER   0x000500       data     static ../lumos_main.asm        
            BTN_X0_TIME_T   0x000c00       data     extern ../quizshow_main.asm     
            BTN_X0_TIME_U   0x000c0a       data     extern ../quizshow_main.asm     
            BTN_X0_TIME_H   0x000c14       data     extern ../quizshow_main.asm     
            BTN_X0_TIME_L   0x000c1e       data     extern ../quizshow_main.asm     
             BTN_X0_FLAGS   0x000c28       data     extern ../quizshow_main.asm     
           BTN_X0_LOCKTMR   0x000c32       data     static ../quizshow_main.asm     
           BTN_X0_DEB_TMR   0x000c3c       data     static ../quizshow_main.asm     
           QUIZSHOW_LCKTM   0x000c46       data     extern ../quizshow_main.asm     


